The following modules were not unloaded:
  (Use "module --force purge" to unload all):

  1) CCconfig        6)  ucx/1.14.1         11) flexiblas/3.3.1
  2) gentoo/2023     7)  libfabric/1.18.0   12) aocl-blas/5.1
  3) gcccore/.12.3   8)  pmix/4.2.4         13) aocl-lapack/5.1
  4) gcc/12.3        9)  ucc/1.2.0          14) StdEnv/2023
  5) hwloc/2.9.1     10) openmpi/4.1.5
Resolved 168 packages in 1.88s
Downloading nibabel (3.1MiB)
 Downloaded nibabel
Prepared 21 packages in 6.67s
warning: Failed to hardlink files; falling back to full copy. This may lead to degraded performance.
         If the cache and target directories are on different filesystems, hardlinking may not be supported.
         If this is intentional, set `export UV_LINK_MODE=copy` or use `--link-mode=copy` to suppress this warning.
Installed 21 packages in 5.39s
 + asyncio-atexit==1.0.1
 + deprecated==1.3.1
 + googleapis-common-protos==1.73.1
 + importlib-metadata==8.7.1
 + importlib-resources==6.5.2
 + nibabel==5.4.2
 + opentelemetry-api==1.40.0
 + opentelemetry-exporter-otlp-proto-common==1.40.0
 + opentelemetry-exporter-otlp-proto-http==1.40.0
 + opentelemetry-instrumentation==0.61b0
 + opentelemetry-instrumentation-httpx==0.61b0
 + opentelemetry-instrumentation-requests==0.61b0
 + opentelemetry-instrumentation-threading==0.61b0
 + opentelemetry-instrumentation-urllib==0.61b0
 + opentelemetry-proto==1.40.0
 + opentelemetry-sdk==1.40.0
 + opentelemetry-semantic-conventions==0.61b0
 + opentelemetry-util-http==0.61b0
 + synapseclient==4.11.0
 + wrapt==1.17.3
 + zipp==3.23.0
Traceback (most recent call last):
  File "/scratch/jsiu/OpenMedImgDataVal/src/main.py", line 143, in <module>
    main()
  File "/scratch/jsiu/OpenMedImgDataVal/src/main.py", line 59, in main
    _run_mri_segmentation(args)
  File "/scratch/jsiu/OpenMedImgDataVal/src/main.py", line 139, in _run_mri_segmentation
    run_pipeline(args, compute_shapley_values, "Shapley", _LazyMethodParams(args))
  File "/scratch/jsiu/OpenMedImgDataVal/src/mri_seg/pipeline.py", line 209, in run_pipeline
    _run_pipeline_inner(args, compute_values_fn, method_name, method_lower, method_params_report)
  File "/scratch/jsiu/OpenMedImgDataVal/src/mri_seg/pipeline.py", line 234, in _run_pipeline_inner
    raw_dir = download_dataset()
              ^^^^^^^^^^^^^^^^^^
  File "/scratch/jsiu/OpenMedImgDataVal/src/mri_seg/data.py", line 38, in download_dataset
    syn.login()
  File "/scratch/jsiu/OpenMedImgDataVal/.venv/lib/python3.11/site-packages/synapseclient/client.py", line 1001, in login
    raise SynapseNoCredentialsError(
synapseclient.core.exceptions.SynapseNoCredentialsError: No valid authentication credentials provided.
Tried profile: 'default', email: 'N/A'.
Check your `.synapseConfig` or ensure the provided auth token is valid.
