The following modules were not unloaded:
  (Use "module --force purge" to unload all):

  1) CCconfig        6)  ucx/1.14.1         11) flexiblas/3.3.1
  2) gentoo/2023     7)  libfabric/1.18.0   12) aocl-blas/5.1
  3) gcccore/.12.3   8)  pmix/4.2.4         13) aocl-lapack/5.1
  4) gcc/12.3        9)  ucc/1.2.0          14) StdEnv/2023
  5) hwloc/2.9.1     10) openmpi/4.1.5
Resolved 169 packages in 928ms
Checked 164 packages in 203ms
Traceback (most recent call last):
  File "/scratch/jsiu/OpenMedImgDataVal/src/main.py", line 143, in <module>
    main()
  File "/scratch/jsiu/OpenMedImgDataVal/src/main.py", line 59, in main
    _run_mri_segmentation(args)
  File "/scratch/jsiu/OpenMedImgDataVal/src/main.py", line 134, in _run_mri_segmentation
    run_pipeline(args, compute_ot_values, "OT", _LazyMethodParams(args))
  File "/scratch/jsiu/OpenMedImgDataVal/src/mri_seg/pipeline.py", line 209, in run_pipeline
    _run_pipeline_inner(args, compute_values_fn, method_name, method_lower, method_params_report)
  File "/scratch/jsiu/OpenMedImgDataVal/src/mri_seg/pipeline.py", line 239, in _run_pipeline_inner
    split_dirs = slice_volumes(training_dir, sliced_dir, seed=args.seed)
                 ^^^^^^^^^^^^^^^^^^^^^^^^^^^^^^^^^^^^^^^^^^^^^^^^^^^^^^^
  File "/scratch/jsiu/OpenMedImgDataVal/src/mri_seg/data.py", line 140, in slice_volumes
    train_cases, test_cases = train_test_split(case_dirs, test_size=0.10, random_state=seed)
                              ^^^^^^^^^^^^^^^^^^^^^^^^^^^^^^^^^^^^^^^^^^^^^^^^^^^^^^^^^^^^^^
  File "/scratch/jsiu/OpenMedImgDataVal/.venv/lib/python3.11/site-packages/sklearn/utils/_param_validation.py", line 218, in wrapper
    return func(*args, **kwargs)
           ^^^^^^^^^^^^^^^^^^^^^
  File "/scratch/jsiu/OpenMedImgDataVal/.venv/lib/python3.11/site-packages/sklearn/model_selection/_split.py", line 2924, in train_test_split
    n_train, n_test = _validate_shuffle_split(
                      ^^^^^^^^^^^^^^^^^^^^^^^^
  File "/scratch/jsiu/OpenMedImgDataVal/.venv/lib/python3.11/site-packages/sklearn/model_selection/_split.py", line 2504, in _validate_shuffle_split
    raise ValueError(
ValueError: With n_samples=1, test_size=0.1 and train_size=None, the resulting train set will be empty. Adjust any of the aforementioned parameters.
