=== Job 31037983 started on fc11001 at Fri Apr  3 09:34:08 PM PDT 2026 ===
Python: Python 3.11.5
PyTorch: 2.9.1+cu128
CUDA available: False
GPU: N/A

============================================================
OpenMedImgDataVal Pipeline
============================================================
  Modality : mri
  Task     : seg
  DV Method: ot
  Output   : /scratch/jsiu/OpenMedImgDataVal/src/outputs/mri/seg/ot
============================================================
Device: cpu
Segmentation: Binary (tumor vs background)
DV labels: 3 tumor types (NCR, ED, ET)

============================================================
SECTION 1: DATA DOWNLOAD & PREPROCESSING
============================================================
BraTS 2023 data already exists at src/data/brats2023
Training data directory: src/data/brats2023/Data
Found 1 cases
