=== Job 31037961 started on fc10918 at Fri Apr  3 09:34:09 PM PDT 2026 ===
Python: Python 3.11.5
PyTorch: 2.9.1+cu128
CUDA available: True
GPU: NVIDIA H100 80GB HBM3 MIG 3g.40gb

============================================================
OpenMedImgDataVal Pipeline
============================================================
  Modality : mri
  Task     : seg
  DV Method: shap
  Output   : /scratch/jsiu/OpenMedImgDataVal/src/outputs/mri/seg/shap
============================================================
Device: cuda
Segmentation: Binary (tumor vs background)
DV labels: 3 tumor types (NCR, ED, ET)

============================================================
SECTION 1: DATA DOWNLOAD & PREPROCESSING
============================================================
BraTS 2023 data already exists at src/data/brats2023
Training data directory: src/data/brats2023/Data
Found 1 cases
