=== Job 29289378 started on fc10905 at Tue Mar 24 02:56:53 PM PDT 2026 ===
Python: Python 3.11.5
PyTorch: 2.9.1+cu128
CUDA available: True
GPU: NVIDIA H100 80GB HBM3 MIG 3g.40gb

============================================================
OpenMedImgDataVal Pipeline
============================================================
  Modality : xray
  Task     : class
  DV Method: ot
  Output   : /scratch/jsiu/OpenMedImgDataVal/src/outputs/xray/class/ot
============================================================
Device: cuda
Classification: Multi-label (14 classes)

============================================================
SECTION 1: DATA DOWNLOAD
============================================================
KAGGLE_CACHE_DIR = /scratch/jsiu/OpenMedImgDataVal/src/data
Downloading nih-chest-xrays/data via kagglehub...
Dataset path: /home/jsiu/.cache/kagglehub/datasets/nih-chest-xrays/data/versions/3
Indexed 112120 images
Loaded 112120 images (0 skipped — not found on disk)
Train: 89696, Val: 11212, Test: 11212
Classes: 14 (Atelectasis, Cardiomegaly, Effusion, Infiltration, Mass, Nodule, Pneumonia, Pneumothorax, Consolidation, Edema, Emphysema, Fibrosis, Pleural_Thickening, Hernia)

============================================================
SECTION 2: HYPERPARAMETER OPTIMISATION
============================================================

============================================================
Hyperparameter Optimisation (3 trials, 10 epochs each)
============================================================
[hpo_trial_0] Epoch 1/10 | lr=3.00e-04 | train_loss=0.1806 | val_loss=0.1709 val_auc=0.6929
[hpo_trial_0] Epoch 2/10 | lr=3.00e-04 | train_loss=0.1743 | val_loss=0.1694 val_auc=0.7188
[hpo_trial_0] Epoch 3/10 | lr=3.00e-04 | train_loss=0.1739 | val_loss=0.1703 val_auc=0.7245
[hpo_trial_0] Unfreezing denseblock4 + norm5 at epoch 4
[hpo_trial_0] Epoch 4/10 | lr=3.00e-05 | train_loss=0.1683 | val_loss=0.1612 val_auc=0.7726
[hpo_trial_0] Epoch 5/10 | lr=3.00e-05 | train_loss=0.1637 | val_loss=0.1588 val_auc=0.7862
[hpo_trial_0] Epoch 6/10 | lr=3.00e-05 | train_loss=0.1611 | val_loss=0.1574 val_auc=0.7919
[hpo_trial_0] Epoch 7/10 | lr=3.00e-05 | train_loss=0.1593 | val_loss=0.1566 val_auc=0.7954
[hpo_trial_0] Epoch 8/10 | lr=3.00e-05 | train_loss=0.1579 | val_loss=0.1556 val_auc=0.7996
[hpo_trial_0] Epoch 9/10 | lr=3.00e-05 | train_loss=0.1565 | val_loss=0.1552 val_auc=0.8032
[hpo_trial_0] Epoch 10/10 | lr=3.00e-05 | train_loss=0.1556 | val_loss=0.1542 val_auc=0.8070
  Trial 1/3 | val_auc=0.8070 *best* | head_lr=3.0e-04 finetune_lr=3.0e-05 dropout=0.4 wd_ft=3.0e-04 unfreeze_ep=4
[hpo_trial_1] Epoch 1/10 | lr=5.00e-04 | train_loss=0.1764 | val_loss=0.1710 val_auc=0.7149
[hpo_trial_1] Epoch 2/10 | lr=5.00e-04 | train_loss=0.1721 | val_loss=0.1691 val_auc=0.7253
[hpo_trial_1] Unfreezing denseblock4 + norm5 at epoch 3
[hpo_trial_1] Epoch 3/10 | lr=3.00e-05 | train_loss=0.1660 | val_loss=0.1608 val_auc=0.7718
[hpo_trial_1] Epoch 4/10 | lr=3.00e-05 | train_loss=0.1620 | val_loss=0.1587 val_auc=0.7835
[hpo_trial_1] Epoch 5/10 | lr=3.00e-05 | train_loss=0.1597 | val_loss=0.1574 val_auc=0.7898
[hpo_trial_1] Epoch 6/10 | lr=3.00e-05 | train_loss=0.1579 | val_loss=0.1564 val_auc=0.7958
[hpo_trial_1] Epoch 7/10 | lr=3.00e-05 | train_loss=0.1563 | val_loss=0.1554 val_auc=0.8005
[hpo_trial_1] Epoch 8/10 | lr=3.00e-05 | train_loss=0.1551 | val_loss=0.1550 val_auc=0.8042
[hpo_trial_1] Epoch 9/10 | lr=3.00e-05 | train_loss=0.1539 | val_loss=0.1545 val_auc=0.8058
[hpo_trial_1] Epoch 10/10 | lr=3.00e-05 | train_loss=0.1531 | val_loss=0.1543 val_auc=0.8064
  Trial 2/3 | val_auc=0.8064 | head_lr=5.0e-04 finetune_lr=3.0e-05 dropout=0.2 wd_ft=1.0e-03 unfreeze_ep=3
[hpo_trial_2] Epoch 1/10 | lr=3.00e-04 | train_loss=0.1792 | val_loss=0.1703 val_auc=0.7055
[hpo_trial_2] Epoch 2/10 | lr=3.00e-04 | train_loss=0.1731 | val_loss=0.1691 val_auc=0.7243
[hpo_trial_2] Epoch 3/10 | lr=3.00e-04 | train_loss=0.1723 | val_loss=0.1684 val_auc=0.7278
[hpo_trial_2] Epoch 4/10 | lr=3.00e-04 | train_loss=0.1721 | val_loss=0.1693 val_auc=0.7301
[hpo_trial_2] Epoch 5/10 | lr=3.00e-04 | train_loss=0.1721 | val_loss=0.1688 val_auc=0.7312
[hpo_trial_2] Epoch 6/10 | lr=3.00e-04 | train_loss=0.1721 | val_loss=0.1686 val_auc=0.7315
[hpo_trial_2] Epoch 7/10 | lr=3.00e-04 | train_loss=0.1719 | val_loss=0.1676 val_auc=0.7361
[hpo_trial_2] Unfreezing denseblock4 + norm5 at epoch 8
[hpo_trial_2] Epoch 8/10 | lr=3.00e-05 | train_loss=0.1669 | val_loss=0.1610 val_auc=0.7740
[hpo_trial_2] Epoch 9/10 | lr=3.00e-05 | train_loss=0.1628 | val_loss=0.1589 val_auc=0.7858
[hpo_trial_2] Epoch 10/10 | lr=3.00e-05 | train_loss=0.1604 | val_loss=0.1573 val_auc=0.7929
  Trial 3/3 | val_auc=0.7929 | head_lr=3.0e-04 finetune_lr=3.0e-05 dropout=0.3 wd_ft=3.0e-04 unfreeze_ep=8

Best config (val_auc=0.8070): {'head_lr': 0.0003, 'finetune_lr': 3e-05, 'dropout': 0.4, 'weight_decay_finetune': 0.0003, 'unfreeze_epoch': 4}
============================================================


============================================================
SECTION 3: MODEL TRAINING (100% data)
============================================================
[full_100pct] Epoch 1/20 | lr=3.00e-04 | train_loss=0.1806 | val_loss=0.1709 val_auc=0.6929
[full_100pct] Epoch 2/20 | lr=3.00e-04 | train_loss=0.1743 | val_loss=0.1694 val_auc=0.7188
[full_100pct] Epoch 3/20 | lr=3.00e-04 | train_loss=0.1739 | val_loss=0.1703 val_auc=0.7245
[full_100pct] Unfreezing denseblock4 + norm5 at epoch 4
[full_100pct] Epoch 4/20 | lr=3.00e-05 | train_loss=0.1683 | val_loss=0.1612 val_auc=0.7726
[full_100pct] Epoch 5/20 | lr=3.00e-05 | train_loss=0.1637 | val_loss=0.1588 val_auc=0.7862
[full_100pct] Epoch 6/20 | lr=3.00e-05 | train_loss=0.1611 | val_loss=0.1574 val_auc=0.7919
[full_100pct] Epoch 7/20 | lr=3.00e-05 | train_loss=0.1593 | val_loss=0.1566 val_auc=0.7954
[full_100pct] Epoch 8/20 | lr=3.00e-05 | train_loss=0.1579 | val_loss=0.1556 val_auc=0.7996
[full_100pct] Epoch 9/20 | lr=3.00e-05 | train_loss=0.1565 | val_loss=0.1552 val_auc=0.8032
[full_100pct] Epoch 10/20 | lr=3.00e-05 | train_loss=0.1556 | val_loss=0.1542 val_auc=0.8070
[full_100pct] Epoch 11/20 | lr=3.00e-05 | train_loss=0.1546 | val_loss=0.1539 val_auc=0.8072
[full_100pct] Epoch 12/20 | lr=3.00e-05 | train_loss=0.1537 | val_loss=0.1535 val_auc=0.8093
[full_100pct] Epoch 13/20 | lr=3.00e-05 | train_loss=0.1529 | val_loss=0.1532 val_auc=0.8123
[full_100pct] Epoch 14/20 | lr=3.00e-05 | train_loss=0.1522 | val_loss=0.1530 val_auc=0.8120
[full_100pct] Epoch 15/20 | lr=3.00e-05 | train_loss=0.1513 | val_loss=0.1526 val_auc=0.8141
[full_100pct] Epoch 16/20 | lr=3.00e-05 | train_loss=0.1508 | val_loss=0.1530 val_auc=0.8142
[full_100pct] Epoch 17/20 | lr=3.00e-05 | train_loss=0.1499 | val_loss=0.1527 val_auc=0.8140
[full_100pct] Epoch 18/20 | lr=3.00e-05 | train_loss=0.1492 | val_loss=0.1524 val_auc=0.8161
[full_100pct] Epoch 19/20 | lr=3.00e-05 | train_loss=0.1489 | val_loss=0.1523 val_auc=0.8167
[full_100pct] Epoch 20/20 | lr=3.00e-05 | train_loss=0.1482 | val_loss=0.1526 val_auc=0.8170

Full model results:
  Train AUC: 0.8495
  Val AUC:   0.8170
  Test AUC:  0.8087
  Per-class Test AUC:
    Atelectasis: 0.7866
    Cardiomegaly: 0.8768
    Effusion: 0.8634
    Infiltration: 0.7073
    Mass: 0.7816
    Nodule: 0.6958
    Pneumonia: 0.7106
    Pneumothorax: 0.8797
    Consolidation: 0.7956
    Edema: 0.8915
    Emphysema: 0.8789
    Fibrosis: 0.7872
    Pleural_Thickening: 0.7791
    Hernia: 0.8881

============================================================
SECTION 4: OT DATA VALUATION
============================================================
Extracting embeddings...
