The following modules were not unloaded:
  (Use "module --force purge" to unload all):

  1) CCconfig        6)  ucx/1.14.1         11) flexiblas/3.3.1
  2) gentoo/2023     7)  libfabric/1.18.0   12) aocl-blas/5.1
  3) gcccore/.12.3   8)  pmix/4.2.4         13) aocl-lapack/5.1
  4) gcc/12.3        9)  ucc/1.2.0          14) StdEnv/2023
  5) hwloc/2.9.1     10) openmpi/4.1.5
Resolved 172 packages in 1.39s
Uninstalled 24 packages in 1m 00s
 - absl-py==2.3.1
 - astunparse==1.6.3
 - flatbuffers==25.12.19
 - gast==0.7.0
 - google-pasta==0.2.0
 - grpcio==1.76.0
 - h5py==3.15.1
 - keras==3.13.1
 - libclang==18.1.1
 - markdown==3.10
 - markdown-it-py==4.0.0
 - mdurl==0.1.2
 - ml-dtypes==0.5.4
 - namex==0.1.0
 - opt-einsum==3.4.0
 - optree==0.18.0
 - rich==14.2.0
 - tensorboard==2.20.0
 - tensorboard-data-server==0.7.2
 - tensorflow==2.20.0
 - termcolor==3.3.0
 - werkzeug==3.1.5
 - wheel==0.45.1
 - wrapt==2.0.1
