=== Job 29312683 started on fc11002 at Tue Mar 24 08:32:46 PM PDT 2026 ===
Python: Python 3.11.5
PyTorch: 2.9.1+cu128
CUDA available: True
GPU: NVIDIA H100 80GB HBM3 MIG 3g.40gb

============================================================
OpenMedImgDataVal Pipeline
============================================================
  Modality : xray
  Task     : class
  DV Method: ot
  Output   : /scratch/jsiu/OpenMedImgDataVal/src/outputs/xray/class/ot
============================================================
Device: cuda
Classification: Multi-label (14 classes)

============================================================
SECTION 1: DATA DOWNLOAD
============================================================
KAGGLE_CACHE_DIR = /scratch/jsiu/OpenMedImgDataVal/src/data
Downloading nih-chest-xrays/data via kagglehub...
Dataset path: /home/jsiu/.cache/kagglehub/datasets/nih-chest-xrays/data/versions/3
Indexed 112120 images
Loaded 112120 images (0 skipped — not found on disk)
Train: 89696, Val: 11212, Test: 11212
Classes: 14 (Atelectasis, Cardiomegaly, Effusion, Infiltration, Mass, Nodule, Pneumonia, Pneumothorax, Consolidation, Edema, Emphysema, Fibrosis, Pleural_Thickening, Hernia)

============================================================
SECTION 2: HYPERPARAMETER OPTIMISATION
============================================================

============================================================
Hyperparameter Optimisation (3 trials, 10 epochs each)
============================================================
[hpo_trial_0] Epoch 1/10 | lr=3.00e-04 | train_loss=0.1807 | val_loss=0.1710 val_auc=0.6922
[hpo_trial_0] Epoch 2/10 | lr=3.00e-04 | train_loss=0.1744 | val_loss=0.1700 val_auc=0.7162
[hpo_trial_0] Epoch 3/10 | lr=3.00e-04 | train_loss=0.1740 | val_loss=0.1703 val_auc=0.7238
[hpo_trial_0] Unfreezing denseblock4 + norm5 at epoch 4
[hpo_trial_0] Epoch 4/10 | lr=3.00e-05 | train_loss=0.1682 | val_loss=0.1613 val_auc=0.7721
[hpo_trial_0] Epoch 5/10 | lr=3.00e-05 | train_loss=0.1636 | val_loss=0.1590 val_auc=0.7852
[hpo_trial_0] Epoch 6/10 | lr=3.00e-05 | train_loss=0.1611 | val_loss=0.1571 val_auc=0.7932
[hpo_trial_0] Epoch 7/10 | lr=3.00e-05 | train_loss=0.1593 | val_loss=0.1564 val_auc=0.7973
[hpo_trial_0] Epoch 8/10 | lr=3.00e-05 | train_loss=0.1579 | val_loss=0.1556 val_auc=0.8015
[hpo_trial_0] Epoch 9/10 | lr=3.00e-05 | train_loss=0.1564 | val_loss=0.1550 val_auc=0.8037
[hpo_trial_0] Epoch 10/10 | lr=3.00e-05 | train_loss=0.1556 | val_loss=0.1543 val_auc=0.8068
  Trial 1/3 | val_auc=0.8068 *best* | head_lr=3.0e-04 finetune_lr=3.0e-05 dropout=0.4 wd_ft=3.0e-04 unfreeze_ep=4
[hpo_trial_1] Epoch 1/10 | lr=5.00e-04 | train_loss=0.1763 | val_loss=0.1708 val_auc=0.7143
[hpo_trial_1] Epoch 2/10 | lr=5.00e-04 | train_loss=0.1721 | val_loss=0.1688 val_auc=0.7270
[hpo_trial_1] Unfreezing denseblock4 + norm5 at epoch 3
[hpo_trial_1] Epoch 3/10 | lr=3.00e-05 | train_loss=0.1661 | val_loss=0.1607 val_auc=0.7715
[hpo_trial_1] Epoch 4/10 | lr=3.00e-05 | train_loss=0.1619 | val_loss=0.1585 val_auc=0.7833
[hpo_trial_1] Epoch 5/10 | lr=3.00e-05 | train_loss=0.1597 | val_loss=0.1573 val_auc=0.7907
[hpo_trial_1] Epoch 6/10 | lr=3.00e-05 | train_loss=0.1578 | val_loss=0.1564 val_auc=0.7966
[hpo_trial_1] Epoch 7/10 | lr=3.00e-05 | train_loss=0.1560 | val_loss=0.1555 val_auc=0.8009
[hpo_trial_1] Epoch 8/10 | lr=3.00e-05 | train_loss=0.1551 | val_loss=0.1551 val_auc=0.8032
[hpo_trial_1] Epoch 9/10 | lr=3.00e-05 | train_loss=0.1540 | val_loss=0.1546 val_auc=0.8049
[hpo_trial_1] Epoch 10/10 | lr=3.00e-05 | train_loss=0.1530 | val_loss=0.1542 val_auc=0.8070
  Trial 2/3 | val_auc=0.8070 *best* | head_lr=5.0e-04 finetune_lr=3.0e-05 dropout=0.2 wd_ft=1.0e-03 unfreeze_ep=3
[hpo_trial_2] Epoch 1/10 | lr=3.00e-04 | train_loss=0.1791 | val_loss=0.1704 val_auc=0.7023
[hpo_trial_2] Epoch 2/10 | lr=3.00e-04 | train_loss=0.1731 | val_loss=0.1691 val_auc=0.7231
[hpo_trial_2] Epoch 3/10 | lr=3.00e-04 | train_loss=0.1723 | val_loss=0.1684 val_auc=0.7292
[hpo_trial_2] Epoch 4/10 | lr=3.00e-04 | train_loss=0.1720 | val_loss=0.1690 val_auc=0.7308
[hpo_trial_2] Epoch 5/10 | lr=3.00e-04 | train_loss=0.1721 | val_loss=0.1683 val_auc=0.7304
[hpo_trial_2] Epoch 6/10 | lr=3.00e-04 | train_loss=0.1721 | val_loss=0.1682 val_auc=0.7326
[hpo_trial_2] Epoch 7/10 | lr=3.00e-04 | train_loss=0.1718 | val_loss=0.1675 val_auc=0.7357
[hpo_trial_2] Unfreezing denseblock4 + norm5 at epoch 8
[hpo_trial_2] Epoch 8/10 | lr=3.00e-05 | train_loss=0.1669 | val_loss=0.1609 val_auc=0.7750
[hpo_trial_2] Epoch 9/10 | lr=3.00e-05 | train_loss=0.1626 | val_loss=0.1585 val_auc=0.7885
[hpo_trial_2] Epoch 10/10 | lr=3.00e-05 | train_loss=0.1605 | val_loss=0.1572 val_auc=0.7939
  Trial 3/3 | val_auc=0.7939 | head_lr=3.0e-04 finetune_lr=3.0e-05 dropout=0.3 wd_ft=3.0e-04 unfreeze_ep=8

Best config (val_auc=0.8070): {'head_lr': 0.0005, 'finetune_lr': 3e-05, 'dropout': 0.2, 'weight_decay_finetune': 0.001, 'unfreeze_epoch': 3}
============================================================


============================================================
SECTION 3: MODEL TRAINING (100% data)
============================================================
[full_100pct] Epoch 1/20 | lr=5.00e-04 | train_loss=0.1769 | val_loss=0.1697 val_auc=0.7142
[full_100pct] Epoch 2/20 | lr=5.00e-04 | train_loss=0.1721 | val_loss=0.1691 val_auc=0.7288
[full_100pct] Unfreezing denseblock4 + norm5 at epoch 3
[full_100pct] Epoch 3/20 | lr=3.00e-05 | train_loss=0.1662 | val_loss=0.1608 val_auc=0.7748
[full_100pct] Epoch 4/20 | lr=3.00e-05 | train_loss=0.1619 | val_loss=0.1582 val_auc=0.7872
[full_100pct] Epoch 5/20 | lr=3.00e-05 | train_loss=0.1595 | val_loss=0.1573 val_auc=0.7941
[full_100pct] Epoch 6/20 | lr=3.00e-05 | train_loss=0.1577 | val_loss=0.1559 val_auc=0.7988
[full_100pct] Epoch 7/20 | lr=3.00e-05 | train_loss=0.1564 | val_loss=0.1557 val_auc=0.8007
[full_100pct] Epoch 8/20 | lr=3.00e-05 | train_loss=0.1552 | val_loss=0.1551 val_auc=0.8036
[full_100pct] Epoch 9/20 | lr=3.00e-05 | train_loss=0.1539 | val_loss=0.1544 val_auc=0.8058
[full_100pct] Epoch 10/20 | lr=3.00e-05 | train_loss=0.1531 | val_loss=0.1541 val_auc=0.8076
[full_100pct] Epoch 11/20 | lr=3.00e-05 | train_loss=0.1523 | val_loss=0.1539 val_auc=0.8094
[full_100pct] Epoch 12/20 | lr=3.00e-05 | train_loss=0.1515 | val_loss=0.1537 val_auc=0.8102
[full_100pct] Epoch 13/20 | lr=3.00e-05 | train_loss=0.1506 | val_loss=0.1532 val_auc=0.8123
[full_100pct] Epoch 14/20 | lr=3.00e-05 | train_loss=0.1500 | val_loss=0.1534 val_auc=0.8111
[full_100pct] Epoch 15/20 | lr=3.00e-05 | train_loss=0.1491 | val_loss=0.1529 val_auc=0.8128
[full_100pct] Epoch 16/20 | lr=3.00e-05 | train_loss=0.1484 | val_loss=0.1529 val_auc=0.8139
[full_100pct] Epoch 17/20 | lr=3.00e-05 | train_loss=0.1479 | val_loss=0.1531 val_auc=0.8135
[full_100pct] Epoch 18/20 | lr=3.00e-05 | train_loss=0.1472 | val_loss=0.1526 val_auc=0.8148
[full_100pct] Epoch 19/20 | lr=3.00e-05 | train_loss=0.1466 | val_loss=0.1525 val_auc=0.8157
[full_100pct] Epoch 20/20 | lr=3.00e-05 | train_loss=0.1459 | val_loss=0.1530 val_auc=0.8150

Full model results:
  Train AUC: 0.8571
  Val AUC:   0.8157
  Test AUC:  0.8093
  Per-class Test AUC:
    Atelectasis: 0.7839
    Cardiomegaly: 0.8801
    Effusion: 0.8606
    Infiltration: 0.7069
    Mass: 0.7855
    Nodule: 0.7102
    Pneumonia: 0.7161
    Pneumothorax: 0.8752
    Consolidation: 0.7886
    Edema: 0.8915
    Emphysema: 0.8874
    Fibrosis: 0.7826
    Pleural_Thickening: 0.7823
    Hernia: 0.8798

============================================================
SECTION 4: OT DATA VALUATION
============================================================
Extracting embeddings...
