=== Job 29440691 started on fc10911 at Wed Mar 25 12:11:49 PM PDT 2026 ===
Python: Python 3.11.5
PyTorch: 2.9.1+cu128
CUDA available: True
GPU: NVIDIA H100 80GB HBM3 MIG 3g.40gb

============================================================
OpenMedImgDataVal Pipeline
============================================================
  Modality : xray
  Task     : class
  DV Method: ot
  Output   : /scratch/jsiu/OpenMedImgDataVal/src/outputs/xray/class/ot
============================================================
Device: cuda
Classification: Multi-label (14 classes)

============================================================
SECTION 1: DATA DOWNLOAD
============================================================
KAGGLE_CACHE_DIR = /scratch/jsiu/OpenMedImgDataVal/src/data
Downloading nih-chest-xrays/data via kagglehub...
Dataset path: /home/jsiu/.cache/kagglehub/datasets/nih-chest-xrays/data/versions/3
Indexed 112120 images
Loaded 112120 images (0 skipped — not found on disk)
Train: 89696, Val: 11212, Test: 11212
Classes: 14 (Atelectasis, Cardiomegaly, Effusion, Infiltration, Mass, Nodule, Pneumonia, Pneumothorax, Consolidation, Edema, Emphysema, Fibrosis, Pleural_Thickening, Hernia)

============================================================
SECTION 2: HYPERPARAMETER OPTIMISATION
============================================================

============================================================
Hyperparameter Optimisation (3 trials, 10 epochs each)
============================================================
[hpo_trial_0] Epoch 1/10 | lr=3.00e-04 | train_loss=0.1807 | val_loss=0.1709 val_auc=0.6929
[hpo_trial_0] Epoch 2/10 | lr=3.00e-04 | train_loss=0.1743 | val_loss=0.1697 val_auc=0.7187
[hpo_trial_0] Epoch 3/10 | lr=3.00e-04 | train_loss=0.1740 | val_loss=0.1703 val_auc=0.7252
[hpo_trial_0] Unfreezing denseblock4 + norm5 at epoch 4
[hpo_trial_0] Epoch 4/10 | lr=3.00e-05 | train_loss=0.1683 | val_loss=0.1613 val_auc=0.7726
[hpo_trial_0] Epoch 5/10 | lr=3.00e-05 | train_loss=0.1637 | val_loss=0.1586 val_auc=0.7863
[hpo_trial_0] Epoch 6/10 | lr=3.00e-05 | train_loss=0.1612 | val_loss=0.1578 val_auc=0.7920
[hpo_trial_0] Epoch 7/10 | lr=3.00e-05 | train_loss=0.1593 | val_loss=0.1563 val_auc=0.7971
[hpo_trial_0] Epoch 8/10 | lr=3.00e-05 | train_loss=0.1579 | val_loss=0.1554 val_auc=0.8018
[hpo_trial_0] Epoch 9/10 | lr=3.00e-05 | train_loss=0.1565 | val_loss=0.1553 val_auc=0.8044
[hpo_trial_0] Epoch 10/10 | lr=3.00e-05 | train_loss=0.1556 | val_loss=0.1543 val_auc=0.8076
  Trial 1/3 | val_auc=0.8076 *best* | head_lr=3.0e-04 finetune_lr=3.0e-05 dropout=0.4 wd_ft=3.0e-04 unfreeze_ep=4
[hpo_trial_1] Epoch 1/10 | lr=5.00e-04 | train_loss=0.1763 | val_loss=0.1707 val_auc=0.7150
[hpo_trial_1] Epoch 2/10 | lr=5.00e-04 | train_loss=0.1720 | val_loss=0.1692 val_auc=0.7260
[hpo_trial_1] Unfreezing denseblock4 + norm5 at epoch 3
[hpo_trial_1] Epoch 3/10 | lr=3.00e-05 | train_loss=0.1660 | val_loss=0.1608 val_auc=0.7729
[hpo_trial_1] Epoch 4/10 | lr=3.00e-05 | train_loss=0.1619 | val_loss=0.1584 val_auc=0.7853
[hpo_trial_1] Epoch 5/10 | lr=3.00e-05 | train_loss=0.1597 | val_loss=0.1573 val_auc=0.7909
[hpo_trial_1] Epoch 6/10 | lr=3.00e-05 | train_loss=0.1580 | val_loss=0.1565 val_auc=0.7971
[hpo_trial_1] Epoch 7/10 | lr=3.00e-05 | train_loss=0.1564 | val_loss=0.1554 val_auc=0.8009
[hpo_trial_1] Epoch 8/10 | lr=3.00e-05 | train_loss=0.1550 | val_loss=0.1553 val_auc=0.8033
[hpo_trial_1] Epoch 9/10 | lr=3.00e-05 | train_loss=0.1541 | val_loss=0.1546 val_auc=0.8054
[hpo_trial_1] Epoch 10/10 | lr=3.00e-05 | train_loss=0.1530 | val_loss=0.1548 val_auc=0.8066
  Trial 2/3 | val_auc=0.8066 | head_lr=5.0e-04 finetune_lr=3.0e-05 dropout=0.2 wd_ft=1.0e-03 unfreeze_ep=3
[hpo_trial_2] Epoch 1/10 | lr=3.00e-04 | train_loss=0.1792 | val_loss=0.1704 val_auc=0.7044
[hpo_trial_2] Epoch 2/10 | lr=3.00e-04 | train_loss=0.1730 | val_loss=0.1689 val_auc=0.7257
[hpo_trial_2] Epoch 3/10 | lr=3.00e-04 | train_loss=0.1724 | val_loss=0.1685 val_auc=0.7286
[hpo_trial_2] Epoch 4/10 | lr=3.00e-04 | train_loss=0.1720 | val_loss=0.1690 val_auc=0.7280
[hpo_trial_2] Epoch 5/10 | lr=3.00e-04 | train_loss=0.1721 | val_loss=0.1686 val_auc=0.7300
[hpo_trial_2] Epoch 6/10 | lr=3.00e-04 | train_loss=0.1720 | val_loss=0.1687 val_auc=0.7335
[hpo_trial_2] Epoch 7/10 | lr=3.00e-04 | train_loss=0.1720 | val_loss=0.1676 val_auc=0.7347
[hpo_trial_2] Unfreezing denseblock4 + norm5 at epoch 8
[hpo_trial_2] Epoch 8/10 | lr=3.00e-05 | train_loss=0.1669 | val_loss=0.1606 val_auc=0.7762
[hpo_trial_2] Epoch 9/10 | lr=3.00e-05 | train_loss=0.1625 | val_loss=0.1586 val_auc=0.7881
[hpo_trial_2] Epoch 10/10 | lr=3.00e-05 | train_loss=0.1603 | val_loss=0.1573 val_auc=0.7944
  Trial 3/3 | val_auc=0.7944 | head_lr=3.0e-04 finetune_lr=3.0e-05 dropout=0.3 wd_ft=3.0e-04 unfreeze_ep=8

Best config (val_auc=0.8076): {'head_lr': 0.0003, 'finetune_lr': 3e-05, 'dropout': 0.4, 'weight_decay_finetune': 0.0003, 'unfreeze_epoch': 4}
============================================================


============================================================
SECTION 3: MODEL TRAINING (100% data)
============================================================
[full_100pct] Epoch 1/20 | lr=3.00e-04 | train_loss=0.1807 | val_loss=0.1709 val_auc=0.6929
[full_100pct] Epoch 2/20 | lr=3.00e-04 | train_loss=0.1743 | val_loss=0.1697 val_auc=0.7187
[full_100pct] Epoch 3/20 | lr=3.00e-04 | train_loss=0.1740 | val_loss=0.1703 val_auc=0.7252
[full_100pct] Unfreezing denseblock4 + norm5 at epoch 4
[full_100pct] Epoch 4/20 | lr=3.00e-05 | train_loss=0.1683 | val_loss=0.1613 val_auc=0.7726
[full_100pct] Epoch 5/20 | lr=3.00e-05 | train_loss=0.1637 | val_loss=0.1586 val_auc=0.7863
[full_100pct] Epoch 6/20 | lr=3.00e-05 | train_loss=0.1612 | val_loss=0.1578 val_auc=0.7920
[full_100pct] Epoch 7/20 | lr=3.00e-05 | train_loss=0.1593 | val_loss=0.1563 val_auc=0.7971
[full_100pct] Epoch 8/20 | lr=3.00e-05 | train_loss=0.1579 | val_loss=0.1554 val_auc=0.8018
[full_100pct] Epoch 9/20 | lr=3.00e-05 | train_loss=0.1565 | val_loss=0.1553 val_auc=0.8044
[full_100pct] Epoch 10/20 | lr=3.00e-05 | train_loss=0.1556 | val_loss=0.1543 val_auc=0.8076
[full_100pct] Epoch 11/20 | lr=3.00e-05 | train_loss=0.1547 | val_loss=0.1543 val_auc=0.8087
[full_100pct] Epoch 12/20 | lr=3.00e-05 | train_loss=0.1537 | val_loss=0.1541 val_auc=0.8096
[full_100pct] Epoch 13/20 | lr=3.00e-05 | train_loss=0.1528 | val_loss=0.1533 val_auc=0.8127
[full_100pct] Epoch 14/20 | lr=3.00e-05 | train_loss=0.1521 | val_loss=0.1532 val_auc=0.8126
[full_100pct] Epoch 15/20 | lr=3.00e-05 | train_loss=0.1514 | val_loss=0.1529 val_auc=0.8136
[full_100pct] Epoch 16/20 | lr=3.00e-05 | train_loss=0.1506 | val_loss=0.1530 val_auc=0.8151
[full_100pct] Epoch 17/20 | lr=3.00e-05 | train_loss=0.1500 | val_loss=0.1529 val_auc=0.8158
[full_100pct] Epoch 18/20 | lr=3.00e-05 | train_loss=0.1493 | val_loss=0.1525 val_auc=0.8166
[full_100pct] Epoch 19/20 | lr=3.00e-05 | train_loss=0.1488 | val_loss=0.1523 val_auc=0.8167
[full_100pct] Epoch 20/20 | lr=3.00e-05 | train_loss=0.1482 | val_loss=0.1524 val_auc=0.8166

Full model results:
  Train AUC: 0.8497
  Val AUC:   0.8167
  Test AUC:  0.8086
  Per-class Test AUC:
    Atelectasis: 0.7850
    Cardiomegaly: 0.8808
    Effusion: 0.8624
    Infiltration: 0.7107
    Mass: 0.7781
    Nodule: 0.6999
    Pneumonia: 0.7141
    Pneumothorax: 0.8748
    Consolidation: 0.7880
    Edema: 0.8919
    Emphysema: 0.8882
    Fibrosis: 0.7797
    Pleural_Thickening: 0.7832
    Hernia: 0.8844

============================================================
SECTION 4: OT DATA VALUATION
============================================================
Extracting embeddings...
Computing OT values...

OT values: min=0.417553, max=1.000000, mean=0.918891, std=0.065915

Top 10 OT samples:
  1. 00011723_001.png: 1.000000
  2. 00015262_003.png: 1.000000
  3. 00002868_008.png: 0.999999
  4. 00011402_004.png: 0.999999
  5. 00001491_000.png: 0.999999
  6. 00025085_018.png: 0.999997
  7. 00018739_001.png: 0.999997
  8. 00016057_000.png: 0.999997
  9. 00005119_004.png: 0.999995
  10. 00015193_014.png: 0.999994

Bottom 10 OT samples:
  1. 00025262_000.png: 0.417553
  2. 00009523_008.png: 0.504856
  3. 00021495_006.png: 0.536977
  4. 00022720_002.png: 0.538602
  5. 00018949_006.png: 0.540805
  6. 00020429_009.png: 0.548909
  7. 00019373_036.png: 0.552596
  8. 00018055_045.png: 0.552654
  9. 00020680_006.png: 0.554384
  10. 00016064_021.png: 0.554690

============================================================
SECTION 5: SUBSET RETRAINING EXPERIMENTS
============================================================
Fractions: [90, 80, 70, 50, 30]%
Strategies: Top-N, Bottom-N, Random-N (x1 seeds)

--- Top-90% (80726 samples) ---
[top_90pct] Epoch 1/8 | lr=3.00e-04 | train_loss=0.1414 | val_loss=0.1757 val_auc=0.6704
[top_90pct] Unfreezing denseblock4 + norm5 at epoch 2
[top_90pct] Epoch 2/8 | lr=3.00e-05 | train_loss=0.1311 | val_loss=0.1663 val_auc=0.7551
[top_90pct] Epoch 3/8 | lr=3.00e-05 | train_loss=0.1273 | val_loss=0.1637 val_auc=0.7719
[top_90pct] Epoch 4/8 | lr=3.00e-05 | train_loss=0.1249 | val_loss=0.1616 val_auc=0.7823
[top_90pct] Epoch 5/8 | lr=3.00e-05 | train_loss=0.1234 | val_loss=0.1603 val_auc=0.7878
[top_90pct] Epoch 6/8 | lr=3.00e-05 | train_loss=0.1220 | val_loss=0.1599 val_auc=0.7928
[top_90pct] Epoch 7/8 | lr=3.00e-05 | train_loss=0.1207 | val_loss=0.1599 val_auc=0.7921
[top_90pct] Epoch 8/8 | lr=3.00e-05 | train_loss=0.1198 | val_loss=0.1598 val_auc=0.7958

--- Bottom-90% (80726 samples) ---
[bottom_90pct] Epoch 1/8 | lr=3.00e-04 | train_loss=0.1951 | val_loss=0.1724 val_auc=0.6890
[bottom_90pct] Unfreezing denseblock4 + norm5 at epoch 2
[bottom_90pct] Epoch 2/8 | lr=3.00e-05 | train_loss=0.1833 | val_loss=0.1625 val_auc=0.7584
[bottom_90pct] Epoch 3/8 | lr=3.00e-05 | train_loss=0.1784 | val_loss=0.1601 val_auc=0.7755
[bottom_90pct] Epoch 4/8 | lr=3.00e-05 | train_loss=0.1756 | val_loss=0.1580 val_auc=0.7838
[bottom_90pct] Epoch 5/8 | lr=3.00e-05 | train_loss=0.1736 | val_loss=0.1569 val_auc=0.7912
[bottom_90pct] Epoch 6/8 | lr=3.00e-05 | train_loss=0.1722 | val_loss=0.1565 val_auc=0.7936
[bottom_90pct] Epoch 7/8 | lr=3.00e-05 | train_loss=0.1706 | val_loss=0.1555 val_auc=0.7974
[bottom_90pct] Epoch 8/8 | lr=3.00e-05 | train_loss=0.1696 | val_loss=0.1550 val_auc=0.8008

--- Random-90% seed=43 (80726 samples) ---
[random_90pct_s43] Epoch 1/8 | lr=3.00e-04 | train_loss=0.1810 | val_loss=0.1710 val_auc=0.6885
[random_90pct_s43] Unfreezing denseblock4 + norm5 at epoch 2
[random_90pct_s43] Epoch 2/8 | lr=3.00e-05 | train_loss=0.1690 | val_loss=0.1625 val_auc=0.7611
[random_90pct_s43] Epoch 3/8 | lr=3.00e-05 | train_loss=0.1643 | val_loss=0.1595 val_auc=0.7785
[random_90pct_s43] Epoch 4/8 | lr=3.00e-05 | train_loss=0.1615 | val_loss=0.1578 val_auc=0.7878
[random_90pct_s43] Epoch 5/8 | lr=3.00e-05 | train_loss=0.1598 | val_loss=0.1569 val_auc=0.7926
[random_90pct_s43] Epoch 6/8 | lr=3.00e-05 | train_loss=0.1581 | val_loss=0.1560 val_auc=0.7974
[random_90pct_s43] Epoch 7/8 | lr=3.00e-05 | train_loss=0.1569 | val_loss=0.1555 val_auc=0.8001
[random_90pct_s43] Epoch 8/8 | lr=3.00e-05 | train_loss=0.1558 | val_loss=0.1549 val_auc=0.8025

--- Top-80% (71757 samples) ---
[top_80pct] Epoch 1/8 | lr=3.00e-04 | train_loss=0.1112 | val_loss=0.1845 val_auc=0.6473
[top_80pct] Unfreezing denseblock4 + norm5 at epoch 2
[top_80pct] Epoch 2/8 | lr=3.00e-05 | train_loss=0.1022 | val_loss=0.1746 val_auc=0.7423
[top_80pct] Epoch 3/8 | lr=3.00e-05 | train_loss=0.0986 | val_loss=0.1736 val_auc=0.7535
[top_80pct] Epoch 4/8 | lr=3.00e-05 | train_loss=0.0965 | val_loss=0.1725 val_auc=0.7613
[top_80pct] Epoch 5/8 | lr=3.00e-05 | train_loss=0.0951 | val_loss=0.1704 val_auc=0.7667
[top_80pct] Epoch 6/8 | lr=3.00e-05 | train_loss=0.0939 | val_loss=0.1697 val_auc=0.7744
[top_80pct] Epoch 7/8 | lr=3.00e-05 | train_loss=0.0929 | val_loss=0.1675 val_auc=0.7778
[top_80pct] Epoch 8/8 | lr=3.00e-05 | train_loss=0.0921 | val_loss=0.1699 val_auc=0.7818

--- Bottom-80% (71757 samples) ---
[bottom_80pct] Epoch 1/8 | lr=3.00e-04 | train_loss=0.2133 | val_loss=0.1743 val_auc=0.6727
[bottom_80pct] Unfreezing denseblock4 + norm5 at epoch 2
[bottom_80pct] Epoch 2/8 | lr=3.00e-05 | train_loss=0.2012 | val_loss=0.1642 val_auc=0.7539
[bottom_80pct] Epoch 3/8 | lr=3.00e-05 | train_loss=0.1960 | val_loss=0.1619 val_auc=0.7657
[bottom_80pct] Epoch 4/8 | lr=3.00e-05 | train_loss=0.1932 | val_loss=0.1604 val_auc=0.7761
[bottom_80pct] Epoch 5/8 | lr=3.00e-05 | train_loss=0.1907 | val_loss=0.1592 val_auc=0.7835
[bottom_80pct] Epoch 6/8 | lr=3.00e-05 | train_loss=0.1893 | val_loss=0.1587 val_auc=0.7882
[bottom_80pct] Epoch 7/8 | lr=3.00e-05 | train_loss=0.1877 | val_loss=0.1575 val_auc=0.7910
[bottom_80pct] Epoch 8/8 | lr=3.00e-05 | train_loss=0.1865 | val_loss=0.1569 val_auc=0.7930

--- Random-80% seed=43 (71757 samples) ---
[random_80pct_s43] Epoch 1/8 | lr=3.00e-04 | train_loss=0.1814 | val_loss=0.1719 val_auc=0.6834
[random_80pct_s43] Unfreezing denseblock4 + norm5 at epoch 2
[random_80pct_s43] Epoch 2/8 | lr=3.00e-05 | train_loss=0.1696 | val_loss=0.1628 val_auc=0.7564
[random_80pct_s43] Epoch 3/8 | lr=3.00e-05 | train_loss=0.1649 | val_loss=0.1601 val_auc=0.7725
[random_80pct_s43] Epoch 4/8 | lr=3.00e-05 | train_loss=0.1622 | val_loss=0.1584 val_auc=0.7853
[random_80pct_s43] Epoch 5/8 | lr=3.00e-05 | train_loss=0.1602 | val_loss=0.1572 val_auc=0.7913
[random_80pct_s43] Epoch 6/8 | lr=3.00e-05 | train_loss=0.1587 | val_loss=0.1561 val_auc=0.7959
[random_80pct_s43] Epoch 7/8 | lr=3.00e-05 | train_loss=0.1575 | val_loss=0.1558 val_auc=0.7985
[random_80pct_s43] Epoch 8/8 | lr=3.00e-05 | train_loss=0.1566 | val_loss=0.1553 val_auc=0.8014

--- Top-70% (62787 samples) ---
[top_70pct] Epoch 1/8 | lr=3.00e-04 | train_loss=0.0892 | val_loss=0.1966 val_auc=0.6147
[top_70pct] Unfreezing denseblock4 + norm5 at epoch 2
[top_70pct] Epoch 2/8 | lr=3.00e-05 | train_loss=0.0809 | val_loss=0.1916 val_auc=0.7073
[top_70pct] Epoch 3/8 | lr=3.00e-05 | train_loss=0.0780 | val_loss=0.1859 val_auc=0.7226
[top_70pct] Epoch 4/8 | lr=3.00e-05 | train_loss=0.0764 | val_loss=0.1849 val_auc=0.7276
[top_70pct] Epoch 5/8 | lr=3.00e-05 | train_loss=0.0752 | val_loss=0.1852 val_auc=0.7338
[top_70pct] Epoch 6/8 | lr=3.00e-05 | train_loss=0.0741 | val_loss=0.1867 val_auc=0.7456
[top_70pct] Epoch 7/8 | lr=3.00e-05 | train_loss=0.0733 | val_loss=0.1836 val_auc=0.7476
[top_70pct] Epoch 8/8 | lr=3.00e-05 | train_loss=0.0726 | val_loss=0.1843 val_auc=0.7523

--- Bottom-70% (62787 samples) ---
[bottom_70pct] Epoch 1/8 | lr=3.00e-04 | train_loss=0.2342 | val_loss=0.1786 val_auc=0.6635
[bottom_70pct] Unfreezing denseblock4 + norm5 at epoch 2
[bottom_70pct] Epoch 2/8 | lr=3.00e-05 | train_loss=0.2217 | val_loss=0.1681 val_auc=0.7358
[bottom_70pct] Epoch 3/8 | lr=3.00e-05 | train_loss=0.2164 | val_loss=0.1662 val_auc=0.7524
[bottom_70pct] Epoch 4/8 | lr=3.00e-05 | train_loss=0.2131 | val_loss=0.1645 val_auc=0.7615
[bottom_70pct] Epoch 5/8 | lr=3.00e-05 | train_loss=0.2109 | val_loss=0.1637 val_auc=0.7703
[bottom_70pct] Epoch 6/8 | lr=3.00e-05 | train_loss=0.2091 | val_loss=0.1635 val_auc=0.7730
[bottom_70pct] Epoch 7/8 | lr=3.00e-05 | train_loss=0.2076 | val_loss=0.1623 val_auc=0.7744
[bottom_70pct] Epoch 8/8 | lr=3.00e-05 | train_loss=0.2062 | val_loss=0.1623 val_auc=0.7796

--- Random-70% seed=43 (62787 samples) ---
[random_70pct_s43] Epoch 1/8 | lr=3.00e-04 | train_loss=0.1828 | val_loss=0.1726 val_auc=0.6762
[random_70pct_s43] Unfreezing denseblock4 + norm5 at epoch 2
[random_70pct_s43] Epoch 2/8 | lr=3.00e-05 | train_loss=0.1708 | val_loss=0.1642 val_auc=0.7487
[random_70pct_s43] Epoch 3/8 | lr=3.00e-05 | train_loss=0.1657 | val_loss=0.1611 val_auc=0.7666
[random_70pct_s43] Epoch 4/8 | lr=3.00e-05 | train_loss=0.1633 | val_loss=0.1595 val_auc=0.7784
[random_70pct_s43] Epoch 5/8 | lr=3.00e-05 | train_loss=0.1614 | val_loss=0.1587 val_auc=0.7849
[random_70pct_s43] Epoch 6/8 | lr=3.00e-05 | train_loss=0.1598 | val_loss=0.1575 val_auc=0.7914
[random_70pct_s43] Epoch 7/8 | lr=3.00e-05 | train_loss=0.1586 | val_loss=0.1565 val_auc=0.7942
[random_70pct_s43] Epoch 8/8 | lr=3.00e-05 | train_loss=0.1573 | val_loss=0.1567 val_auc=0.7976

--- Top-50% (44848 samples) ---
[top_50pct] Epoch 1/8 | lr=3.00e-04 | train_loss=0.0337 | val_loss=0.2663 val_auc=0.5456
[top_50pct] Unfreezing denseblock4 + norm5 at epoch 2
[top_50pct] Epoch 2/8 | lr=3.00e-05 | train_loss=0.0249 | val_loss=0.2542 val_auc=0.6734
[top_50pct] Epoch 3/8 | lr=3.00e-05 | train_loss=0.0233 | val_loss=0.2539 val_auc=0.6847
[top_50pct] Epoch 4/8 | lr=3.00e-05 | train_loss=0.0222 | val_loss=0.2441 val_auc=0.7002
[top_50pct] Epoch 5/8 | lr=3.00e-05 | train_loss=0.0215 | val_loss=0.2540 val_auc=0.7044
[top_50pct] Epoch 6/8 | lr=3.00e-05 | train_loss=0.0208 | val_loss=0.2521 val_auc=0.7074
[top_50pct] Epoch 7/8 | lr=3.00e-05 | train_loss=0.0203 | val_loss=0.2458 val_auc=0.7123
[top_50pct] Epoch 8/8 | lr=3.00e-05 | train_loss=0.0199 | val_loss=0.2651 val_auc=0.7161

--- Bottom-50% (44848 samples) ---
[bottom_50pct] Epoch 1/8 | lr=3.00e-04 | train_loss=0.2868 | val_loss=0.1902 val_auc=0.6344
[bottom_50pct] Unfreezing denseblock4 + norm5 at epoch 2
[bottom_50pct] Epoch 2/8 | lr=3.00e-05 | train_loss=0.2726 | val_loss=0.1859 val_auc=0.7046
[bottom_50pct] Epoch 3/8 | lr=3.00e-05 | train_loss=0.2666 | val_loss=0.1817 val_auc=0.7269
[bottom_50pct] Epoch 4/8 | lr=3.00e-05 | train_loss=0.2629 | val_loss=0.1793 val_auc=0.7370
[bottom_50pct] Epoch 5/8 | lr=3.00e-05 | train_loss=0.2599 | val_loss=0.1777 val_auc=0.7456
[bottom_50pct] Epoch 6/8 | lr=3.00e-05 | train_loss=0.2577 | val_loss=0.1781 val_auc=0.7492
[bottom_50pct] Epoch 7/8 | lr=3.00e-05 | train_loss=0.2555 | val_loss=0.1773 val_auc=0.7529
[bottom_50pct] Epoch 8/8 | lr=3.00e-05 | train_loss=0.2541 | val_loss=0.1782 val_auc=0.7530

--- Random-50% seed=43 (44848 samples) ---
[random_50pct_s43] Epoch 1/8 | lr=3.00e-04 | train_loss=0.1860 | val_loss=0.1741 val_auc=0.6555
[random_50pct_s43] Unfreezing denseblock4 + norm5 at epoch 2
[random_50pct_s43] Epoch 2/8 | lr=3.00e-05 | train_loss=0.1726 | val_loss=0.1656 val_auc=0.7376
[random_50pct_s43] Epoch 3/8 | lr=3.00e-05 | train_loss=0.1683 | val_loss=0.1627 val_auc=0.7574
[random_50pct_s43] Epoch 4/8 | lr=3.00e-05 | train_loss=0.1655 | val_loss=0.1612 val_auc=0.7681
[random_50pct_s43] Epoch 5/8 | lr=3.00e-05 | train_loss=0.1637 | val_loss=0.1601 val_auc=0.7755
[random_50pct_s43] Epoch 6/8 | lr=3.00e-05 | train_loss=0.1622 | val_loss=0.1587 val_auc=0.7808
[random_50pct_s43] Epoch 7/8 | lr=3.00e-05 | train_loss=0.1609 | val_loss=0.1582 val_auc=0.7833
[random_50pct_s43] Epoch 8/8 | lr=3.00e-05 | train_loss=0.1597 | val_loss=0.1577 val_auc=0.7868

--- Top-30% (26909 samples) ---
[top_30pct] Epoch 1/8 | lr=3.00e-04 | train_loss=0.0206 | val_loss=0.3280 val_auc=0.5238
[top_30pct] Unfreezing denseblock4 + norm5 at epoch 2
[top_30pct] Epoch 2/8 | lr=3.00e-05 | train_loss=0.0080 | val_loss=0.2629 val_auc=0.6639
[top_30pct] Epoch 3/8 | lr=3.00e-05 | train_loss=0.0069 | val_loss=0.2841 val_auc=0.6681
[top_30pct] Epoch 4/8 | lr=3.00e-05 | train_loss=0.0065 | val_loss=0.2836 val_auc=0.6803
[top_30pct] Epoch 5/8 | lr=3.00e-05 | train_loss=0.0062 | val_loss=0.2911 val_auc=0.6805
[top_30pct] Epoch 6/8 | lr=3.00e-05 | train_loss=0.0059 | val_loss=0.2805 val_auc=0.6781
[top_30pct] Epoch 7/8 | lr=3.00e-05 | train_loss=0.0057 | val_loss=0.2766 val_auc=0.6848
[top_30pct] Epoch 8/8 | lr=3.00e-05 | train_loss=0.0054 | val_loss=0.2773 val_auc=0.6869

--- Bottom-30% (26909 samples) ---
[bottom_30pct] Epoch 1/8 | lr=3.00e-04 | train_loss=0.3413 | val_loss=0.2137 val_auc=0.6016
[bottom_30pct] Unfreezing denseblock4 + norm5 at epoch 2
[bottom_30pct] Epoch 2/8 | lr=3.00e-05 | train_loss=0.3261 | val_loss=0.2072 val_auc=0.6633
[bottom_30pct] Epoch 3/8 | lr=3.00e-05 | train_loss=0.3191 | val_loss=0.2053 val_auc=0.6859
[bottom_30pct] Epoch 4/8 | lr=3.00e-05 | train_loss=0.3149 | val_loss=0.2022 val_auc=0.7006
[bottom_30pct] Epoch 5/8 | lr=3.00e-05 | train_loss=0.3114 | val_loss=0.2025 val_auc=0.7087
[bottom_30pct] Epoch 6/8 | lr=3.00e-05 | train_loss=0.3090 | val_loss=0.1989 val_auc=0.7148
[bottom_30pct] Epoch 7/8 | lr=3.00e-05 | train_loss=0.3071 | val_loss=0.2013 val_auc=0.7187
[bottom_30pct] Epoch 8/8 | lr=3.00e-05 | train_loss=0.3050 | val_loss=0.2013 val_auc=0.7204

--- Random-30% seed=43 (26909 samples) ---
[random_30pct_s43] Epoch 1/8 | lr=3.00e-04 | train_loss=0.1905 | val_loss=0.1770 val_auc=0.6221
[random_30pct_s43] Unfreezing denseblock4 + norm5 at epoch 2
[random_30pct_s43] Epoch 2/8 | lr=3.00e-05 | train_loss=0.1757 | val_loss=0.1679 val_auc=0.7121
[random_30pct_s43] Epoch 3/8 | lr=3.00e-05 | train_loss=0.1711 | val_loss=0.1651 val_auc=0.7405
[random_30pct_s43] Epoch 4/8 | lr=3.00e-05 | train_loss=0.1689 | val_loss=0.1634 val_auc=0.7526
[random_30pct_s43] Epoch 5/8 | lr=3.00e-05 | train_loss=0.1669 | val_loss=0.1624 val_auc=0.7595
[random_30pct_s43] Epoch 6/8 | lr=3.00e-05 | train_loss=0.1652 | val_loss=0.1612 val_auc=0.7683
[random_30pct_s43] Epoch 7/8 | lr=3.00e-05 | train_loss=0.1639 | val_loss=0.1605 val_auc=0.7713
[random_30pct_s43] Epoch 8/8 | lr=3.00e-05 | train_loss=0.1620 | val_loss=0.1599 val_auc=0.7761

Pipeline completed in 878.9 minutes.
Outputs saved to: /scratch/jsiu/OpenMedImgDataVal/src/outputs/xray/class/ot
Report: /scratch/jsiu/OpenMedImgDataVal/src/outputs/xray/class/ot/final_report.txt
=== Job finished at Thu Mar 26 02:55:41 AM PDT 2026 ===
