=== Job 30600568 started on fc10909 at Mon Mar 30 05:10:35 PM PDT 2026 ===
Python: Python 3.11.5
PyTorch: 2.9.1+cu128
CUDA available: True
GPU: NVIDIA H100 80GB HBM3 MIG 3g.40gb

============================================================
OpenMedImgDataVal Pipeline
============================================================
  Modality : xray
  Task     : class
  DV Method: shap
  Output   : /scratch/jsiu/OpenMedImgDataVal/src/outputs/xray/class/shap
============================================================
Device: cuda
Classification: Multi-label (14 classes)

============================================================
SECTION 1: DATA DOWNLOAD
============================================================
KAGGLE_CACHE_DIR = /scratch/jsiu/OpenMedImgDataVal/src/data
Downloading nih-chest-xrays/data via kagglehub...
Dataset path: /home/jsiu/.cache/kagglehub/datasets/nih-chest-xrays/data/versions/3
Indexed 112120 images
Loaded 112120 images (0 skipped — not found on disk)
Train: 89696, Val: 11212, Test: 11212
Classes: 14 (Atelectasis, Cardiomegaly, Effusion, Infiltration, Mass, Nodule, Pneumonia, Pneumothorax, Consolidation, Edema, Emphysema, Fibrosis, Pleural_Thickening, Hernia)

============================================================
SECTION 2: HYPERPARAMETER OPTIMISATION
============================================================

============================================================
Hyperparameter Optimisation (3 trials, 10 epochs each)
============================================================
[hpo_trial_0] Epoch 1/10 | lr=3.00e-04 | train_loss=0.1807 | val_loss=0.1709 val_auc=0.6929
[hpo_trial_0] Epoch 2/10 | lr=3.00e-04 | train_loss=0.1743 | val_loss=0.1697 val_auc=0.7187
[hpo_trial_0] Epoch 3/10 | lr=3.00e-04 | train_loss=0.1740 | val_loss=0.1703 val_auc=0.7252
[hpo_trial_0] Unfreezing denseblock4 + norm5 at epoch 4
[hpo_trial_0] Epoch 4/10 | lr=3.00e-05 | train_loss=0.1683 | val_loss=0.1613 val_auc=0.7726
[hpo_trial_0] Epoch 5/10 | lr=3.00e-05 | train_loss=0.1637 | val_loss=0.1586 val_auc=0.7863
[hpo_trial_0] Epoch 6/10 | lr=3.00e-05 | train_loss=0.1612 | val_loss=0.1578 val_auc=0.7920
[hpo_trial_0] Epoch 7/10 | lr=3.00e-05 | train_loss=0.1593 | val_loss=0.1563 val_auc=0.7971
[hpo_trial_0] Epoch 8/10 | lr=3.00e-05 | train_loss=0.1579 | val_loss=0.1554 val_auc=0.8018
[hpo_trial_0] Epoch 9/10 | lr=3.00e-05 | train_loss=0.1565 | val_loss=0.1553 val_auc=0.8044
[hpo_trial_0] Epoch 10/10 | lr=3.00e-05 | train_loss=0.1556 | val_loss=0.1543 val_auc=0.8076
  Trial 1/3 | val_auc=0.8076 *best* | head_lr=3.0e-04 finetune_lr=3.0e-05 dropout=0.4 wd_ft=3.0e-04 unfreeze_ep=4
[hpo_trial_1] Epoch 1/10 | lr=5.00e-04 | train_loss=0.1763 | val_loss=0.1707 val_auc=0.7150
[hpo_trial_1] Epoch 2/10 | lr=5.00e-04 | train_loss=0.1720 | val_loss=0.1692 val_auc=0.7260
[hpo_trial_1] Unfreezing denseblock4 + norm5 at epoch 3
[hpo_trial_1] Epoch 3/10 | lr=3.00e-05 | train_loss=0.1660 | val_loss=0.1608 val_auc=0.7729
[hpo_trial_1] Epoch 4/10 | lr=3.00e-05 | train_loss=0.1619 | val_loss=0.1584 val_auc=0.7853
[hpo_trial_1] Epoch 5/10 | lr=3.00e-05 | train_loss=0.1597 | val_loss=0.1573 val_auc=0.7909
[hpo_trial_1] Epoch 6/10 | lr=3.00e-05 | train_loss=0.1580 | val_loss=0.1565 val_auc=0.7971
[hpo_trial_1] Epoch 7/10 | lr=3.00e-05 | train_loss=0.1564 | val_loss=0.1554 val_auc=0.8009
[hpo_trial_1] Epoch 8/10 | lr=3.00e-05 | train_loss=0.1550 | val_loss=0.1553 val_auc=0.8033
[hpo_trial_1] Epoch 9/10 | lr=3.00e-05 | train_loss=0.1541 | val_loss=0.1546 val_auc=0.8054
[hpo_trial_1] Epoch 10/10 | lr=3.00e-05 | train_loss=0.1530 | val_loss=0.1548 val_auc=0.8066
  Trial 2/3 | val_auc=0.8066 | head_lr=5.0e-04 finetune_lr=3.0e-05 dropout=0.2 wd_ft=1.0e-03 unfreeze_ep=3
[hpo_trial_2] Epoch 1/10 | lr=3.00e-04 | train_loss=0.1792 | val_loss=0.1704 val_auc=0.7044
[hpo_trial_2] Epoch 2/10 | lr=3.00e-04 | train_loss=0.1730 | val_loss=0.1689 val_auc=0.7257
[hpo_trial_2] Epoch 3/10 | lr=3.00e-04 | train_loss=0.1724 | val_loss=0.1685 val_auc=0.7286
[hpo_trial_2] Epoch 4/10 | lr=3.00e-04 | train_loss=0.1720 | val_loss=0.1690 val_auc=0.7280
[hpo_trial_2] Epoch 5/10 | lr=3.00e-04 | train_loss=0.1721 | val_loss=0.1686 val_auc=0.7300
[hpo_trial_2] Epoch 6/10 | lr=3.00e-04 | train_loss=0.1720 | val_loss=0.1687 val_auc=0.7335
[hpo_trial_2] Epoch 7/10 | lr=3.00e-04 | train_loss=0.1720 | val_loss=0.1676 val_auc=0.7347
[hpo_trial_2] Unfreezing denseblock4 + norm5 at epoch 8
[hpo_trial_2] Epoch 8/10 | lr=3.00e-05 | train_loss=0.1669 | val_loss=0.1606 val_auc=0.7762
[hpo_trial_2] Epoch 9/10 | lr=3.00e-05 | train_loss=0.1625 | val_loss=0.1586 val_auc=0.7881
[hpo_trial_2] Epoch 10/10 | lr=3.00e-05 | train_loss=0.1603 | val_loss=0.1573 val_auc=0.7944
  Trial 3/3 | val_auc=0.7944 | head_lr=3.0e-04 finetune_lr=3.0e-05 dropout=0.3 wd_ft=3.0e-04 unfreeze_ep=8

Best config (val_auc=0.8076): {'head_lr': 0.0003, 'finetune_lr': 3e-05, 'dropout': 0.4, 'weight_decay_finetune': 0.0003, 'unfreeze_epoch': 4}
============================================================


============================================================
SECTION 3: MODEL TRAINING (100% data)
============================================================
[full_100pct] Epoch 1/20 | lr=3.00e-04 | train_loss=0.1807 | val_loss=0.1709 val_auc=0.6929
[full_100pct] Epoch 2/20 | lr=3.00e-04 | train_loss=0.1743 | val_loss=0.1697 val_auc=0.7187
[full_100pct] Epoch 3/20 | lr=3.00e-04 | train_loss=0.1740 | val_loss=0.1703 val_auc=0.7252
[full_100pct] Unfreezing denseblock4 + norm5 at epoch 4
[full_100pct] Epoch 4/20 | lr=3.00e-05 | train_loss=0.1683 | val_loss=0.1613 val_auc=0.7726
[full_100pct] Epoch 5/20 | lr=3.00e-05 | train_loss=0.1637 | val_loss=0.1586 val_auc=0.7863
[full_100pct] Epoch 6/20 | lr=3.00e-05 | train_loss=0.1612 | val_loss=0.1578 val_auc=0.7920
[full_100pct] Epoch 7/20 | lr=3.00e-05 | train_loss=0.1593 | val_loss=0.1563 val_auc=0.7971
[full_100pct] Epoch 8/20 | lr=3.00e-05 | train_loss=0.1579 | val_loss=0.1554 val_auc=0.8018
[full_100pct] Epoch 9/20 | lr=3.00e-05 | train_loss=0.1565 | val_loss=0.1553 val_auc=0.8044
[full_100pct] Epoch 10/20 | lr=3.00e-05 | train_loss=0.1556 | val_loss=0.1543 val_auc=0.8076
[full_100pct] Epoch 11/20 | lr=3.00e-05 | train_loss=0.1547 | val_loss=0.1543 val_auc=0.8087
[full_100pct] Epoch 12/20 | lr=3.00e-05 | train_loss=0.1537 | val_loss=0.1541 val_auc=0.8096
[full_100pct] Epoch 13/20 | lr=3.00e-05 | train_loss=0.1528 | val_loss=0.1533 val_auc=0.8127
[full_100pct] Epoch 14/20 | lr=3.00e-05 | train_loss=0.1521 | val_loss=0.1532 val_auc=0.8126
[full_100pct] Epoch 15/20 | lr=3.00e-05 | train_loss=0.1514 | val_loss=0.1529 val_auc=0.8136
[full_100pct] Epoch 16/20 | lr=3.00e-05 | train_loss=0.1506 | val_loss=0.1530 val_auc=0.8151
[full_100pct] Epoch 17/20 | lr=3.00e-05 | train_loss=0.1500 | val_loss=0.1529 val_auc=0.8158
[full_100pct] Epoch 18/20 | lr=3.00e-05 | train_loss=0.1493 | val_loss=0.1525 val_auc=0.8166
[full_100pct] Epoch 19/20 | lr=3.00e-05 | train_loss=0.1488 | val_loss=0.1523 val_auc=0.8167
[full_100pct] Epoch 20/20 | lr=3.00e-05 | train_loss=0.1482 | val_loss=0.1524 val_auc=0.8166

Full model results:
  Train AUC: 0.8497
  Val AUC:   0.8167
  Test AUC:  0.8086
  Per-class Test AUC:
    Atelectasis: 0.7850
    Cardiomegaly: 0.8808
    Effusion: 0.8624
    Infiltration: 0.7107
    Mass: 0.7781
    Nodule: 0.6999
    Pneumonia: 0.7141
    Pneumothorax: 0.8748
    Consolidation: 0.7880
    Edema: 0.8919
    Emphysema: 0.8882
    Fibrosis: 0.7797
    Pleural_Thickening: 0.7832
    Hernia: 0.8844

============================================================
SECTION 4: SHAPLEY DATA VALUATION
============================================================
Extracting embeddings...
Computing Shapley values...
Optimising KNN k value...
  KNN k=   1  val_acc=0.926023
  KNN k=   3  val_acc=0.942167
  KNN k=   5  val_acc=0.945651
  KNN k=  10  val_acc=0.946690
  KNN k=  20  val_acc=0.948365
  KNN k=  50  val_acc=0.949334
  -> Best k=50 (val_acc=0.949334)
Shapley: approximate mode using top M*=5000 nearest train points per val.

Shapley values: min=-0.000188, max=0.000114, mean=0.000005, std=0.000017

Top 10 Shapley samples:
  1. 00026501_001.png: 0.000114
  2. 00020955_000.png: 0.000097
  3. 00026427_000.png: 0.000097
  4. 00016024_000.png: 0.000096
  5. 00005781_004.png: 0.000096
  6. 00010274_000.png: 0.000094
  7. 00009304_000.png: 0.000093
  8. 00023778_000.png: 0.000089
  9. 00006669_001.png: 0.000088
  10. 00020052_001.png: 0.000088

Bottom 10 Shapley samples:
  1. 00008727_023.png: -0.000188
  2. 00010914_005.png: -0.000182
  3. 00018497_000.png: -0.000174
  4. 00001892_001.png: -0.000173
  5. 00014809_021.png: -0.000172
  6. 00006752_008.png: -0.000172
  7. 00016630_003.png: -0.000169
  8. 00021404_001.png: -0.000166
  9. 00010563_003.png: -0.000164
  10. 00017549_000.png: -0.000161

============================================================
SECTION 5: SUBSET RETRAINING EXPERIMENTS
============================================================
Fractions: [90, 80, 70, 50, 30]%
Strategies: Top-N, Bottom-N, Random-N (x1 seeds)

--- Top-90% (80726 samples) ---
[top_90pct] Epoch 1/8 | lr=3.00e-04 | train_loss=0.1685 | val_loss=0.1731 val_auc=0.6914
[top_90pct] Unfreezing denseblock4 + norm5 at epoch 2
[top_90pct] Epoch 2/8 | lr=3.00e-05 | train_loss=0.1541 | val_loss=0.1663 val_auc=0.7578
[top_90pct] Epoch 3/8 | lr=3.00e-05 | train_loss=0.1483 | val_loss=0.1639 val_auc=0.7730
[top_90pct] Epoch 4/8 | lr=3.00e-05 | train_loss=0.1452 | val_loss=0.1619 val_auc=0.7821
[top_90pct] Epoch 5/8 | lr=3.00e-05 | train_loss=0.1431 | val_loss=0.1623 val_auc=0.7862
[top_90pct] Epoch 6/8 | lr=3.00e-05 | train_loss=0.1411 | val_loss=0.1613 val_auc=0.7912
[top_90pct] Epoch 7/8 | lr=3.00e-05 | train_loss=0.1398 | val_loss=0.1597 val_auc=0.7953
[top_90pct] Epoch 8/8 | lr=3.00e-05 | train_loss=0.1389 | val_loss=0.1623 val_auc=0.7955

--- Bottom-90% (80726 samples) ---
[bottom_90pct] Epoch 1/8 | lr=3.00e-04 | train_loss=0.1960 | val_loss=0.1721 val_auc=0.6910
[bottom_90pct] Unfreezing denseblock4 + norm5 at epoch 2
[bottom_90pct] Epoch 2/8 | lr=3.00e-05 | train_loss=0.1840 | val_loss=0.1622 val_auc=0.7609
[bottom_90pct] Epoch 3/8 | lr=3.00e-05 | train_loss=0.1791 | val_loss=0.1599 val_auc=0.7777
[bottom_90pct] Epoch 4/8 | lr=3.00e-05 | train_loss=0.1760 | val_loss=0.1580 val_auc=0.7862
[bottom_90pct] Epoch 5/8 | lr=3.00e-05 | train_loss=0.1740 | val_loss=0.1567 val_auc=0.7919
[bottom_90pct] Epoch 6/8 | lr=3.00e-05 | train_loss=0.1724 | val_loss=0.1560 val_auc=0.7955
[bottom_90pct] Epoch 7/8 | lr=3.00e-05 | train_loss=0.1710 | val_loss=0.1554 val_auc=0.7990
[bottom_90pct] Epoch 8/8 | lr=3.00e-05 | train_loss=0.1699 | val_loss=0.1550 val_auc=0.8015

--- Random-90% seed=43 (80726 samples) ---
[random_90pct_s43] Epoch 1/8 | lr=3.00e-04 | train_loss=0.1810 | val_loss=0.1710 val_auc=0.6885
[random_90pct_s43] Unfreezing denseblock4 + norm5 at epoch 2
[random_90pct_s43] Epoch 2/8 | lr=3.00e-05 | train_loss=0.1690 | val_loss=0.1625 val_auc=0.7611
[random_90pct_s43] Epoch 3/8 | lr=3.00e-05 | train_loss=0.1643 | val_loss=0.1595 val_auc=0.7785
[random_90pct_s43] Epoch 4/8 | lr=3.00e-05 | train_loss=0.1615 | val_loss=0.1578 val_auc=0.7878
[random_90pct_s43] Epoch 5/8 | lr=3.00e-05 | train_loss=0.1598 | val_loss=0.1569 val_auc=0.7926
[random_90pct_s43] Epoch 6/8 | lr=3.00e-05 | train_loss=0.1581 | val_loss=0.1560 val_auc=0.7974
[random_90pct_s43] Epoch 7/8 | lr=3.00e-05 | train_loss=0.1569 | val_loss=0.1555 val_auc=0.8001
[random_90pct_s43] Epoch 8/8 | lr=3.00e-05 | train_loss=0.1558 | val_loss=0.1549 val_auc=0.8025

--- Top-80% (71757 samples) ---
[top_80pct] Epoch 1/8 | lr=3.00e-04 | train_loss=0.1472 | val_loss=0.1737 val_auc=0.6739
[top_80pct] Unfreezing denseblock4 + norm5 at epoch 2
[top_80pct] Epoch 2/8 | lr=3.00e-05 | train_loss=0.1305 | val_loss=0.1730 val_auc=0.7361
[top_80pct] Epoch 3/8 | lr=3.00e-05 | train_loss=0.1239 | val_loss=0.1745 val_auc=0.7571
[top_80pct] Epoch 4/8 | lr=3.00e-05 | train_loss=0.1203 | val_loss=0.1734 val_auc=0.7657
[top_80pct] Epoch 5/8 | lr=3.00e-05 | train_loss=0.1181 | val_loss=0.1715 val_auc=0.7731
[top_80pct] Epoch 6/8 | lr=3.00e-05 | train_loss=0.1161 | val_loss=0.1768 val_auc=0.7689
[top_80pct] Epoch 7/8 | lr=3.00e-05 | train_loss=0.1146 | val_loss=0.1702 val_auc=0.7810
[top_80pct] Epoch 8/8 | lr=3.00e-05 | train_loss=0.1133 | val_loss=0.1750 val_auc=0.7798

--- Bottom-80% (71757 samples) ---
[bottom_80pct] Epoch 1/8 | lr=3.00e-04 | train_loss=0.2140 | val_loss=0.1738 val_auc=0.6769
[bottom_80pct] Unfreezing denseblock4 + norm5 at epoch 2
[bottom_80pct] Epoch 2/8 | lr=3.00e-05 | train_loss=0.2013 | val_loss=0.1638 val_auc=0.7557
[bottom_80pct] Epoch 3/8 | lr=3.00e-05 | train_loss=0.1962 | val_loss=0.1617 val_auc=0.7713
[bottom_80pct] Epoch 4/8 | lr=3.00e-05 | train_loss=0.1930 | val_loss=0.1599 val_auc=0.7793
[bottom_80pct] Epoch 5/8 | lr=3.00e-05 | train_loss=0.1908 | val_loss=0.1591 val_auc=0.7854
[bottom_80pct] Epoch 6/8 | lr=3.00e-05 | train_loss=0.1890 | val_loss=0.1581 val_auc=0.7884
[bottom_80pct] Epoch 7/8 | lr=3.00e-05 | train_loss=0.1876 | val_loss=0.1565 val_auc=0.7937
[bottom_80pct] Epoch 8/8 | lr=3.00e-05 | train_loss=0.1864 | val_loss=0.1564 val_auc=0.7943

--- Random-80% seed=43 (71757 samples) ---
[random_80pct_s43] Epoch 1/8 | lr=3.00e-04 | train_loss=0.1814 | val_loss=0.1719 val_auc=0.6834
[random_80pct_s43] Unfreezing denseblock4 + norm5 at epoch 2
[random_80pct_s43] Epoch 2/8 | lr=3.00e-05 | train_loss=0.1696 | val_loss=0.1628 val_auc=0.7564
[random_80pct_s43] Epoch 3/8 | lr=3.00e-05 | train_loss=0.1649 | val_loss=0.1601 val_auc=0.7725
[random_80pct_s43] Epoch 4/8 | lr=3.00e-05 | train_loss=0.1622 | val_loss=0.1584 val_auc=0.7853
[random_80pct_s43] Epoch 5/8 | lr=3.00e-05 | train_loss=0.1602 | val_loss=0.1572 val_auc=0.7913
[random_80pct_s43] Epoch 6/8 | lr=3.00e-05 | train_loss=0.1587 | val_loss=0.1561 val_auc=0.7959
[random_80pct_s43] Epoch 7/8 | lr=3.00e-05 | train_loss=0.1575 | val_loss=0.1558 val_auc=0.7985
[random_80pct_s43] Epoch 8/8 | lr=3.00e-05 | train_loss=0.1566 | val_loss=0.1553 val_auc=0.8014

--- Top-70% (62787 samples) ---
[top_70pct] Epoch 1/8 | lr=3.00e-04 | train_loss=0.1121 | val_loss=0.1833 val_auc=0.6462
[top_70pct] Unfreezing denseblock4 + norm5 at epoch 2
[top_70pct] Epoch 2/8 | lr=3.00e-05 | train_loss=0.0936 | val_loss=0.1887 val_auc=0.7106
[top_70pct] Epoch 3/8 | lr=3.00e-05 | train_loss=0.0869 | val_loss=0.1960 val_auc=0.7180
[top_70pct] Epoch 4/8 | lr=3.00e-05 | train_loss=0.0836 | val_loss=0.1922 val_auc=0.7330
[top_70pct] Epoch 5/8 | lr=3.00e-05 | train_loss=0.0813 | val_loss=0.2028 val_auc=0.7291
[top_70pct] Epoch 6/8 | lr=3.00e-05 | train_loss=0.0797 | val_loss=0.1993 val_auc=0.7401
[top_70pct] Epoch 7/8 | lr=3.00e-05 | train_loss=0.0782 | val_loss=0.2028 val_auc=0.7374
[top_70pct] Epoch 8/8 | lr=3.00e-05 | train_loss=0.0768 | val_loss=0.1969 val_auc=0.7458

--- Bottom-70% (62787 samples) ---
[bottom_70pct] Epoch 1/8 | lr=3.00e-04 | train_loss=0.2340 | val_loss=0.1777 val_auc=0.6690
[bottom_70pct] Unfreezing denseblock4 + norm5 at epoch 2
[bottom_70pct] Epoch 2/8 | lr=3.00e-05 | train_loss=0.2210 | val_loss=0.1672 val_auc=0.7412
[bottom_70pct] Epoch 3/8 | lr=3.00e-05 | train_loss=0.2152 | val_loss=0.1649 val_auc=0.7588
[bottom_70pct] Epoch 4/8 | lr=3.00e-05 | train_loss=0.2123 | val_loss=0.1628 val_auc=0.7696
[bottom_70pct] Epoch 5/8 | lr=3.00e-05 | train_loss=0.2100 | val_loss=0.1627 val_auc=0.7733
[bottom_70pct] Epoch 6/8 | lr=3.00e-05 | train_loss=0.2079 | val_loss=0.1619 val_auc=0.7779
[bottom_70pct] Epoch 7/8 | lr=3.00e-05 | train_loss=0.2063 | val_loss=0.1611 val_auc=0.7793
[bottom_70pct] Epoch 8/8 | lr=3.00e-05 | train_loss=0.2050 | val_loss=0.1610 val_auc=0.7846

--- Random-70% seed=43 (62787 samples) ---
[random_70pct_s43] Epoch 1/8 | lr=3.00e-04 | train_loss=0.1828 | val_loss=0.1726 val_auc=0.6762
[random_70pct_s43] Unfreezing denseblock4 + norm5 at epoch 2
[random_70pct_s43] Epoch 2/8 | lr=3.00e-05 | train_loss=0.1708 | val_loss=0.1642 val_auc=0.7487
[random_70pct_s43] Epoch 3/8 | lr=3.00e-05 | train_loss=0.1657 | val_loss=0.1611 val_auc=0.7666
[random_70pct_s43] Epoch 4/8 | lr=3.00e-05 | train_loss=0.1633 | val_loss=0.1595 val_auc=0.7784
[random_70pct_s43] Epoch 5/8 | lr=3.00e-05 | train_loss=0.1614 | val_loss=0.1587 val_auc=0.7847
[random_70pct_s43] Epoch 6/8 | lr=3.00e-05 | train_loss=0.1598 | val_loss=0.1575 val_auc=0.7912
[random_70pct_s43] Epoch 7/8 | lr=3.00e-05 | train_loss=0.1586 | val_loss=0.1565 val_auc=0.7939
[random_70pct_s43] Epoch 8/8 | lr=3.00e-05 | train_loss=0.1573 | val_loss=0.1567 val_auc=0.7972

--- Top-50% (44848 samples) ---
[top_50pct] Epoch 1/8 | lr=3.00e-04 | train_loss=0.0455 | val_loss=0.2400 val_auc=0.5695
[top_50pct] Unfreezing denseblock4 + norm5 at epoch 2
[top_50pct] Epoch 2/8 | lr=3.00e-05 | train_loss=0.0297 | val_loss=0.2516 val_auc=0.6801
[top_50pct] Epoch 3/8 | lr=3.00e-05 | train_loss=0.0252 | val_loss=0.2656 val_auc=0.6859
[top_50pct] Epoch 4/8 | lr=3.00e-05 | train_loss=0.0233 | val_loss=0.2681 val_auc=0.6902
[top_50pct] Epoch 5/8 | lr=3.00e-05 | train_loss=0.0220 | val_loss=0.2811 val_auc=0.6852
[top_50pct] Epoch 6/8 | lr=3.00e-05 | train_loss=0.0211 | val_loss=0.2720 val_auc=0.6914
[top_50pct] Epoch 7/8 | lr=3.00e-05 | train_loss=0.0203 | val_loss=0.2984 val_auc=0.6911
[top_50pct] Epoch 8/8 | lr=3.00e-05 | train_loss=0.0195 | val_loss=0.2867 val_auc=0.6895

--- Bottom-50% (44848 samples) ---
[bottom_50pct] Epoch 1/8 | lr=3.00e-04 | train_loss=0.2808 | val_loss=0.1908 val_auc=0.6394
[bottom_50pct] Unfreezing denseblock4 + norm5 at epoch 2
[bottom_50pct] Epoch 2/8 | lr=3.00e-05 | train_loss=0.2671 | val_loss=0.1822 val_auc=0.7168
[bottom_50pct] Epoch 3/8 | lr=3.00e-05 | train_loss=0.2608 | val_loss=0.1787 val_auc=0.7380
[bottom_50pct] Epoch 4/8 | lr=3.00e-05 | train_loss=0.2571 | val_loss=0.1764 val_auc=0.7501
[bottom_50pct] Epoch 5/8 | lr=3.00e-05 | train_loss=0.2542 | val_loss=0.1767 val_auc=0.7578
[bottom_50pct] Epoch 6/8 | lr=3.00e-05 | train_loss=0.2522 | val_loss=0.1743 val_auc=0.7603
[bottom_50pct] Epoch 7/8 | lr=3.00e-05 | train_loss=0.2505 | val_loss=0.1742 val_auc=0.7663
[bottom_50pct] Epoch 8/8 | lr=3.00e-05 | train_loss=0.2489 | val_loss=0.1746 val_auc=0.7682

--- Random-50% seed=43 (44848 samples) ---
[random_50pct_s43] Epoch 1/8 | lr=3.00e-04 | train_loss=0.1860 | val_loss=0.1741 val_auc=0.6555
[random_50pct_s43] Unfreezing denseblock4 + norm5 at epoch 2
[random_50pct_s43] Epoch 2/8 | lr=3.00e-05 | train_loss=0.1726 | val_loss=0.1656 val_auc=0.7376
[random_50pct_s43] Epoch 3/8 | lr=3.00e-05 | train_loss=0.1683 | val_loss=0.1627 val_auc=0.7574
[random_50pct_s43] Epoch 4/8 | lr=3.00e-05 | train_loss=0.1655 | val_loss=0.1612 val_auc=0.7681
[random_50pct_s43] Epoch 5/8 | lr=3.00e-05 | train_loss=0.1637 | val_loss=0.1601 val_auc=0.7755
[random_50pct_s43] Epoch 6/8 | lr=3.00e-05 | train_loss=0.1622 | val_loss=0.1587 val_auc=0.7808
[random_50pct_s43] Epoch 7/8 | lr=3.00e-05 | train_loss=0.1609 | val_loss=0.1582 val_auc=0.7833
[random_50pct_s43] Epoch 8/8 | lr=3.00e-05 | train_loss=0.1597 | val_loss=0.1577 val_auc=0.7868

--- Top-30% (26909 samples) ---
[top_30pct] Epoch 1/8 | lr=3.00e-04 | train_loss=0.0237 | val_loss=0.3102 val_auc=0.5316
[top_30pct] Unfreezing denseblock4 + norm5 at epoch 2
[top_30pct] Epoch 2/8 | lr=3.00e-05 | train_loss=0.0084 | val_loss=0.3162 val_auc=0.6609
[top_30pct] Epoch 3/8 | lr=3.00e-05 | train_loss=0.0061 | val_loss=0.3525 val_auc=0.6620
[top_30pct] Epoch 4/8 | lr=3.00e-05 | train_loss=0.0052 | val_loss=0.3413 val_auc=0.6627
[top_30pct] Epoch 5/8 | lr=3.00e-05 | train_loss=0.0047 | val_loss=0.3432 val_auc=0.6685
[top_30pct] Epoch 6/8 | lr=3.00e-05 | train_loss=0.0042 | val_loss=0.3779 val_auc=0.6635
[top_30pct] Epoch 7/8 | lr=3.00e-05 | train_loss=0.0041 | val_loss=0.3728 val_auc=0.6619
[top_30pct] Epoch 8/8 | lr=1.50e-05 | train_loss=0.0038 | val_loss=0.4061 val_auc=0.6604
[top_30pct] Early stopping at epoch 8.

--- Bottom-30% (26909 samples) ---
[bottom_30pct] Epoch 1/8 | lr=3.00e-04 | train_loss=0.3022 | val_loss=0.1974 val_auc=0.6028
[bottom_30pct] Unfreezing denseblock4 + norm5 at epoch 2
[bottom_30pct] Epoch 2/8 | lr=3.00e-05 | train_loss=0.2878 | val_loss=0.1938 val_auc=0.6892
[bottom_30pct] Epoch 3/8 | lr=3.00e-05 | train_loss=0.2829 | val_loss=0.1908 val_auc=0.7123
[bottom_30pct] Epoch 4/8 | lr=3.00e-05 | train_loss=0.2793 | val_loss=0.1920 val_auc=0.7238
[bottom_30pct] Epoch 5/8 | lr=3.00e-05 | train_loss=0.2769 | val_loss=0.1909 val_auc=0.7329
[bottom_30pct] Epoch 6/8 | lr=3.00e-05 | train_loss=0.2749 | val_loss=0.1887 val_auc=0.7367
[bottom_30pct] Epoch 7/8 | lr=3.00e-05 | train_loss=0.2736 | val_loss=0.1882 val_auc=0.7446
[bottom_30pct] Epoch 8/8 | lr=3.00e-05 | train_loss=0.2717 | val_loss=0.1890 val_auc=0.7445

--- Random-30% seed=43 (26909 samples) ---
[random_30pct_s43] Epoch 1/8 | lr=3.00e-04 | train_loss=0.1905 | val_loss=0.1770 val_auc=0.6221
[random_30pct_s43] Unfreezing denseblock4 + norm5 at epoch 2
[random_30pct_s43] Epoch 2/8 | lr=3.00e-05 | train_loss=0.1757 | val_loss=0.1679 val_auc=0.7121
[random_30pct_s43] Epoch 3/8 | lr=3.00e-05 | train_loss=0.1711 | val_loss=0.1651 val_auc=0.7405
[random_30pct_s43] Epoch 4/8 | lr=3.00e-05 | train_loss=0.1689 | val_loss=0.1634 val_auc=0.7526
[random_30pct_s43] Epoch 5/8 | lr=3.00e-05 | train_loss=0.1669 | val_loss=0.1624 val_auc=0.7595
[random_30pct_s43] Epoch 6/8 | lr=3.00e-05 | train_loss=0.1652 | val_loss=0.1612 val_auc=0.7683
[random_30pct_s43] Epoch 7/8 | lr=3.00e-05 | train_loss=0.1639 | val_loss=0.1605 val_auc=0.7713
[random_30pct_s43] Epoch 8/8 | lr=3.00e-05 | train_loss=0.1620 | val_loss=0.1599 val_auc=0.7761

Pipeline completed in 893.7 minutes.
Outputs saved to: /scratch/jsiu/OpenMedImgDataVal/src/outputs/xray/class/shap
Report: /scratch/jsiu/OpenMedImgDataVal/src/outputs/xray/class/shap/final_report.txt
=== Job finished at Tue Mar 31 08:08:07 AM PDT 2026 ===
