=== Job 29289376 started on fc10907 at Tue Mar 24 02:56:04 PM PDT 2026 ===
Python: Python 3.11.5
PyTorch: 2.9.1+cu128
CUDA available: True
GPU: NVIDIA H100 80GB HBM3 MIG 3g.40gb

============================================================
OpenMedImgDataVal Pipeline
============================================================
  Modality : xray
  Task     : class
  DV Method: shap
  Output   : /scratch/jsiu/OpenMedImgDataVal/src/outputs/xray/class/shap
============================================================
Device: cuda
Classification: Multi-label (14 classes)

============================================================
SECTION 1: DATA DOWNLOAD
============================================================
KAGGLE_CACHE_DIR = /scratch/jsiu/OpenMedImgDataVal/src/data
Downloading nih-chest-xrays/data via kagglehub...
Dataset path: /home/jsiu/.cache/kagglehub/datasets/nih-chest-xrays/data/versions/3
Indexed 112120 images
Loaded 112120 images (0 skipped — not found on disk)
Train: 89696, Val: 11212, Test: 11212
Classes: 14 (Atelectasis, Cardiomegaly, Effusion, Infiltration, Mass, Nodule, Pneumonia, Pneumothorax, Consolidation, Edema, Emphysema, Fibrosis, Pleural_Thickening, Hernia)

============================================================
SECTION 2: HYPERPARAMETER OPTIMISATION
============================================================

============================================================
Hyperparameter Optimisation (3 trials, 10 epochs each)
============================================================
[hpo_trial_0] Epoch 1/10 | lr=3.00e-04 | train_loss=0.1806 | val_loss=0.1709 val_auc=0.6929
[hpo_trial_0] Epoch 2/10 | lr=3.00e-04 | train_loss=0.1743 | val_loss=0.1694 val_auc=0.7188
[hpo_trial_0] Epoch 3/10 | lr=3.00e-04 | train_loss=0.1739 | val_loss=0.1703 val_auc=0.7245
[hpo_trial_0] Unfreezing denseblock4 + norm5 at epoch 4
[hpo_trial_0] Epoch 4/10 | lr=3.00e-05 | train_loss=0.1683 | val_loss=0.1612 val_auc=0.7726
[hpo_trial_0] Epoch 5/10 | lr=3.00e-05 | train_loss=0.1637 | val_loss=0.1588 val_auc=0.7862
[hpo_trial_0] Epoch 6/10 | lr=3.00e-05 | train_loss=0.1611 | val_loss=0.1574 val_auc=0.7919
[hpo_trial_0] Epoch 7/10 | lr=3.00e-05 | train_loss=0.1593 | val_loss=0.1566 val_auc=0.7954
[hpo_trial_0] Epoch 8/10 | lr=3.00e-05 | train_loss=0.1579 | val_loss=0.1556 val_auc=0.7996
[hpo_trial_0] Epoch 9/10 | lr=3.00e-05 | train_loss=0.1565 | val_loss=0.1552 val_auc=0.8032
[hpo_trial_0] Epoch 10/10 | lr=3.00e-05 | train_loss=0.1556 | val_loss=0.1542 val_auc=0.8070
  Trial 1/3 | val_auc=0.8070 *best* | head_lr=3.0e-04 finetune_lr=3.0e-05 dropout=0.4 wd_ft=3.0e-04 unfreeze_ep=4
[hpo_trial_1] Epoch 1/10 | lr=5.00e-04 | train_loss=0.1764 | val_loss=0.1710 val_auc=0.7149
[hpo_trial_1] Epoch 2/10 | lr=5.00e-04 | train_loss=0.1721 | val_loss=0.1691 val_auc=0.7253
[hpo_trial_1] Unfreezing denseblock4 + norm5 at epoch 3
[hpo_trial_1] Epoch 3/10 | lr=3.00e-05 | train_loss=0.1660 | val_loss=0.1608 val_auc=0.7718
[hpo_trial_1] Epoch 4/10 | lr=3.00e-05 | train_loss=0.1620 | val_loss=0.1587 val_auc=0.7835
[hpo_trial_1] Epoch 5/10 | lr=3.00e-05 | train_loss=0.1597 | val_loss=0.1574 val_auc=0.7898
[hpo_trial_1] Epoch 6/10 | lr=3.00e-05 | train_loss=0.1579 | val_loss=0.1564 val_auc=0.7958
[hpo_trial_1] Epoch 7/10 | lr=3.00e-05 | train_loss=0.1563 | val_loss=0.1554 val_auc=0.8005
[hpo_trial_1] Epoch 8/10 | lr=3.00e-05 | train_loss=0.1551 | val_loss=0.1550 val_auc=0.8042
[hpo_trial_1] Epoch 9/10 | lr=3.00e-05 | train_loss=0.1539 | val_loss=0.1545 val_auc=0.8058
[hpo_trial_1] Epoch 10/10 | lr=3.00e-05 | train_loss=0.1531 | val_loss=0.1543 val_auc=0.8064
  Trial 2/3 | val_auc=0.8064 | head_lr=5.0e-04 finetune_lr=3.0e-05 dropout=0.2 wd_ft=1.0e-03 unfreeze_ep=3
[hpo_trial_2] Epoch 1/10 | lr=3.00e-04 | train_loss=0.1792 | val_loss=0.1703 val_auc=0.7055
[hpo_trial_2] Epoch 2/10 | lr=3.00e-04 | train_loss=0.1731 | val_loss=0.1691 val_auc=0.7243
[hpo_trial_2] Epoch 3/10 | lr=3.00e-04 | train_loss=0.1723 | val_loss=0.1684 val_auc=0.7278
[hpo_trial_2] Epoch 4/10 | lr=3.00e-04 | train_loss=0.1721 | val_loss=0.1693 val_auc=0.7301
[hpo_trial_2] Epoch 5/10 | lr=3.00e-04 | train_loss=0.1721 | val_loss=0.1688 val_auc=0.7312
[hpo_trial_2] Epoch 6/10 | lr=3.00e-04 | train_loss=0.1721 | val_loss=0.1686 val_auc=0.7315
[hpo_trial_2] Epoch 7/10 | lr=3.00e-04 | train_loss=0.1719 | val_loss=0.1676 val_auc=0.7361
[hpo_trial_2] Unfreezing denseblock4 + norm5 at epoch 8
[hpo_trial_2] Epoch 8/10 | lr=3.00e-05 | train_loss=0.1669 | val_loss=0.1610 val_auc=0.7740
[hpo_trial_2] Epoch 9/10 | lr=3.00e-05 | train_loss=0.1628 | val_loss=0.1589 val_auc=0.7858
[hpo_trial_2] Epoch 10/10 | lr=3.00e-05 | train_loss=0.1604 | val_loss=0.1573 val_auc=0.7929
  Trial 3/3 | val_auc=0.7929 | head_lr=3.0e-04 finetune_lr=3.0e-05 dropout=0.3 wd_ft=3.0e-04 unfreeze_ep=8

Best config (val_auc=0.8070): {'head_lr': 0.0003, 'finetune_lr': 3e-05, 'dropout': 0.4, 'weight_decay_finetune': 0.0003, 'unfreeze_epoch': 4}
============================================================


============================================================
SECTION 3: MODEL TRAINING (100% data)
============================================================
[full_100pct] Epoch 1/20 | lr=3.00e-04 | train_loss=0.1806 | val_loss=0.1709 val_auc=0.6929
[full_100pct] Epoch 2/20 | lr=3.00e-04 | train_loss=0.1743 | val_loss=0.1694 val_auc=0.7188
[full_100pct] Epoch 3/20 | lr=3.00e-04 | train_loss=0.1739 | val_loss=0.1703 val_auc=0.7245
[full_100pct] Unfreezing denseblock4 + norm5 at epoch 4
[full_100pct] Epoch 4/20 | lr=3.00e-05 | train_loss=0.1683 | val_loss=0.1612 val_auc=0.7726
[full_100pct] Epoch 5/20 | lr=3.00e-05 | train_loss=0.1637 | val_loss=0.1588 val_auc=0.7862
[full_100pct] Epoch 6/20 | lr=3.00e-05 | train_loss=0.1611 | val_loss=0.1574 val_auc=0.7919
[full_100pct] Epoch 7/20 | lr=3.00e-05 | train_loss=0.1593 | val_loss=0.1566 val_auc=0.7954
[full_100pct] Epoch 8/20 | lr=3.00e-05 | train_loss=0.1579 | val_loss=0.1556 val_auc=0.7996
[full_100pct] Epoch 9/20 | lr=3.00e-05 | train_loss=0.1565 | val_loss=0.1552 val_auc=0.8032
[full_100pct] Epoch 10/20 | lr=3.00e-05 | train_loss=0.1556 | val_loss=0.1542 val_auc=0.8070
[full_100pct] Epoch 11/20 | lr=3.00e-05 | train_loss=0.1546 | val_loss=0.1539 val_auc=0.8072
[full_100pct] Epoch 12/20 | lr=3.00e-05 | train_loss=0.1537 | val_loss=0.1535 val_auc=0.8093
[full_100pct] Epoch 13/20 | lr=3.00e-05 | train_loss=0.1529 | val_loss=0.1532 val_auc=0.8123
[full_100pct] Epoch 14/20 | lr=3.00e-05 | train_loss=0.1522 | val_loss=0.1530 val_auc=0.8120
[full_100pct] Epoch 15/20 | lr=3.00e-05 | train_loss=0.1513 | val_loss=0.1526 val_auc=0.8141
[full_100pct] Epoch 16/20 | lr=3.00e-05 | train_loss=0.1508 | val_loss=0.1530 val_auc=0.8142
[full_100pct] Epoch 17/20 | lr=3.00e-05 | train_loss=0.1499 | val_loss=0.1527 val_auc=0.8140
[full_100pct] Epoch 18/20 | lr=3.00e-05 | train_loss=0.1492 | val_loss=0.1524 val_auc=0.8161
[full_100pct] Epoch 19/20 | lr=3.00e-05 | train_loss=0.1489 | val_loss=0.1523 val_auc=0.8167
[full_100pct] Epoch 20/20 | lr=3.00e-05 | train_loss=0.1482 | val_loss=0.1526 val_auc=0.8170

Full model results:
  Train AUC: 0.8495
  Val AUC:   0.8170
  Test AUC:  0.8087
  Per-class Test AUC:
    Atelectasis: 0.7866
    Cardiomegaly: 0.8768
    Effusion: 0.8634
    Infiltration: 0.7073
    Mass: 0.7816
    Nodule: 0.6958
    Pneumonia: 0.7106
    Pneumothorax: 0.8797
    Consolidation: 0.7956
    Edema: 0.8915
    Emphysema: 0.8789
    Fibrosis: 0.7872
    Pleural_Thickening: 0.7791
    Hernia: 0.8881

============================================================
SECTION 4: SHAPLEY DATA VALUATION
============================================================
Extracting embeddings...
Computing Shapley values...
Optimising KNN k value...
  KNN k=   1  val_acc=0.925762
  KNN k=   3  val_acc=0.941619
  KNN k=   5  val_acc=0.945671
  KNN k=  10  val_acc=0.946715
  KNN k=  20  val_acc=0.948505
  KNN k=  50  val_acc=0.949365
  -> Best k=50 (val_acc=0.949365)
Shapley: approximate mode using top M*=5000 nearest train points per val.

Shapley values: min=-0.000029, max=0.000068, mean=0.000010, std=0.000007

Top 10 Shapley samples:
  1. 00026501_001.png: 0.000068
  2. 00014006_011.png: 0.000066
  3. 00024858_000.png: 0.000062
  4. 00026427_000.png: 0.000060
  5. 00018689_003.png: 0.000058
  6. 00000206_001.png: 0.000055
  7. 00024240_000.png: 0.000054
  8. 00010658_002.png: 0.000054
  9. 00018065_008.png: 0.000053
  10. 00025297_005.png: 0.000052

Bottom 10 Shapley samples:
  1. 00024237_001.png: -0.000029
  2. 00011831_015.png: -0.000026
  3. 00005722_019.png: -0.000024
  4. 00019395_016.png: -0.000022
  5. 00001301_042.png: -0.000020
  6. 00018972_046.png: -0.000019
  7. 00019395_017.png: -0.000018
  8. 00025262_000.png: -0.000018
  9. 00020865_000.png: -0.000017
  10. 00009925_036.png: -0.000016

============================================================
SECTION 5: SUBSET RETRAINING EXPERIMENTS
============================================================
Fractions: [90, 80, 70, 50, 30]%
Strategies: Top-N, Bottom-N, Random-N (x1 seeds)

--- Top-90% (80726 samples) ---
[top_90pct] Epoch 1/3 | lr=3.00e-04 | train_loss=0.1531 | val_loss=0.1736 val_auc=0.6772
[top_90pct] Epoch 2/3 | lr=3.00e-04 | train_loss=0.1471 | val_loss=0.1720 val_auc=0.7071
[top_90pct] Epoch 3/3 | lr=3.00e-04 | train_loss=0.1465 | val_loss=0.1714 val_auc=0.7163

--- Bottom-90% (80726 samples) ---
[bottom_90pct] Epoch 1/3 | lr=3.00e-04 | train_loss=0.1939 | val_loss=0.1743 val_auc=0.6904
[bottom_90pct] Epoch 2/3 | lr=3.00e-04 | train_loss=0.1878 | val_loss=0.1697 val_auc=0.7150
[bottom_90pct] Epoch 3/3 | lr=3.00e-04 | train_loss=0.1874 | val_loss=0.1701 val_auc=0.7237

--- Random-90% seed=43 (80726 samples) ---
[random_90pct_s43] Epoch 1/3 | lr=3.00e-04 | train_loss=0.1809 | val_loss=0.1711 val_auc=0.6883
[random_90pct_s43] Epoch 2/3 | lr=3.00e-04 | train_loss=0.1745 | val_loss=0.1704 val_auc=0.7133
[random_90pct_s43] Epoch 3/3 | lr=3.00e-04 | train_loss=0.1740 | val_loss=0.1693 val_auc=0.7226

--- Top-80% (71757 samples) ---
[top_80pct] Epoch 1/3 | lr=3.00e-04 | train_loss=0.1383 | val_loss=0.1748 val_auc=0.6627
[top_80pct] Epoch 2/3 | lr=3.00e-04 | train_loss=0.1317 | val_loss=0.1748 val_auc=0.6929
[top_80pct] Epoch 3/3 | lr=3.00e-04 | train_loss=0.1309 | val_loss=0.1739 val_auc=0.7056

--- Bottom-80% (71757 samples) ---
[bottom_80pct] Epoch 1/3 | lr=3.00e-04 | train_loss=0.2080 | val_loss=0.1736 val_auc=0.6851
[bottom_80pct] Epoch 2/3 | lr=3.00e-04 | train_loss=0.2009 | val_loss=0.1713 val_auc=0.7102
[bottom_80pct] Epoch 3/3 | lr=3.00e-04 | train_loss=0.1999 | val_loss=0.1705 val_auc=0.7205

--- Random-80% seed=43 (71757 samples) ---
[random_80pct_s43] Epoch 1/3 | lr=3.00e-04 | train_loss=0.1815 | val_loss=0.1721 val_auc=0.6838
[random_80pct_s43] Epoch 2/3 | lr=3.00e-04 | train_loss=0.1750 | val_loss=0.1701 val_auc=0.7081
[random_80pct_s43] Epoch 3/3 | lr=3.00e-04 | train_loss=0.1740 | val_loss=0.1698 val_auc=0.7181

--- Top-70% (62787 samples) ---
[top_70pct] Epoch 1/3 | lr=3.00e-04 | train_loss=0.1246 | val_loss=0.1788 val_auc=0.6438
[top_70pct] Epoch 2/3 | lr=3.00e-04 | train_loss=0.1174 | val_loss=0.1787 val_auc=0.6778
[top_70pct] Epoch 3/3 | lr=3.00e-04 | train_loss=0.1166 | val_loss=0.1801 val_auc=0.6949

--- Bottom-70% (62787 samples) ---
[bottom_70pct] Epoch 1/3 | lr=3.00e-04 | train_loss=0.2219 | val_loss=0.1759 val_auc=0.6802
[bottom_70pct] Epoch 2/3 | lr=3.00e-04 | train_loss=0.2144 | val_loss=0.1717 val_auc=0.7042
[bottom_70pct] Epoch 3/3 | lr=3.00e-04 | train_loss=0.2133 | val_loss=0.1736 val_auc=0.7136

--- Random-70% seed=43 (62787 samples) ---
[random_70pct_s43] Epoch 1/3 | lr=3.00e-04 | train_loss=0.1828 | val_loss=0.1722 val_auc=0.6757
[random_70pct_s43] Epoch 2/3 | lr=3.00e-04 | train_loss=0.1756 | val_loss=0.1703 val_auc=0.7033
[random_70pct_s43] Epoch 3/3 | lr=3.00e-04 | train_loss=0.1744 | val_loss=0.1702 val_auc=0.7139

--- Top-50% (44848 samples) ---
[top_50pct] Epoch 1/3 | lr=3.00e-04 | train_loss=0.1001 | val_loss=0.1896 val_auc=0.5976
[top_50pct] Epoch 2/3 | lr=3.00e-04 | train_loss=0.0913 | val_loss=0.1905 val_auc=0.6354
[top_50pct] Epoch 3/3 | lr=3.00e-04 | train_loss=0.0903 | val_loss=0.1884 val_auc=0.6548

--- Bottom-50% (44848 samples) ---
[bottom_50pct] Epoch 1/3 | lr=3.00e-04 | train_loss=0.2540 | val_loss=0.1833 val_auc=0.6621
[bottom_50pct] Epoch 2/3 | lr=3.00e-04 | train_loss=0.2442 | val_loss=0.1774 val_auc=0.6945
[bottom_50pct] Epoch 3/3 | lr=3.00e-04 | train_loss=0.2427 | val_loss=0.1764 val_auc=0.7071

--- Random-50% seed=43 (44848 samples) ---
[random_50pct_s43] Epoch 1/3 | lr=3.00e-04 | train_loss=0.1860 | val_loss=0.1738 val_auc=0.6567
[random_50pct_s43] Epoch 2/3 | lr=3.00e-04 | train_loss=0.1770 | val_loss=0.1718 val_auc=0.6924
[random_50pct_s43] Epoch 3/3 | lr=3.00e-04 | train_loss=0.1760 | val_loss=0.1714 val_auc=0.7065

--- Top-30% (26909 samples) ---
[top_30pct] Epoch 1/3 | lr=3.00e-04 | train_loss=0.0769 | val_loss=0.2088 val_auc=0.5550
[top_30pct] Epoch 2/3 | lr=3.00e-04 | train_loss=0.0645 | val_loss=0.2088 val_auc=0.5830
[top_30pct] Epoch 3/3 | lr=3.00e-04 | train_loss=0.0636 | val_loss=0.2064 val_auc=0.6008

--- Bottom-30% (26909 samples) ---
[bottom_30pct] Epoch 1/3 | lr=3.00e-04 | train_loss=0.2970 | val_loss=0.1910 val_auc=0.6366
[bottom_30pct] Epoch 2/3 | lr=3.00e-04 | train_loss=0.2850 | val_loss=0.1819 val_auc=0.6744
[bottom_30pct] Epoch 3/3 | lr=3.00e-04 | train_loss=0.2823 | val_loss=0.1847 val_auc=0.6908

--- Random-30% seed=43 (26909 samples) ---
[random_30pct_s43] Epoch 1/3 | lr=3.00e-04 | train_loss=0.1905 | val_loss=0.1767 val_auc=0.6232
[random_30pct_s43] Epoch 2/3 | lr=3.00e-04 | train_loss=0.1797 | val_loss=0.1738 val_auc=0.6665
[random_30pct_s43] Epoch 3/3 | lr=3.00e-04 | train_loss=0.1774 | val_loss=0.1722 val_auc=0.6861

Pipeline completed in 246.7 minutes.
Outputs saved to: /scratch/jsiu/OpenMedImgDataVal/src/outputs/xray/class/shap
Report: /scratch/jsiu/OpenMedImgDataVal/src/outputs/xray/class/shap/final_report.txt
=== Job finished at Tue Mar 24 07:05:36 PM PDT 2026 ===
