=== Job 30852602 started on fc11001 at Tue Mar 31 06:35:53 PM PDT 2026 ===
Python: Python 3.11.5
PyTorch: 2.9.1+cu128
CUDA available: False
GPU: N/A

============================================================
OpenMedImgDataVal Pipeline
============================================================
  Modality : xray
  Task     : class
  DV Method: ot
  Output   : /scratch/jsiu/OpenMedImgDataVal/src/outputs/xray/class/ot
============================================================
Device: cpu
Classification: Multi-label (14 classes)

============================================================
SECTION 1: DATA DOWNLOAD
============================================================
KAGGLE_CACHE_DIR = /scratch/jsiu/OpenMedImgDataVal/src/data
Downloading nih-chest-xrays/data via kagglehub...
Dataset path: /home/jsiu/.cache/kagglehub/datasets/nih-chest-xrays/data/versions/3
Indexed 112120 images
Loaded 112120 images (0 skipped — not found on disk)
Train: 89696, Val: 11212, Test: 11212
Classes: 14 (Atelectasis, Cardiomegaly, Effusion, Infiltration, Mass, Nodule, Pneumonia, Pneumothorax, Consolidation, Edema, Emphysema, Fibrosis, Pleural_Thickening, Hernia)

============================================================
SECTION 2: HYPERPARAMETER OPTIMISATION
============================================================

============================================================
Hyperparameter Optimisation (3 trials, 10 epochs each)
============================================================
[hpo_trial_0] Epoch 1/10 | lr=3.00e-04 | train_loss=0.1805 | val_loss=0.1708 val_auc=0.6944
[hpo_trial_0] Epoch 2/10 | lr=3.00e-04 | train_loss=0.1743 | val_loss=0.1707 val_auc=0.7200
[hpo_trial_0] Epoch 3/10 | lr=3.00e-04 | train_loss=0.1737 | val_loss=0.1693 val_auc=0.7276
[hpo_trial_0] Unfreezing denseblock4 + norm5 at epoch 4
[hpo_trial_0] Epoch 4/10 | lr=3.00e-05 | train_loss=0.1681 | val_loss=0.1616 val_auc=0.7718
[hpo_trial_0] Epoch 5/10 | lr=3.00e-05 | train_loss=0.1637 | val_loss=0.1592 val_auc=0.7837
[hpo_trial_0] Epoch 6/10 | lr=3.00e-05 | train_loss=0.1612 | val_loss=0.1576 val_auc=0.7925
[hpo_trial_0] Epoch 7/10 | lr=3.00e-05 | train_loss=0.1593 | val_loss=0.1563 val_auc=0.7979
[hpo_trial_0] Epoch 8/10 | lr=3.00e-05 | train_loss=0.1579 | val_loss=0.1558 val_auc=0.8016
[hpo_trial_0] Epoch 9/10 | lr=3.00e-05 | train_loss=0.1567 | val_loss=0.1554 val_auc=0.8031
[hpo_trial_0] Epoch 10/10 | lr=3.00e-05 | train_loss=0.1555 | val_loss=0.1546 val_auc=0.8070
  Trial 1/3 | val_auc=0.8070 *best* | head_lr=3.0e-04 finetune_lr=3.0e-05 dropout=0.4 wd_ft=3.0e-04 unfreeze_ep=4
[hpo_trial_1] Epoch 1/10 | lr=5.00e-04 | train_loss=0.1767 | val_loss=0.1696 val_auc=0.7117
[hpo_trial_1] Epoch 2/10 | lr=5.00e-04 | train_loss=0.1722 | val_loss=0.1691 val_auc=0.7279
[hpo_trial_1] Unfreezing denseblock4 + norm5 at epoch 3
[hpo_trial_1] Epoch 3/10 | lr=3.00e-05 | train_loss=0.1661 | val_loss=0.1608 val_auc=0.7733
[hpo_trial_1] Epoch 4/10 | lr=3.00e-05 | train_loss=0.1618 | val_loss=0.1586 val_auc=0.7834
[hpo_trial_1] Epoch 5/10 | lr=3.00e-05 | train_loss=0.1595 | val_loss=0.1569 val_auc=0.7921
[hpo_trial_1] Epoch 6/10 | lr=3.00e-05 | train_loss=0.1578 | val_loss=0.1562 val_auc=0.7974
[hpo_trial_1] Epoch 7/10 | lr=3.00e-05 | train_loss=0.1563 | val_loss=0.1553 val_auc=0.8000
[hpo_trial_1] Epoch 8/10 | lr=3.00e-05 | train_loss=0.1552 | val_loss=0.1553 val_auc=0.8020
[hpo_trial_1] Epoch 9/10 | lr=3.00e-05 | train_loss=0.1539 | val_loss=0.1545 val_auc=0.8051
[hpo_trial_1] Epoch 10/10 | lr=3.00e-05 | train_loss=0.1532 | val_loss=0.1542 val_auc=0.8064
  Trial 2/3 | val_auc=0.8064 | head_lr=5.0e-04 finetune_lr=3.0e-05 dropout=0.2 wd_ft=1.0e-03 unfreeze_ep=3
[hpo_trial_2] Epoch 1/10 | lr=3.00e-04 | train_loss=0.1796 | val_loss=0.1712 val_auc=0.6982
[hpo_trial_2] Epoch 2/10 | lr=3.00e-04 | train_loss=0.1731 | val_loss=0.1703 val_auc=0.7195
[hpo_trial_2] Epoch 3/10 | lr=3.00e-04 | train_loss=0.1723 | val_loss=0.1687 val_auc=0.7287
