=== Job 30852598 started on fc10903 at Tue Mar 31 07:23:30 PM PDT 2026 ===
Python: Python 3.11.5
PyTorch: 2.9.1+cu128
CUDA available: True
GPU: NVIDIA H100 80GB HBM3 MIG 3g.40gb

============================================================
OpenMedImgDataVal Pipeline
============================================================
  Modality : xray
  Task     : class
  DV Method: shap
  Output   : /scratch/jsiu/OpenMedImgDataVal/src/outputs/xray/class/shap
============================================================
Device: cuda
Classification: Multi-label (14 classes)

============================================================
SECTION 1: DATA DOWNLOAD
============================================================
KAGGLE_CACHE_DIR = /scratch/jsiu/OpenMedImgDataVal/src/data
Downloading nih-chest-xrays/data via kagglehub...
Dataset path: /home/jsiu/.cache/kagglehub/datasets/nih-chest-xrays/data/versions/3
Indexed 112120 images
Loaded 112120 images (0 skipped — not found on disk)
Train: 89696, Val: 11212, Test: 11212
Classes: 14 (Atelectasis, Cardiomegaly, Effusion, Infiltration, Mass, Nodule, Pneumonia, Pneumothorax, Consolidation, Edema, Emphysema, Fibrosis, Pleural_Thickening, Hernia)

============================================================
SECTION 2: HYPERPARAMETER OPTIMISATION
============================================================

============================================================
Hyperparameter Optimisation (3 trials, 10 epochs each)
============================================================
[hpo_trial_0] Epoch 1/10 | lr=3.00e-04 | train_loss=0.1807 | val_loss=0.1709 val_auc=0.6929
[hpo_trial_0] Epoch 2/10 | lr=3.00e-04 | train_loss=0.1743 | val_loss=0.1697 val_auc=0.7187
[hpo_trial_0] Epoch 3/10 | lr=3.00e-04 | train_loss=0.1740 | val_loss=0.1703 val_auc=0.7252
[hpo_trial_0] Unfreezing denseblock4 + norm5 at epoch 4
[hpo_trial_0] Epoch 4/10 | lr=3.00e-05 | train_loss=0.1683 | val_loss=0.1613 val_auc=0.7726
[hpo_trial_0] Epoch 5/10 | lr=3.00e-05 | train_loss=0.1637 | val_loss=0.1586 val_auc=0.7863
[hpo_trial_0] Epoch 6/10 | lr=3.00e-05 | train_loss=0.1612 | val_loss=0.1578 val_auc=0.7920
[hpo_trial_0] Epoch 7/10 | lr=3.00e-05 | train_loss=0.1593 | val_loss=0.1563 val_auc=0.7971
[hpo_trial_0] Epoch 8/10 | lr=3.00e-05 | train_loss=0.1579 | val_loss=0.1554 val_auc=0.8018
[hpo_trial_0] Epoch 9/10 | lr=3.00e-05 | train_loss=0.1565 | val_loss=0.1553 val_auc=0.8044
[hpo_trial_0] Epoch 10/10 | lr=3.00e-05 | train_loss=0.1556 | val_loss=0.1543 val_auc=0.8076
  Trial 1/3 | val_auc=0.8076 *best* | head_lr=3.0e-04 finetune_lr=3.0e-05 dropout=0.4 wd_ft=3.0e-04 unfreeze_ep=4
[hpo_trial_1] Epoch 1/10 | lr=5.00e-04 | train_loss=0.1763 | val_loss=0.1707 val_auc=0.7150
[hpo_trial_1] Epoch 2/10 | lr=5.00e-04 | train_loss=0.1720 | val_loss=0.1692 val_auc=0.7260
[hpo_trial_1] Unfreezing denseblock4 + norm5 at epoch 3
[hpo_trial_1] Epoch 3/10 | lr=3.00e-05 | train_loss=0.1660 | val_loss=0.1608 val_auc=0.7729
[hpo_trial_1] Epoch 4/10 | lr=3.00e-05 | train_loss=0.1619 | val_loss=0.1584 val_auc=0.7853
[hpo_trial_1] Epoch 5/10 | lr=3.00e-05 | train_loss=0.1597 | val_loss=0.1573 val_auc=0.7909
[hpo_trial_1] Epoch 6/10 | lr=3.00e-05 | train_loss=0.1580 | val_loss=0.1565 val_auc=0.7971
[hpo_trial_1] Epoch 7/10 | lr=3.00e-05 | train_loss=0.1564 | val_loss=0.1554 val_auc=0.8009
[hpo_trial_1] Epoch 8/10 | lr=3.00e-05 | train_loss=0.1550 | val_loss=0.1553 val_auc=0.8033
[hpo_trial_1] Epoch 9/10 | lr=3.00e-05 | train_loss=0.1541 | val_loss=0.1546 val_auc=0.8054
[hpo_trial_1] Epoch 10/10 | lr=3.00e-05 | train_loss=0.1530 | val_loss=0.1548 val_auc=0.8066
  Trial 2/3 | val_auc=0.8066 | head_lr=5.0e-04 finetune_lr=3.0e-05 dropout=0.2 wd_ft=1.0e-03 unfreeze_ep=3
[hpo_trial_2] Epoch 1/10 | lr=3.00e-04 | train_loss=0.1792 | val_loss=0.1704 val_auc=0.7044
[hpo_trial_2] Epoch 2/10 | lr=3.00e-04 | train_loss=0.1730 | val_loss=0.1689 val_auc=0.7257
[hpo_trial_2] Epoch 3/10 | lr=3.00e-04 | train_loss=0.1724 | val_loss=0.1685 val_auc=0.7286
[hpo_trial_2] Epoch 4/10 | lr=3.00e-04 | train_loss=0.1720 | val_loss=0.1690 val_auc=0.7280
[hpo_trial_2] Epoch 5/10 | lr=3.00e-04 | train_loss=0.1721 | val_loss=0.1686 val_auc=0.7300
[hpo_trial_2] Epoch 6/10 | lr=3.00e-04 | train_loss=0.1720 | val_loss=0.1687 val_auc=0.7335
[hpo_trial_2] Epoch 7/10 | lr=3.00e-04 | train_loss=0.1720 | val_loss=0.1676 val_auc=0.7347
[hpo_trial_2] Unfreezing denseblock4 + norm5 at epoch 8
[hpo_trial_2] Epoch 8/10 | lr=3.00e-05 | train_loss=0.1669 | val_loss=0.1606 val_auc=0.7762
[hpo_trial_2] Epoch 9/10 | lr=3.00e-05 | train_loss=0.1625 | val_loss=0.1586 val_auc=0.7881
[hpo_trial_2] Epoch 10/10 | lr=3.00e-05 | train_loss=0.1603 | val_loss=0.1573 val_auc=0.7944
  Trial 3/3 | val_auc=0.7944 | head_lr=3.0e-04 finetune_lr=3.0e-05 dropout=0.3 wd_ft=3.0e-04 unfreeze_ep=8

Best config (val_auc=0.8076): {'head_lr': 0.0003, 'finetune_lr': 3e-05, 'dropout': 0.4, 'weight_decay_finetune': 0.0003, 'unfreeze_epoch': 4}
============================================================


============================================================
SECTION 3: MODEL TRAINING (100% data)
============================================================
[full_100pct] Epoch 1/20 | lr=3.00e-04 | train_loss=0.1807 | val_loss=0.1709 val_auc=0.6929
[full_100pct] Epoch 2/20 | lr=3.00e-04 | train_loss=0.1743 | val_loss=0.1697 val_auc=0.7187
[full_100pct] Epoch 3/20 | lr=3.00e-04 | train_loss=0.1740 | val_loss=0.1703 val_auc=0.7252
[full_100pct] Unfreezing denseblock4 + norm5 at epoch 4
[full_100pct] Epoch 4/20 | lr=3.00e-05 | train_loss=0.1683 | val_loss=0.1613 val_auc=0.7726
[full_100pct] Epoch 5/20 | lr=3.00e-05 | train_loss=0.1637 | val_loss=0.1586 val_auc=0.7863
[full_100pct] Epoch 6/20 | lr=3.00e-05 | train_loss=0.1612 | val_loss=0.1578 val_auc=0.7920
[full_100pct] Epoch 7/20 | lr=3.00e-05 | train_loss=0.1593 | val_loss=0.1563 val_auc=0.7971
[full_100pct] Epoch 8/20 | lr=3.00e-05 | train_loss=0.1579 | val_loss=0.1554 val_auc=0.8018
[full_100pct] Epoch 9/20 | lr=3.00e-05 | train_loss=0.1565 | val_loss=0.1553 val_auc=0.8044
[full_100pct] Epoch 10/20 | lr=3.00e-05 | train_loss=0.1556 | val_loss=0.1543 val_auc=0.8076
[full_100pct] Epoch 11/20 | lr=3.00e-05 | train_loss=0.1547 | val_loss=0.1543 val_auc=0.8087
[full_100pct] Epoch 12/20 | lr=3.00e-05 | train_loss=0.1537 | val_loss=0.1541 val_auc=0.8096
[full_100pct] Epoch 13/20 | lr=3.00e-05 | train_loss=0.1528 | val_loss=0.1533 val_auc=0.8127
[full_100pct] Epoch 14/20 | lr=3.00e-05 | train_loss=0.1521 | val_loss=0.1532 val_auc=0.8126
[full_100pct] Epoch 15/20 | lr=3.00e-05 | train_loss=0.1514 | val_loss=0.1529 val_auc=0.8136
[full_100pct] Epoch 16/20 | lr=3.00e-05 | train_loss=0.1506 | val_loss=0.1530 val_auc=0.8151
[full_100pct] Epoch 17/20 | lr=3.00e-05 | train_loss=0.1500 | val_loss=0.1529 val_auc=0.8158
[full_100pct] Epoch 18/20 | lr=3.00e-05 | train_loss=0.1493 | val_loss=0.1525 val_auc=0.8166
[full_100pct] Epoch 19/20 | lr=3.00e-05 | train_loss=0.1488 | val_loss=0.1523 val_auc=0.8167
[full_100pct] Epoch 20/20 | lr=3.00e-05 | train_loss=0.1482 | val_loss=0.1524 val_auc=0.8166

Full model results:
  Train AUC: 0.8497
  Val AUC:   0.8167
  Test AUC:  0.8086
  Per-class Test AUC:
    Atelectasis: 0.7850
    Cardiomegaly: 0.8808
    Effusion: 0.8624
    Infiltration: 0.7107
    Mass: 0.7781
    Nodule: 0.6999
    Pneumonia: 0.7141
    Pneumothorax: 0.8748
    Consolidation: 0.7880
    Edema: 0.8919
    Emphysema: 0.8882
    Fibrosis: 0.7797
    Pleural_Thickening: 0.7832
    Hernia: 0.8844

============================================================
SECTION 4: SHAPLEY DATA VALUATION
============================================================
Extracting embeddings...
Computing Shapley values...
Optimising KNN k value...
  KNN k=   1  val_acc=0.926023
  KNN k=   3  val_acc=0.942167
  KNN k=   5  val_acc=0.945651
  KNN k=  10  val_acc=0.946690
  KNN k=  20  val_acc=0.948365
  KNN k=  50  val_acc=0.949334
  -> Best k=50 (val_acc=0.949334)
Shapley: approximate mode using top M*=5000 nearest train points per val.

Shapley values: min=-0.000061, max=0.000066, mean=0.000010, std=0.000007

Top 10 Shapley samples:
  1. 00026501_001.png: 0.000066
  2. 00026427_000.png: 0.000061
  3. 00024858_000.png: 0.000060
  4. 00009304_000.png: 0.000057
  5. 00020955_000.png: 0.000056
  6. 00015182_000.png: 0.000055
  7. 00018065_008.png: 0.000055
  8. 00013550_000.png: 0.000054
  9. 00013971_000.png: 0.000054
  10. 00023899_000.png: 0.000054

Bottom 10 Shapley samples:
  1. 00005722_019.png: -0.000061
  2. 00019395_016.png: -0.000034
  3. 00001301_042.png: -0.000025
  4. 00018724_033.png: -0.000017
  5. 00020158_004.png: -0.000016
  6. 00020865_000.png: -0.000015
  7. 00009925_036.png: -0.000015
  8. 00024237_001.png: -0.000014
  9. 00009015_002.png: -0.000013
  10. 00019395_017.png: -0.000013

============================================================
SECTION 5: SUBSET RETRAINING EXPERIMENTS
============================================================
Fractions: [90, 80, 70, 50, 30]%
Strategies: Top-N, Bottom-N, Random-N (x1 seeds)

--- Top-90% (80726 samples) ---
[top_90pct] Epoch 1/8 | lr=3.00e-04 | train_loss=0.1526 | val_loss=0.1739 val_auc=0.6711
[top_90pct] Unfreezing denseblock4 + norm5 at epoch 2
[top_90pct] Epoch 2/8 | lr=3.00e-05 | train_loss=0.1419 | val_loss=0.1652 val_auc=0.7450
[top_90pct] Epoch 3/8 | lr=3.00e-05 | train_loss=0.1377 | val_loss=0.1633 val_auc=0.7649
[top_90pct] Epoch 4/8 | lr=3.00e-05 | train_loss=0.1354 | val_loss=0.1613 val_auc=0.7769
[top_90pct] Epoch 5/8 | lr=3.00e-05 | train_loss=0.1336 | val_loss=0.1601 val_auc=0.7831
[top_90pct] Epoch 6/8 | lr=3.00e-05 | train_loss=0.1326 | val_loss=0.1613 val_auc=0.7857
[top_90pct] Epoch 7/8 | lr=3.00e-05 | train_loss=0.1313 | val_loss=0.1590 val_auc=0.7903
[top_90pct] Epoch 8/8 | lr=3.00e-05 | train_loss=0.1303 | val_loss=0.1584 val_auc=0.7910

--- Bottom-90% (80726 samples) ---
[bottom_90pct] Epoch 1/8 | lr=3.00e-04 | train_loss=0.1945 | val_loss=0.1720 val_auc=0.6909
[bottom_90pct] Unfreezing denseblock4 + norm5 at epoch 2
[bottom_90pct] Epoch 2/8 | lr=3.00e-05 | train_loss=0.1824 | val_loss=0.1618 val_auc=0.7632
[bottom_90pct] Epoch 3/8 | lr=3.00e-05 | train_loss=0.1772 | val_loss=0.1593 val_auc=0.7785
[bottom_90pct] Epoch 4/8 | lr=3.00e-05 | train_loss=0.1744 | val_loss=0.1576 val_auc=0.7885
[bottom_90pct] Epoch 5/8 | lr=3.00e-05 | train_loss=0.1722 | val_loss=0.1569 val_auc=0.7930
[bottom_90pct] Epoch 6/8 | lr=3.00e-05 | train_loss=0.1709 | val_loss=0.1561 val_auc=0.7960
[bottom_90pct] Epoch 7/8 | lr=3.00e-05 | train_loss=0.1694 | val_loss=0.1553 val_auc=0.8007
[bottom_90pct] Epoch 8/8 | lr=3.00e-05 | train_loss=0.1681 | val_loss=0.1549 val_auc=0.8035

--- Random-90% seed=43 (80726 samples) ---
[random_90pct_s43] Epoch 1/8 | lr=3.00e-04 | train_loss=0.1810 | val_loss=0.1710 val_auc=0.6885
[random_90pct_s43] Unfreezing denseblock4 + norm5 at epoch 2
[random_90pct_s43] Epoch 2/8 | lr=3.00e-05 | train_loss=0.1690 | val_loss=0.1625 val_auc=0.7611
[random_90pct_s43] Epoch 3/8 | lr=3.00e-05 | train_loss=0.1643 | val_loss=0.1595 val_auc=0.7785
[random_90pct_s43] Epoch 4/8 | lr=3.00e-05 | train_loss=0.1615 | val_loss=0.1578 val_auc=0.7878
[random_90pct_s43] Epoch 5/8 | lr=3.00e-05 | train_loss=0.1598 | val_loss=0.1569 val_auc=0.7926
[random_90pct_s43] Epoch 6/8 | lr=3.00e-05 | train_loss=0.1581 | val_loss=0.1560 val_auc=0.7974
[random_90pct_s43] Epoch 7/8 | lr=3.00e-05 | train_loss=0.1569 | val_loss=0.1555 val_auc=0.8001
[random_90pct_s43] Epoch 8/8 | lr=3.00e-05 | train_loss=0.1558 | val_loss=0.1549 val_auc=0.8025

--- Top-80% (71757 samples) ---
[top_80pct] Epoch 1/8 | lr=3.00e-04 | train_loss=0.1363 | val_loss=0.1753 val_auc=0.6566
[top_80pct] Unfreezing denseblock4 + norm5 at epoch 2
[top_80pct] Epoch 2/8 | lr=3.00e-05 | train_loss=0.1256 | val_loss=0.1699 val_auc=0.7355
[top_80pct] Epoch 3/8 | lr=3.00e-05 | train_loss=0.1222 | val_loss=0.1668 val_auc=0.7524
[top_80pct] Epoch 4/8 | lr=3.00e-05 | train_loss=0.1200 | val_loss=0.1647 val_auc=0.7624
[top_80pct] Epoch 5/8 | lr=3.00e-05 | train_loss=0.1186 | val_loss=0.1645 val_auc=0.7728
[top_80pct] Epoch 6/8 | lr=3.00e-05 | train_loss=0.1173 | val_loss=0.1626 val_auc=0.7754
[top_80pct] Epoch 7/8 | lr=3.00e-05 | train_loss=0.1164 | val_loss=0.1624 val_auc=0.7788
[top_80pct] Epoch 8/8 | lr=3.00e-05 | train_loss=0.1157 | val_loss=0.1628 val_auc=0.7811

--- Bottom-80% (71757 samples) ---
[bottom_80pct] Epoch 1/8 | lr=3.00e-04 | train_loss=0.2090 | val_loss=0.1733 val_auc=0.6807
[bottom_80pct] Unfreezing denseblock4 + norm5 at epoch 2
[bottom_80pct] Epoch 2/8 | lr=3.00e-05 | train_loss=0.1961 | val_loss=0.1632 val_auc=0.7572
[bottom_80pct] Epoch 3/8 | lr=3.00e-05 | train_loss=0.1904 | val_loss=0.1604 val_auc=0.7719
[bottom_80pct] Epoch 4/8 | lr=3.00e-05 | train_loss=0.1875 | val_loss=0.1586 val_auc=0.7829
[bottom_80pct] Epoch 5/8 | lr=3.00e-05 | train_loss=0.1851 | val_loss=0.1577 val_auc=0.7873
[bottom_80pct] Epoch 6/8 | lr=3.00e-05 | train_loss=0.1834 | val_loss=0.1568 val_auc=0.7938
[bottom_80pct] Epoch 7/8 | lr=3.00e-05 | train_loss=0.1818 | val_loss=0.1560 val_auc=0.7959
[bottom_80pct] Epoch 8/8 | lr=3.00e-05 | train_loss=0.1805 | val_loss=0.1557 val_auc=0.7968

--- Random-80% seed=43 (71757 samples) ---
[random_80pct_s43] Epoch 1/8 | lr=3.00e-04 | train_loss=0.1814 | val_loss=0.1719 val_auc=0.6834
[random_80pct_s43] Unfreezing denseblock4 + norm5 at epoch 2
[random_80pct_s43] Epoch 2/8 | lr=3.00e-05 | train_loss=0.1696 | val_loss=0.1628 val_auc=0.7564
[random_80pct_s43] Epoch 3/8 | lr=3.00e-05 | train_loss=0.1649 | val_loss=0.1601 val_auc=0.7725
[random_80pct_s43] Epoch 4/8 | lr=3.00e-05 | train_loss=0.1622 | val_loss=0.1584 val_auc=0.7853
[random_80pct_s43] Epoch 5/8 | lr=3.00e-05 | train_loss=0.1602 | val_loss=0.1572 val_auc=0.7913
[random_80pct_s43] Epoch 6/8 | lr=3.00e-05 | train_loss=0.1587 | val_loss=0.1561 val_auc=0.7959
[random_80pct_s43] Epoch 7/8 | lr=3.00e-05 | train_loss=0.1575 | val_loss=0.1558 val_auc=0.7985
[random_80pct_s43] Epoch 8/8 | lr=3.00e-05 | train_loss=0.1566 | val_loss=0.1553 val_auc=0.8014

--- Top-70% (62787 samples) ---
[top_70pct] Epoch 1/8 | lr=3.00e-04 | train_loss=0.1218 | val_loss=0.1810 val_auc=0.6358
[top_70pct] Unfreezing denseblock4 + norm5 at epoch 2
[top_70pct] Epoch 2/8 | lr=3.00e-05 | train_loss=0.1113 | val_loss=0.1733 val_auc=0.7219
[top_70pct] Epoch 3/8 | lr=3.00e-05 | train_loss=0.1081 | val_loss=0.1725 val_auc=0.7314
[top_70pct] Epoch 4/8 | lr=3.00e-05 | train_loss=0.1062 | val_loss=0.1715 val_auc=0.7453
[top_70pct] Epoch 5/8 | lr=3.00e-05 | train_loss=0.1050 | val_loss=0.1697 val_auc=0.7507
[top_70pct] Epoch 6/8 | lr=3.00e-05 | train_loss=0.1039 | val_loss=0.1696 val_auc=0.7569
[top_70pct] Epoch 7/8 | lr=3.00e-05 | train_loss=0.1029 | val_loss=0.1686 val_auc=0.7602
[top_70pct] Epoch 8/8 | lr=3.00e-05 | train_loss=0.1023 | val_loss=0.1688 val_auc=0.7646

--- Bottom-70% (62787 samples) ---
[bottom_70pct] Epoch 1/8 | lr=3.00e-04 | train_loss=0.2239 | val_loss=0.1750 val_auc=0.6758
[bottom_70pct] Unfreezing denseblock4 + norm5 at epoch 2
[bottom_70pct] Epoch 2/8 | lr=3.00e-05 | train_loss=0.2100 | val_loss=0.1650 val_auc=0.7494
[bottom_70pct] Epoch 3/8 | lr=3.00e-05 | train_loss=0.2042 | val_loss=0.1612 val_auc=0.7682
[bottom_70pct] Epoch 4/8 | lr=3.00e-05 | train_loss=0.2009 | val_loss=0.1599 val_auc=0.7750
[bottom_70pct] Epoch 5/8 | lr=3.00e-05 | train_loss=0.1982 | val_loss=0.1584 val_auc=0.7842
[bottom_70pct] Epoch 6/8 | lr=3.00e-05 | train_loss=0.1968 | val_loss=0.1585 val_auc=0.7885
[bottom_70pct] Epoch 7/8 | lr=3.00e-05 | train_loss=0.1949 | val_loss=0.1577 val_auc=0.7902
[bottom_70pct] Epoch 8/8 | lr=3.00e-05 | train_loss=0.1937 | val_loss=0.1573 val_auc=0.7937

--- Random-70% seed=43 (62787 samples) ---
[random_70pct_s43] Epoch 1/8 | lr=3.00e-04 | train_loss=0.1828 | val_loss=0.1726 val_auc=0.6762
[random_70pct_s43] Unfreezing denseblock4 + norm5 at epoch 2
[random_70pct_s43] Epoch 2/8 | lr=3.00e-05 | train_loss=0.1708 | val_loss=0.1642 val_auc=0.7487
[random_70pct_s43] Epoch 3/8 | lr=3.00e-05 | train_loss=0.1657 | val_loss=0.1611 val_auc=0.7665
[random_70pct_s43] Epoch 4/8 | lr=3.00e-05 | train_loss=0.1633 | val_loss=0.1595 val_auc=0.7783
[random_70pct_s43] Epoch 5/8 | lr=3.00e-05 | train_loss=0.1614 | val_loss=0.1587 val_auc=0.7848
[random_70pct_s43] Epoch 6/8 | lr=3.00e-05 | train_loss=0.1598 | val_loss=0.1575 val_auc=0.7913
[random_70pct_s43] Epoch 7/8 | lr=3.00e-05 | train_loss=0.1586 | val_loss=0.1565 val_auc=0.7940
[random_70pct_s43] Epoch 8/8 | lr=3.00e-05 | train_loss=0.1573 | val_loss=0.1567 val_auc=0.7972

--- Top-50% (44848 samples) ---
[top_50pct] Epoch 1/8 | lr=3.00e-04 | train_loss=0.0951 | val_loss=0.1965 val_auc=0.5869
[top_50pct] Unfreezing denseblock4 + norm5 at epoch 2
[top_50pct] Epoch 2/8 | lr=3.00e-05 | train_loss=0.0847 | val_loss=0.1858 val_auc=0.6822
[top_50pct] Epoch 3/8 | lr=3.00e-05 | train_loss=0.0819 | val_loss=0.1882 val_auc=0.7003
[top_50pct] Epoch 4/8 | lr=3.00e-05 | train_loss=0.0805 | val_loss=0.1845 val_auc=0.7062
[top_50pct] Epoch 5/8 | lr=3.00e-05 | train_loss=0.0796 | val_loss=0.1842 val_auc=0.7107
[top_50pct] Epoch 6/8 | lr=3.00e-05 | train_loss=0.0788 | val_loss=0.1816 val_auc=0.7190
[top_50pct] Epoch 7/8 | lr=3.00e-05 | train_loss=0.0780 | val_loss=0.1860 val_auc=0.7222
[top_50pct] Epoch 8/8 | lr=3.00e-05 | train_loss=0.0776 | val_loss=0.1839 val_auc=0.7320

--- Bottom-50% (44848 samples) ---
[bottom_50pct] Epoch 1/8 | lr=3.00e-04 | train_loss=0.2569 | val_loss=0.1803 val_auc=0.6585
[bottom_50pct] Unfreezing denseblock4 + norm5 at epoch 2
[bottom_50pct] Epoch 2/8 | lr=3.00e-05 | train_loss=0.2418 | val_loss=0.1701 val_auc=0.7345
[bottom_50pct] Epoch 3/8 | lr=3.00e-05 | train_loss=0.2351 | val_loss=0.1658 val_auc=0.7559
[bottom_50pct] Epoch 4/8 | lr=3.00e-05 | train_loss=0.2309 | val_loss=0.1650 val_auc=0.7642
[bottom_50pct] Epoch 5/8 | lr=3.00e-05 | train_loss=0.2282 | val_loss=0.1641 val_auc=0.7710
[bottom_50pct] Epoch 6/8 | lr=3.00e-05 | train_loss=0.2254 | val_loss=0.1644 val_auc=0.7745
[bottom_50pct] Epoch 7/8 | lr=3.00e-05 | train_loss=0.2237 | val_loss=0.1628 val_auc=0.7792
[bottom_50pct] Epoch 8/8 | lr=3.00e-05 | train_loss=0.2223 | val_loss=0.1612 val_auc=0.7832

--- Random-50% seed=43 (44848 samples) ---
[random_50pct_s43] Epoch 1/8 | lr=3.00e-04 | train_loss=0.1860 | val_loss=0.1741 val_auc=0.6555
[random_50pct_s43] Unfreezing denseblock4 + norm5 at epoch 2
[random_50pct_s43] Epoch 2/8 | lr=3.00e-05 | train_loss=0.1726 | val_loss=0.1656 val_auc=0.7376
[random_50pct_s43] Epoch 3/8 | lr=3.00e-05 | train_loss=0.1683 | val_loss=0.1627 val_auc=0.7574
[random_50pct_s43] Epoch 4/8 | lr=3.00e-05 | train_loss=0.1655 | val_loss=0.1612 val_auc=0.7681
[random_50pct_s43] Epoch 5/8 | lr=3.00e-05 | train_loss=0.1637 | val_loss=0.1601 val_auc=0.7755
[random_50pct_s43] Epoch 6/8 | lr=3.00e-05 | train_loss=0.1622 | val_loss=0.1587 val_auc=0.7808
[random_50pct_s43] Epoch 7/8 | lr=3.00e-05 | train_loss=0.1609 | val_loss=0.1582 val_auc=0.7833
[random_50pct_s43] Epoch 8/8 | lr=3.00e-05 | train_loss=0.1597 | val_loss=0.1577 val_auc=0.7868

--- Top-30% (26909 samples) ---
[top_30pct] Epoch 1/8 | lr=3.00e-04 | train_loss=0.0707 | val_loss=0.2165 val_auc=0.5477
[top_30pct] Unfreezing denseblock4 + norm5 at epoch 2
[top_30pct] Epoch 2/8 | lr=3.00e-05 | train_loss=0.0577 | val_loss=0.2059 val_auc=0.6590
[top_30pct] Epoch 3/8 | lr=3.00e-05 | train_loss=0.0559 | val_loss=0.2062 val_auc=0.6682
[top_30pct] Epoch 4/8 | lr=3.00e-05 | train_loss=0.0546 | val_loss=0.2071 val_auc=0.6714
[top_30pct] Epoch 5/8 | lr=3.00e-05 | train_loss=0.0540 | val_loss=0.2061 val_auc=0.6758
[top_30pct] Epoch 6/8 | lr=3.00e-05 | train_loss=0.0534 | val_loss=0.2086 val_auc=0.6700
[top_30pct] Epoch 7/8 | lr=3.00e-05 | train_loss=0.0531 | val_loss=0.2052 val_auc=0.6728
[top_30pct] Epoch 8/8 | lr=1.50e-05 | train_loss=0.0523 | val_loss=0.2087 val_auc=0.6681
[top_30pct] Early stopping at epoch 8.

--- Bottom-30% (26909 samples) ---
[bottom_30pct] Epoch 1/8 | lr=3.00e-04 | train_loss=0.3019 | val_loss=0.1899 val_auc=0.6303
[bottom_30pct] Unfreezing denseblock4 + norm5 at epoch 2
[bottom_30pct] Epoch 2/8 | lr=3.00e-05 | train_loss=0.2838 | val_loss=0.1826 val_auc=0.7101
[bottom_30pct] Epoch 3/8 | lr=3.00e-05 | train_loss=0.2759 | val_loss=0.1805 val_auc=0.7344
[bottom_30pct] Epoch 4/8 | lr=3.00e-05 | train_loss=0.2718 | val_loss=0.1794 val_auc=0.7453
[bottom_30pct] Epoch 5/8 | lr=3.00e-05 | train_loss=0.2678 | val_loss=0.1756 val_auc=0.7532
[bottom_30pct] Epoch 6/8 | lr=3.00e-05 | train_loss=0.2652 | val_loss=0.1745 val_auc=0.7597
[bottom_30pct] Epoch 7/8 | lr=3.00e-05 | train_loss=0.2629 | val_loss=0.1723 val_auc=0.7653
[bottom_30pct] Epoch 8/8 | lr=3.00e-05 | train_loss=0.2603 | val_loss=0.1762 val_auc=0.7641

--- Random-30% seed=43 (26909 samples) ---
[random_30pct_s43] Epoch 1/8 | lr=3.00e-04 | train_loss=0.1905 | val_loss=0.1770 val_auc=0.6221
[random_30pct_s43] Unfreezing denseblock4 + norm5 at epoch 2
[random_30pct_s43] Epoch 2/8 | lr=3.00e-05 | train_loss=0.1757 | val_loss=0.1679 val_auc=0.7121
[random_30pct_s43] Epoch 3/8 | lr=3.00e-05 | train_loss=0.1711 | val_loss=0.1651 val_auc=0.7405
[random_30pct_s43] Epoch 4/8 | lr=3.00e-05 | train_loss=0.1689 | val_loss=0.1634 val_auc=0.7526
[random_30pct_s43] Epoch 5/8 | lr=3.00e-05 | train_loss=0.1669 | val_loss=0.1624 val_auc=0.7595
[random_30pct_s43] Epoch 6/8 | lr=3.00e-05 | train_loss=0.1652 | val_loss=0.1612 val_auc=0.7683
[random_30pct_s43] Epoch 7/8 | lr=3.00e-05 | train_loss=0.1639 | val_loss=0.1605 val_auc=0.7713
[random_30pct_s43] Epoch 8/8 | lr=3.00e-05 | train_loss=0.1620 | val_loss=0.1599 val_auc=0.7761

Pipeline completed in 943.1 minutes.
Outputs saved to: /scratch/jsiu/OpenMedImgDataVal/src/outputs/xray/class/shap
Report: /scratch/jsiu/OpenMedImgDataVal/src/outputs/xray/class/shap/final_report.txt
=== Job finished at Wed Apr  1 11:09:41 AM PDT 2026 ===
