=== Job 29312686 started on fc11002 at Tue Mar 24 11:26:06 PM PDT 2026 ===
Python: Python 3.11.5
PyTorch: 2.9.1+cu128
CUDA available: True
GPU: NVIDIA H100 80GB HBM3 MIG 3g.40gb

============================================================
OpenMedImgDataVal Pipeline
============================================================
  Modality : xray
  Task     : class
  DV Method: shap
  Output   : /scratch/jsiu/OpenMedImgDataVal/src/outputs/xray/class/shap
============================================================
Device: cuda
Classification: Multi-label (14 classes)

============================================================
SECTION 1: DATA DOWNLOAD
============================================================
KAGGLE_CACHE_DIR = /scratch/jsiu/OpenMedImgDataVal/src/data
Downloading nih-chest-xrays/data via kagglehub...
Dataset path: /home/jsiu/.cache/kagglehub/datasets/nih-chest-xrays/data/versions/3
Indexed 112120 images
Loaded 112120 images (0 skipped — not found on disk)
Train: 89696, Val: 11212, Test: 11212
Classes: 14 (Atelectasis, Cardiomegaly, Effusion, Infiltration, Mass, Nodule, Pneumonia, Pneumothorax, Consolidation, Edema, Emphysema, Fibrosis, Pleural_Thickening, Hernia)

============================================================
SECTION 2: HYPERPARAMETER OPTIMISATION
============================================================

============================================================
Hyperparameter Optimisation (3 trials, 10 epochs each)
============================================================
[hpo_trial_0] Epoch 1/10 | lr=3.00e-04 | train_loss=0.1807 | val_loss=0.1710 val_auc=0.6922
[hpo_trial_0] Epoch 2/10 | lr=3.00e-04 | train_loss=0.1744 | val_loss=0.1700 val_auc=0.7162
[hpo_trial_0] Epoch 3/10 | lr=3.00e-04 | train_loss=0.1740 | val_loss=0.1703 val_auc=0.7238
[hpo_trial_0] Unfreezing denseblock4 + norm5 at epoch 4
[hpo_trial_0] Epoch 4/10 | lr=3.00e-05 | train_loss=0.1682 | val_loss=0.1613 val_auc=0.7721
[hpo_trial_0] Epoch 5/10 | lr=3.00e-05 | train_loss=0.1636 | val_loss=0.1590 val_auc=0.7852
[hpo_trial_0] Epoch 6/10 | lr=3.00e-05 | train_loss=0.1611 | val_loss=0.1571 val_auc=0.7932
[hpo_trial_0] Epoch 7/10 | lr=3.00e-05 | train_loss=0.1593 | val_loss=0.1564 val_auc=0.7973
[hpo_trial_0] Epoch 8/10 | lr=3.00e-05 | train_loss=0.1579 | val_loss=0.1556 val_auc=0.8015
[hpo_trial_0] Epoch 9/10 | lr=3.00e-05 | train_loss=0.1564 | val_loss=0.1550 val_auc=0.8037
[hpo_trial_0] Epoch 10/10 | lr=3.00e-05 | train_loss=0.1556 | val_loss=0.1543 val_auc=0.8068
  Trial 1/3 | val_auc=0.8068 *best* | head_lr=3.0e-04 finetune_lr=3.0e-05 dropout=0.4 wd_ft=3.0e-04 unfreeze_ep=4
[hpo_trial_1] Epoch 1/10 | lr=5.00e-04 | train_loss=0.1763 | val_loss=0.1708 val_auc=0.7143
[hpo_trial_1] Epoch 2/10 | lr=5.00e-04 | train_loss=0.1721 | val_loss=0.1688 val_auc=0.7270
[hpo_trial_1] Unfreezing denseblock4 + norm5 at epoch 3
[hpo_trial_1] Epoch 3/10 | lr=3.00e-05 | train_loss=0.1661 | val_loss=0.1607 val_auc=0.7715
[hpo_trial_1] Epoch 4/10 | lr=3.00e-05 | train_loss=0.1619 | val_loss=0.1585 val_auc=0.7833
[hpo_trial_1] Epoch 5/10 | lr=3.00e-05 | train_loss=0.1597 | val_loss=0.1573 val_auc=0.7907
[hpo_trial_1] Epoch 6/10 | lr=3.00e-05 | train_loss=0.1578 | val_loss=0.1564 val_auc=0.7966
[hpo_trial_1] Epoch 7/10 | lr=3.00e-05 | train_loss=0.1560 | val_loss=0.1555 val_auc=0.8009
[hpo_trial_1] Epoch 8/10 | lr=3.00e-05 | train_loss=0.1551 | val_loss=0.1551 val_auc=0.8032
[hpo_trial_1] Epoch 9/10 | lr=3.00e-05 | train_loss=0.1540 | val_loss=0.1546 val_auc=0.8049
[hpo_trial_1] Epoch 10/10 | lr=3.00e-05 | train_loss=0.1530 | val_loss=0.1542 val_auc=0.8070
  Trial 2/3 | val_auc=0.8070 *best* | head_lr=5.0e-04 finetune_lr=3.0e-05 dropout=0.2 wd_ft=1.0e-03 unfreeze_ep=3
[hpo_trial_2] Epoch 1/10 | lr=3.00e-04 | train_loss=0.1791 | val_loss=0.1704 val_auc=0.7023
[hpo_trial_2] Epoch 2/10 | lr=3.00e-04 | train_loss=0.1731 | val_loss=0.1691 val_auc=0.7231
[hpo_trial_2] Epoch 3/10 | lr=3.00e-04 | train_loss=0.1723 | val_loss=0.1684 val_auc=0.7292
[hpo_trial_2] Epoch 4/10 | lr=3.00e-04 | train_loss=0.1720 | val_loss=0.1690 val_auc=0.7308
[hpo_trial_2] Epoch 5/10 | lr=3.00e-04 | train_loss=0.1721 | val_loss=0.1683 val_auc=0.7304
[hpo_trial_2] Epoch 6/10 | lr=3.00e-04 | train_loss=0.1721 | val_loss=0.1682 val_auc=0.7326
[hpo_trial_2] Epoch 7/10 | lr=3.00e-04 | train_loss=0.1718 | val_loss=0.1675 val_auc=0.7357
[hpo_trial_2] Unfreezing denseblock4 + norm5 at epoch 8
[hpo_trial_2] Epoch 8/10 | lr=3.00e-05 | train_loss=0.1669 | val_loss=0.1609 val_auc=0.7750
[hpo_trial_2] Epoch 9/10 | lr=3.00e-05 | train_loss=0.1626 | val_loss=0.1585 val_auc=0.7885
[hpo_trial_2] Epoch 10/10 | lr=3.00e-05 | train_loss=0.1605 | val_loss=0.1572 val_auc=0.7939
  Trial 3/3 | val_auc=0.7939 | head_lr=3.0e-04 finetune_lr=3.0e-05 dropout=0.3 wd_ft=3.0e-04 unfreeze_ep=8

Best config (val_auc=0.8070): {'head_lr': 0.0005, 'finetune_lr': 3e-05, 'dropout': 0.2, 'weight_decay_finetune': 0.001, 'unfreeze_epoch': 3}
============================================================


============================================================
SECTION 3: MODEL TRAINING (100% data)
============================================================
[full_100pct] Epoch 1/20 | lr=5.00e-04 | train_loss=0.1769 | val_loss=0.1697 val_auc=0.7142
[full_100pct] Epoch 2/20 | lr=5.00e-04 | train_loss=0.1721 | val_loss=0.1691 val_auc=0.7288
[full_100pct] Unfreezing denseblock4 + norm5 at epoch 3
[full_100pct] Epoch 3/20 | lr=3.00e-05 | train_loss=0.1662 | val_loss=0.1608 val_auc=0.7748
[full_100pct] Epoch 4/20 | lr=3.00e-05 | train_loss=0.1619 | val_loss=0.1582 val_auc=0.7872
[full_100pct] Epoch 5/20 | lr=3.00e-05 | train_loss=0.1595 | val_loss=0.1573 val_auc=0.7941
[full_100pct] Epoch 6/20 | lr=3.00e-05 | train_loss=0.1577 | val_loss=0.1559 val_auc=0.7988
[full_100pct] Epoch 7/20 | lr=3.00e-05 | train_loss=0.1564 | val_loss=0.1557 val_auc=0.8007
[full_100pct] Epoch 8/20 | lr=3.00e-05 | train_loss=0.1552 | val_loss=0.1551 val_auc=0.8036
[full_100pct] Epoch 9/20 | lr=3.00e-05 | train_loss=0.1539 | val_loss=0.1544 val_auc=0.8058
[full_100pct] Epoch 10/20 | lr=3.00e-05 | train_loss=0.1531 | val_loss=0.1541 val_auc=0.8076
[full_100pct] Epoch 11/20 | lr=3.00e-05 | train_loss=0.1523 | val_loss=0.1539 val_auc=0.8094
[full_100pct] Epoch 12/20 | lr=3.00e-05 | train_loss=0.1515 | val_loss=0.1537 val_auc=0.8102
[full_100pct] Epoch 13/20 | lr=3.00e-05 | train_loss=0.1506 | val_loss=0.1532 val_auc=0.8123
[full_100pct] Epoch 14/20 | lr=3.00e-05 | train_loss=0.1500 | val_loss=0.1534 val_auc=0.8111
[full_100pct] Epoch 15/20 | lr=3.00e-05 | train_loss=0.1491 | val_loss=0.1529 val_auc=0.8128
[full_100pct] Epoch 16/20 | lr=3.00e-05 | train_loss=0.1484 | val_loss=0.1529 val_auc=0.8139
[full_100pct] Epoch 17/20 | lr=3.00e-05 | train_loss=0.1479 | val_loss=0.1531 val_auc=0.8135
[full_100pct] Epoch 18/20 | lr=3.00e-05 | train_loss=0.1472 | val_loss=0.1526 val_auc=0.8148
[full_100pct] Epoch 19/20 | lr=3.00e-05 | train_loss=0.1466 | val_loss=0.1525 val_auc=0.8157
[full_100pct] Epoch 20/20 | lr=3.00e-05 | train_loss=0.1459 | val_loss=0.1530 val_auc=0.8150

Full model results:
  Train AUC: 0.8571
  Val AUC:   0.8157
  Test AUC:  0.8093
  Per-class Test AUC:
    Atelectasis: 0.7839
    Cardiomegaly: 0.8801
    Effusion: 0.8606
    Infiltration: 0.7069
    Mass: 0.7855
    Nodule: 0.7102
    Pneumonia: 0.7161
    Pneumothorax: 0.8752
    Consolidation: 0.7886
    Edema: 0.8915
    Emphysema: 0.8874
    Fibrosis: 0.7826
    Pleural_Thickening: 0.7823
    Hernia: 0.8798

============================================================
SECTION 4: SHAPLEY DATA VALUATION
============================================================
Extracting embeddings...
Computing Shapley values...
Optimising KNN k value...
  KNN k=   1  val_acc=0.925679
  KNN k=   3  val_acc=0.942065
  KNN k=   5  val_acc=0.945989
  KNN k=  10  val_acc=0.947174
  KNN k=  20  val_acc=0.949098
  KNN k=  50  val_acc=0.949378
  -> Best k=50 (val_acc=0.949378)
Shapley: approximate mode using top M*=5000 nearest train points per val.

Shapley values: min=-0.000040, max=0.000070, mean=0.000010, std=0.000007

Top 10 Shapley samples:
  1. 00014006_011.png: 0.000070
  2. 00026427_000.png: 0.000069
  3. 00026501_001.png: 0.000067
  4. 00010877_000.png: 0.000065
  5. 00024858_000.png: 0.000065
  6. 00023236_001.png: 0.000065
  7. 00020939_001.png: 0.000063
  8. 00016351_000.png: 0.000063
  9. 00025192_004.png: 0.000059
  10. 00006398_000.png: 0.000059

Bottom 10 Shapley samples:
  1. 00024237_001.png: -0.000040
  2. 00019395_016.png: -0.000031
  3. 00005722_019.png: -0.000029
  4. 00007317_018.png: -0.000027
  5. 00018724_033.png: -0.000027
  6. 00015386_002.png: -0.000026
  7. 00001301_042.png: -0.000021
  8. 00019395_017.png: -0.000020
  9. 00011831_015.png: -0.000018
  10. 00020213_045.png: -0.000018

============================================================
SECTION 5: SUBSET RETRAINING EXPERIMENTS
============================================================
Fractions: [90, 80, 70, 50, 30]%
Strategies: Top-N, Bottom-N, Random-N (x1 seeds)

--- Top-90% (80726 samples) ---
[top_90pct] Epoch 1/8 | lr=5.00e-04 | train_loss=0.1507 | val_loss=0.1725 val_auc=0.6969
[top_90pct] Unfreezing denseblock4 + norm5 at epoch 2
[top_90pct] Epoch 2/8 | lr=3.00e-05 | train_loss=0.1415 | val_loss=0.1642 val_auc=0.7583
[top_90pct] Epoch 3/8 | lr=3.00e-05 | train_loss=0.1375 | val_loss=0.1613 val_auc=0.7722
[top_90pct] Epoch 4/8 | lr=3.00e-05 | train_loss=0.1353 | val_loss=0.1599 val_auc=0.7807
[top_90pct] Epoch 5/8 | lr=3.00e-05 | train_loss=0.1338 | val_loss=0.1594 val_auc=0.7865
[top_90pct] Epoch 6/8 | lr=3.00e-05 | train_loss=0.1327 | val_loss=0.1581 val_auc=0.7887
[top_90pct] Epoch 7/8 | lr=3.00e-05 | train_loss=0.1315 | val_loss=0.1587 val_auc=0.7931
[top_90pct] Epoch 8/8 | lr=3.00e-05 | train_loss=0.1306 | val_loss=0.1569 val_auc=0.7959

--- Bottom-90% (80726 samples) ---
[bottom_90pct] Epoch 1/8 | lr=5.00e-04 | train_loss=0.1901 | val_loss=0.1718 val_auc=0.7101
[bottom_90pct] Unfreezing denseblock4 + norm5 at epoch 2
[bottom_90pct] Epoch 2/8 | lr=3.00e-05 | train_loss=0.1793 | val_loss=0.1611 val_auc=0.7679
[bottom_90pct] Epoch 3/8 | lr=3.00e-05 | train_loss=0.1747 | val_loss=0.1590 val_auc=0.7787
[bottom_90pct] Epoch 4/8 | lr=3.00e-05 | train_loss=0.1722 | val_loss=0.1576 val_auc=0.7875
[bottom_90pct] Epoch 5/8 | lr=3.00e-05 | train_loss=0.1701 | val_loss=0.1563 val_auc=0.7938
[bottom_90pct] Epoch 6/8 | lr=3.00e-05 | train_loss=0.1685 | val_loss=0.1561 val_auc=0.7980
[bottom_90pct] Epoch 7/8 | lr=3.00e-05 | train_loss=0.1673 | val_loss=0.1550 val_auc=0.8014
[bottom_90pct] Epoch 8/8 | lr=3.00e-05 | train_loss=0.1663 | val_loss=0.1549 val_auc=0.8024

--- Random-90% seed=43 (80726 samples) ---
[random_90pct_s43] Epoch 1/8 | lr=5.00e-04 | train_loss=0.1771 | val_loss=0.1692 val_auc=0.7101
[random_90pct_s43] Unfreezing denseblock4 + norm5 at epoch 2
[random_90pct_s43] Epoch 2/8 | lr=3.00e-05 | train_loss=0.1668 | val_loss=0.1618 val_auc=0.7691
[random_90pct_s43] Epoch 3/8 | lr=3.00e-05 | train_loss=0.1624 | val_loss=0.1589 val_auc=0.7814
[random_90pct_s43] Epoch 4/8 | lr=3.00e-05 | train_loss=0.1598 | val_loss=0.1574 val_auc=0.7896
[random_90pct_s43] Epoch 5/8 | lr=3.00e-05 | train_loss=0.1581 | val_loss=0.1567 val_auc=0.7952
[random_90pct_s43] Epoch 6/8 | lr=3.00e-05 | train_loss=0.1567 | val_loss=0.1558 val_auc=0.7990
[random_90pct_s43] Epoch 7/8 | lr=3.00e-05 | train_loss=0.1554 | val_loss=0.1556 val_auc=0.8014
[random_90pct_s43] Epoch 8/8 | lr=3.00e-05 | train_loss=0.1543 | val_loss=0.1550 val_auc=0.8032

--- Top-80% (71757 samples) ---
[top_80pct] Epoch 1/8 | lr=5.00e-04 | train_loss=0.1357 | val_loss=0.1750 val_auc=0.6843
[top_80pct] Unfreezing denseblock4 + norm5 at epoch 2
[top_80pct] Epoch 2/8 | lr=3.00e-05 | train_loss=0.1267 | val_loss=0.1671 val_auc=0.7406
[top_80pct] Epoch 3/8 | lr=3.00e-05 | train_loss=0.1233 | val_loss=0.1660 val_auc=0.7575
[top_80pct] Epoch 4/8 | lr=3.00e-05 | train_loss=0.1215 | val_loss=0.1637 val_auc=0.7654
[top_80pct] Epoch 5/8 | lr=3.00e-05 | train_loss=0.1202 | val_loss=0.1626 val_auc=0.7697
[top_80pct] Epoch 6/8 | lr=3.00e-05 | train_loss=0.1188 | val_loss=0.1612 val_auc=0.7751
[top_80pct] Epoch 7/8 | lr=3.00e-05 | train_loss=0.1179 | val_loss=0.1609 val_auc=0.7774
[top_80pct] Epoch 8/8 | lr=3.00e-05 | train_loss=0.1172 | val_loss=0.1615 val_auc=0.7793

--- Bottom-80% (71757 samples) ---
[bottom_80pct] Epoch 1/8 | lr=5.00e-04 | train_loss=0.2034 | val_loss=0.1698 val_auc=0.7032
[bottom_80pct] Unfreezing denseblock4 + norm5 at epoch 2
[bottom_80pct] Epoch 2/8 | lr=3.00e-05 | train_loss=0.1919 | val_loss=0.1623 val_auc=0.7594
[bottom_80pct] Epoch 3/8 | lr=3.00e-05 | train_loss=0.1870 | val_loss=0.1598 val_auc=0.7755
[bottom_80pct] Epoch 4/8 | lr=3.00e-05 | train_loss=0.1839 | val_loss=0.1578 val_auc=0.7842
[bottom_80pct] Epoch 5/8 | lr=3.00e-05 | train_loss=0.1821 | val_loss=0.1571 val_auc=0.7905
[bottom_80pct] Epoch 6/8 | lr=3.00e-05 | train_loss=0.1805 | val_loss=0.1565 val_auc=0.7940
[bottom_80pct] Epoch 7/8 | lr=3.00e-05 | train_loss=0.1790 | val_loss=0.1554 val_auc=0.7990
[bottom_80pct] Epoch 8/8 | lr=3.00e-05 | train_loss=0.1776 | val_loss=0.1554 val_auc=0.7999

--- Random-80% seed=43 (71757 samples) ---
[random_80pct_s43] Epoch 1/8 | lr=5.00e-04 | train_loss=0.1773 | val_loss=0.1699 val_auc=0.7073
[random_80pct_s43] Unfreezing denseblock4 + norm5 at epoch 2
[random_80pct_s43] Epoch 2/8 | lr=3.00e-05 | train_loss=0.1673 | val_loss=0.1623 val_auc=0.7629
[random_80pct_s43] Epoch 3/8 | lr=3.00e-05 | train_loss=0.1629 | val_loss=0.1600 val_auc=0.7768
[random_80pct_s43] Epoch 4/8 | lr=3.00e-05 | train_loss=0.1604 | val_loss=0.1584 val_auc=0.7849
[random_80pct_s43] Epoch 5/8 | lr=3.00e-05 | train_loss=0.1586 | val_loss=0.1572 val_auc=0.7915
[random_80pct_s43] Epoch 6/8 | lr=3.00e-05 | train_loss=0.1572 | val_loss=0.1562 val_auc=0.7966
[random_80pct_s43] Epoch 7/8 | lr=3.00e-05 | train_loss=0.1560 | val_loss=0.1559 val_auc=0.7979
[random_80pct_s43] Epoch 8/8 | lr=3.00e-05 | train_loss=0.1549 | val_loss=0.1552 val_auc=0.8025

--- Top-70% (62787 samples) ---
[top_70pct] Epoch 1/8 | lr=5.00e-04 | train_loss=0.1221 | val_loss=0.1784 val_auc=0.6666
[top_70pct] Unfreezing denseblock4 + norm5 at epoch 2
[top_70pct] Epoch 2/8 | lr=3.00e-05 | train_loss=0.1135 | val_loss=0.1707 val_auc=0.7335
[top_70pct] Epoch 3/8 | lr=3.00e-05 | train_loss=0.1105 | val_loss=0.1681 val_auc=0.7471
[top_70pct] Epoch 4/8 | lr=3.00e-05 | train_loss=0.1090 | val_loss=0.1680 val_auc=0.7554
[top_70pct] Epoch 5/8 | lr=3.00e-05 | train_loss=0.1077 | val_loss=0.1677 val_auc=0.7633
[top_70pct] Epoch 6/8 | lr=3.00e-05 | train_loss=0.1066 | val_loss=0.1661 val_auc=0.7634
[top_70pct] Epoch 7/8 | lr=3.00e-05 | train_loss=0.1056 | val_loss=0.1654 val_auc=0.7700
[top_70pct] Epoch 8/8 | lr=3.00e-05 | train_loss=0.1049 | val_loss=0.1666 val_auc=0.7706

--- Bottom-70% (62787 samples) ---
[bottom_70pct] Epoch 1/8 | lr=5.00e-04 | train_loss=0.2174 | val_loss=0.1728 val_auc=0.7018
[bottom_70pct] Unfreezing denseblock4 + norm5 at epoch 2
[bottom_70pct] Epoch 2/8 | lr=3.00e-05 | train_loss=0.2050 | val_loss=0.1630 val_auc=0.7593
[bottom_70pct] Epoch 3/8 | lr=3.00e-05 | train_loss=0.1999 | val_loss=0.1606 val_auc=0.7725
[bottom_70pct] Epoch 4/8 | lr=3.00e-05 | train_loss=0.1968 | val_loss=0.1596 val_auc=0.7827
[bottom_70pct] Epoch 5/8 | lr=3.00e-05 | train_loss=0.1944 | val_loss=0.1588 val_auc=0.7868
[bottom_70pct] Epoch 6/8 | lr=3.00e-05 | train_loss=0.1928 | val_loss=0.1580 val_auc=0.7902
[bottom_70pct] Epoch 7/8 | lr=3.00e-05 | train_loss=0.1910 | val_loss=0.1569 val_auc=0.7938
[bottom_70pct] Epoch 8/8 | lr=3.00e-05 | train_loss=0.1897 | val_loss=0.1575 val_auc=0.7937

--- Random-70% seed=43 (62787 samples) ---
[random_70pct_s43] Epoch 1/8 | lr=5.00e-04 | train_loss=0.1788 | val_loss=0.1702 val_auc=0.7001
[random_70pct_s43] Unfreezing denseblock4 + norm5 at epoch 2
[random_70pct_s43] Epoch 2/8 | lr=3.00e-05 | train_loss=0.1681 | val_loss=0.1633 val_auc=0.7570
[random_70pct_s43] Epoch 3/8 | lr=3.00e-05 | train_loss=0.1637 | val_loss=0.1603 val_auc=0.7729
[random_70pct_s43] Epoch 4/8 | lr=3.00e-05 | train_loss=0.1614 | val_loss=0.1589 val_auc=0.7818
[random_70pct_s43] Epoch 5/8 | lr=3.00e-05 | train_loss=0.1597 | val_loss=0.1581 val_auc=0.7891
[random_70pct_s43] Epoch 6/8 | lr=3.00e-05 | train_loss=0.1579 | val_loss=0.1571 val_auc=0.7927
[random_70pct_s43] Epoch 7/8 | lr=3.00e-05 | train_loss=0.1568 | val_loss=0.1561 val_auc=0.7947
[random_70pct_s43] Epoch 8/8 | lr=3.00e-05 | train_loss=0.1556 | val_loss=0.1565 val_auc=0.7981

--- Top-50% (44848 samples) ---
[top_50pct] Epoch 1/8 | lr=5.00e-04 | train_loss=0.0965 | val_loss=0.1851 val_auc=0.6255
[top_50pct] Unfreezing denseblock4 + norm5 at epoch 2
[top_50pct] Epoch 2/8 | lr=3.00e-05 | train_loss=0.0884 | val_loss=0.1821 val_auc=0.7004
[top_50pct] Epoch 3/8 | lr=3.00e-05 | train_loss=0.0861 | val_loss=0.1827 val_auc=0.7128
[top_50pct] Epoch 4/8 | lr=3.00e-05 | train_loss=0.0848 | val_loss=0.1803 val_auc=0.7262
[top_50pct] Epoch 5/8 | lr=3.00e-05 | train_loss=0.0838 | val_loss=0.1803 val_auc=0.7321
[top_50pct] Epoch 6/8 | lr=3.00e-05 | train_loss=0.0831 | val_loss=0.1786 val_auc=0.7302
[top_50pct] Epoch 7/8 | lr=3.00e-05 | train_loss=0.0825 | val_loss=0.1791 val_auc=0.7366
[top_50pct] Epoch 8/8 | lr=3.00e-05 | train_loss=0.0817 | val_loss=0.1774 val_auc=0.7424

--- Bottom-50% (44848 samples) ---
[bottom_50pct] Epoch 1/8 | lr=5.00e-04 | train_loss=0.2482 | val_loss=0.1800 val_auc=0.6824
[bottom_50pct] Unfreezing denseblock4 + norm5 at epoch 2
[bottom_50pct] Epoch 2/8 | lr=3.00e-05 | train_loss=0.2346 | val_loss=0.1694 val_auc=0.7458
[bottom_50pct] Epoch 3/8 | lr=3.00e-05 | train_loss=0.2285 | val_loss=0.1641 val_auc=0.7632
[bottom_50pct] Epoch 4/8 | lr=3.00e-05 | train_loss=0.2251 | val_loss=0.1640 val_auc=0.7722
[bottom_50pct] Epoch 5/8 | lr=3.00e-05 | train_loss=0.2222 | val_loss=0.1631 val_auc=0.7762
[bottom_50pct] Epoch 6/8 | lr=3.00e-05 | train_loss=0.2199 | val_loss=0.1622 val_auc=0.7810
[bottom_50pct] Epoch 7/8 | lr=3.00e-05 | train_loss=0.2185 | val_loss=0.1624 val_auc=0.7831
[bottom_50pct] Epoch 8/8 | lr=3.00e-05 | train_loss=0.2165 | val_loss=0.1608 val_auc=0.7857

--- Random-50% seed=43 (44848 samples) ---
[random_50pct_s43] Epoch 1/8 | lr=5.00e-04 | train_loss=0.1814 | val_loss=0.1725 val_auc=0.6881
[random_50pct_s43] Unfreezing denseblock4 + norm5 at epoch 2
[random_50pct_s43] Epoch 2/8 | lr=3.00e-05 | train_loss=0.1699 | val_loss=0.1643 val_auc=0.7487
[random_50pct_s43] Epoch 3/8 | lr=3.00e-05 | train_loss=0.1657 | val_loss=0.1617 val_auc=0.7637
[random_50pct_s43] Epoch 4/8 | lr=3.00e-05 | train_loss=0.1632 | val_loss=0.1605 val_auc=0.7724
[random_50pct_s43] Epoch 5/8 | lr=3.00e-05 | train_loss=0.1615 | val_loss=0.1591 val_auc=0.7793
[random_50pct_s43] Epoch 6/8 | lr=3.00e-05 | train_loss=0.1601 | val_loss=0.1585 val_auc=0.7824
[random_50pct_s43] Epoch 7/8 | lr=3.00e-05 | train_loss=0.1588 | val_loss=0.1577 val_auc=0.7867
[random_50pct_s43] Epoch 8/8 | lr=3.00e-05 | train_loss=0.1576 | val_loss=0.1575 val_auc=0.7890

--- Top-30% (26909 samples) ---
[top_30pct] Epoch 1/8 | lr=5.00e-04 | train_loss=0.0727 | val_loss=0.2069 val_auc=0.5705
[top_30pct] Unfreezing denseblock4 + norm5 at epoch 2
[top_30pct] Epoch 2/8 | lr=3.00e-05 | train_loss=0.0636 | val_loss=0.1959 val_auc=0.6718
[top_30pct] Epoch 3/8 | lr=3.00e-05 | train_loss=0.0616 | val_loss=0.1997 val_auc=0.6800
[top_30pct] Epoch 4/8 | lr=3.00e-05 | train_loss=0.0607 | val_loss=0.1947 val_auc=0.6859
[top_30pct] Epoch 5/8 | lr=3.00e-05 | train_loss=0.0600 | val_loss=0.1973 val_auc=0.6915
[top_30pct] Epoch 6/8 | lr=3.00e-05 | train_loss=0.0593 | val_loss=0.1993 val_auc=0.6881
[top_30pct] Epoch 7/8 | lr=3.00e-05 | train_loss=0.0587 | val_loss=0.1969 val_auc=0.6929
[top_30pct] Epoch 8/8 | lr=3.00e-05 | train_loss=0.0584 | val_loss=0.1980 val_auc=0.6957

--- Bottom-30% (26909 samples) ---
[bottom_30pct] Epoch 1/8 | lr=5.00e-04 | train_loss=0.2893 | val_loss=0.1917 val_auc=0.6666
[bottom_30pct] Unfreezing denseblock4 + norm5 at epoch 2
[bottom_30pct] Epoch 2/8 | lr=3.00e-05 | train_loss=0.2730 | val_loss=0.1793 val_auc=0.7228
[bottom_30pct] Epoch 3/8 | lr=3.00e-05 | train_loss=0.2660 | val_loss=0.1794 val_auc=0.7383
[bottom_30pct] Epoch 4/8 | lr=3.00e-05 | train_loss=0.2618 | val_loss=0.1768 val_auc=0.7522
[bottom_30pct] Epoch 5/8 | lr=3.00e-05 | train_loss=0.2585 | val_loss=0.1750 val_auc=0.7596
[bottom_30pct] Epoch 6/8 | lr=3.00e-05 | train_loss=0.2559 | val_loss=0.1759 val_auc=0.7659
[bottom_30pct] Epoch 7/8 | lr=3.00e-05 | train_loss=0.2536 | val_loss=0.1735 val_auc=0.7702
[bottom_30pct] Epoch 8/8 | lr=3.00e-05 | train_loss=0.2516 | val_loss=0.1720 val_auc=0.7692

--- Random-30% seed=43 (26909 samples) ---
[random_30pct_s43] Epoch 1/8 | lr=5.00e-04 | train_loss=0.1851 | val_loss=0.1743 val_auc=0.6601
[random_30pct_s43] Unfreezing denseblock4 + norm5 at epoch 2
[random_30pct_s43] Epoch 2/8 | lr=3.00e-05 | train_loss=0.1725 | val_loss=0.1665 val_auc=0.7228
[random_30pct_s43] Epoch 3/8 | lr=3.00e-05 | train_loss=0.1685 | val_loss=0.1643 val_auc=0.7445
[random_30pct_s43] Epoch 4/8 | lr=3.00e-05 | train_loss=0.1661 | val_loss=0.1626 val_auc=0.7547
[random_30pct_s43] Epoch 5/8 | lr=3.00e-05 | train_loss=0.1643 | val_loss=0.1616 val_auc=0.7615
[random_30pct_s43] Epoch 6/8 | lr=3.00e-05 | train_loss=0.1628 | val_loss=0.1605 val_auc=0.7707
[random_30pct_s43] Epoch 7/8 | lr=3.00e-05 | train_loss=0.1609 | val_loss=0.1598 val_auc=0.7755
[random_30pct_s43] Epoch 8/8 | lr=3.00e-05 | train_loss=0.1594 | val_loss=0.1598 val_auc=0.7780

Pipeline completed in 447.5 minutes.
Outputs saved to: /scratch/jsiu/OpenMedImgDataVal/src/outputs/xray/class/shap
Report: /scratch/jsiu/OpenMedImgDataVal/src/outputs/xray/class/shap/final_report.txt
=== Job finished at Wed Mar 25 06:56:17 AM PDT 2026 ===
