Removing old outputs: /home/jsiu/scratch/OpenMedImgDataVal/src/outputs/xray/class/shap
=== Job 31037901 started on fc10906 at Fri Apr  3 09:34:09 PM PDT 2026 ===
Python: Python 3.11.5
PyTorch: 2.9.1+cu128
CUDA available: True
GPU: NVIDIA H100 80GB HBM3 MIG 3g.40gb

============================================================
OpenMedImgDataVal Pipeline
============================================================
  Modality : xray
  Task     : class
  DV Method: shap
  Output   : /scratch/jsiu/OpenMedImgDataVal/src/outputs/xray/class/shap
============================================================
Device: cuda
Classification: Multi-label (14 classes)

============================================================
SECTION 1: DATA DOWNLOAD
============================================================
KAGGLE_CACHE_DIR = /scratch/jsiu/OpenMedImgDataVal/src/data
Downloading nih-chest-xrays/data via kagglehub...
Dataset path: /home/jsiu/.cache/kagglehub/datasets/nih-chest-xrays/data/versions/3
Indexed 112120 images
Loaded 112120 images (0 skipped — not found on disk)
Train: 89696, Val: 11212, Test: 11212
Classes: 14 (Atelectasis, Cardiomegaly, Effusion, Infiltration, Mass, Nodule, Pneumonia, Pneumothorax, Consolidation, Edema, Emphysema, Fibrosis, Pleural_Thickening, Hernia)

============================================================
SECTION 2: HYPERPARAMETER OPTIMISATION
============================================================

============================================================
Hyperparameter Optimisation (3 trials, 10 epochs each)
============================================================
[hpo_trial_0] Epoch 1/10 | lr=3.00e-04 | train_loss=0.1807 | val_loss=0.1709 val_auc=0.6929
[hpo_trial_0] Epoch 2/10 | lr=3.00e-04 | train_loss=0.1743 | val_loss=0.1697 val_auc=0.7187
[hpo_trial_0] Epoch 3/10 | lr=3.00e-04 | train_loss=0.1740 | val_loss=0.1703 val_auc=0.7252
[hpo_trial_0] Unfreezing denseblock4 + norm5 at epoch 4
[hpo_trial_0] Epoch 4/10 | lr=3.00e-05 | train_loss=0.1683 | val_loss=0.1613 val_auc=0.7726
[hpo_trial_0] Epoch 5/10 | lr=3.00e-05 | train_loss=0.1637 | val_loss=0.1586 val_auc=0.7863
[hpo_trial_0] Epoch 6/10 | lr=3.00e-05 | train_loss=0.1612 | val_loss=0.1578 val_auc=0.7920
[hpo_trial_0] Epoch 7/10 | lr=3.00e-05 | train_loss=0.1593 | val_loss=0.1563 val_auc=0.7971
[hpo_trial_0] Epoch 8/10 | lr=3.00e-05 | train_loss=0.1579 | val_loss=0.1554 val_auc=0.8018
[hpo_trial_0] Epoch 9/10 | lr=3.00e-05 | train_loss=0.1565 | val_loss=0.1553 val_auc=0.8044
[hpo_trial_0] Epoch 10/10 | lr=3.00e-05 | train_loss=0.1556 | val_loss=0.1543 val_auc=0.8076
  Trial 1/3 | val_auc=0.8076 *best* | head_lr=3.0e-04 finetune_lr=3.0e-05 dropout=0.4 wd_ft=3.0e-04 unfreeze_ep=4
[hpo_trial_1] Epoch 1/10 | lr=5.00e-04 | train_loss=0.1763 | val_loss=0.1707 val_auc=0.7150
[hpo_trial_1] Epoch 2/10 | lr=5.00e-04 | train_loss=0.1720 | val_loss=0.1692 val_auc=0.7260
[hpo_trial_1] Unfreezing denseblock4 + norm5 at epoch 3
[hpo_trial_1] Epoch 3/10 | lr=3.00e-05 | train_loss=0.1660 | val_loss=0.1608 val_auc=0.7729
[hpo_trial_1] Epoch 4/10 | lr=3.00e-05 | train_loss=0.1619 | val_loss=0.1584 val_auc=0.7853
[hpo_trial_1] Epoch 5/10 | lr=3.00e-05 | train_loss=0.1597 | val_loss=0.1573 val_auc=0.7909
[hpo_trial_1] Epoch 6/10 | lr=3.00e-05 | train_loss=0.1580 | val_loss=0.1565 val_auc=0.7971
[hpo_trial_1] Epoch 7/10 | lr=3.00e-05 | train_loss=0.1564 | val_loss=0.1554 val_auc=0.8009
[hpo_trial_1] Epoch 8/10 | lr=3.00e-05 | train_loss=0.1550 | val_loss=0.1553 val_auc=0.8033
[hpo_trial_1] Epoch 9/10 | lr=3.00e-05 | train_loss=0.1541 | val_loss=0.1546 val_auc=0.8054
[hpo_trial_1] Epoch 10/10 | lr=3.00e-05 | train_loss=0.1530 | val_loss=0.1548 val_auc=0.8066
  Trial 2/3 | val_auc=0.8066 | head_lr=5.0e-04 finetune_lr=3.0e-05 dropout=0.2 wd_ft=1.0e-03 unfreeze_ep=3
[hpo_trial_2] Epoch 1/10 | lr=3.00e-04 | train_loss=0.1792 | val_loss=0.1704 val_auc=0.7044
[hpo_trial_2] Epoch 2/10 | lr=3.00e-04 | train_loss=0.1730 | val_loss=0.1689 val_auc=0.7257
[hpo_trial_2] Epoch 3/10 | lr=3.00e-04 | train_loss=0.1724 | val_loss=0.1685 val_auc=0.7286
[hpo_trial_2] Epoch 4/10 | lr=3.00e-04 | train_loss=0.1720 | val_loss=0.1690 val_auc=0.7280
[hpo_trial_2] Epoch 5/10 | lr=3.00e-04 | train_loss=0.1721 | val_loss=0.1686 val_auc=0.7300
[hpo_trial_2] Epoch 6/10 | lr=3.00e-04 | train_loss=0.1720 | val_loss=0.1687 val_auc=0.7335
[hpo_trial_2] Epoch 7/10 | lr=3.00e-04 | train_loss=0.1720 | val_loss=0.1676 val_auc=0.7347
[hpo_trial_2] Unfreezing denseblock4 + norm5 at epoch 8
[hpo_trial_2] Epoch 8/10 | lr=3.00e-05 | train_loss=0.1669 | val_loss=0.1606 val_auc=0.7762
[hpo_trial_2] Epoch 9/10 | lr=3.00e-05 | train_loss=0.1625 | val_loss=0.1586 val_auc=0.7881
[hpo_trial_2] Epoch 10/10 | lr=3.00e-05 | train_loss=0.1603 | val_loss=0.1573 val_auc=0.7944
  Trial 3/3 | val_auc=0.7944 | head_lr=3.0e-04 finetune_lr=3.0e-05 dropout=0.3 wd_ft=3.0e-04 unfreeze_ep=8

Best config (val_auc=0.8076): {'head_lr': 0.0003, 'finetune_lr': 3e-05, 'dropout': 0.4, 'weight_decay_finetune': 0.0003, 'unfreeze_epoch': 4}
============================================================


============================================================
SECTION 3: MODEL TRAINING (100% data)
============================================================
[full_100pct] Epoch 1/20 | lr=3.00e-04 | train_loss=0.1807 | val_loss=0.1709 val_auc=0.6929
[full_100pct] Epoch 2/20 | lr=3.00e-04 | train_loss=0.1743 | val_loss=0.1697 val_auc=0.7187
[full_100pct] Epoch 3/20 | lr=3.00e-04 | train_loss=0.1740 | val_loss=0.1703 val_auc=0.7252
[full_100pct] Unfreezing denseblock4 + norm5 at epoch 4
[full_100pct] Epoch 4/20 | lr=3.00e-05 | train_loss=0.1683 | val_loss=0.1613 val_auc=0.7726
[full_100pct] Epoch 5/20 | lr=3.00e-05 | train_loss=0.1637 | val_loss=0.1586 val_auc=0.7863
[full_100pct] Epoch 6/20 | lr=3.00e-05 | train_loss=0.1612 | val_loss=0.1578 val_auc=0.7920
[full_100pct] Epoch 7/20 | lr=3.00e-05 | train_loss=0.1593 | val_loss=0.1563 val_auc=0.7971
[full_100pct] Epoch 8/20 | lr=3.00e-05 | train_loss=0.1579 | val_loss=0.1554 val_auc=0.8018
[full_100pct] Epoch 9/20 | lr=3.00e-05 | train_loss=0.1565 | val_loss=0.1553 val_auc=0.8044
[full_100pct] Epoch 10/20 | lr=3.00e-05 | train_loss=0.1556 | val_loss=0.1543 val_auc=0.8076
[full_100pct] Epoch 11/20 | lr=3.00e-05 | train_loss=0.1547 | val_loss=0.1543 val_auc=0.8087
[full_100pct] Epoch 12/20 | lr=3.00e-05 | train_loss=0.1537 | val_loss=0.1541 val_auc=0.8096
[full_100pct] Epoch 13/20 | lr=3.00e-05 | train_loss=0.1528 | val_loss=0.1533 val_auc=0.8127
[full_100pct] Epoch 14/20 | lr=3.00e-05 | train_loss=0.1521 | val_loss=0.1532 val_auc=0.8126
[full_100pct] Epoch 15/20 | lr=3.00e-05 | train_loss=0.1514 | val_loss=0.1529 val_auc=0.8136
[full_100pct] Epoch 16/20 | lr=3.00e-05 | train_loss=0.1506 | val_loss=0.1530 val_auc=0.8151
[full_100pct] Epoch 17/20 | lr=3.00e-05 | train_loss=0.1500 | val_loss=0.1529 val_auc=0.8158
[full_100pct] Epoch 18/20 | lr=3.00e-05 | train_loss=0.1493 | val_loss=0.1525 val_auc=0.8166
[full_100pct] Epoch 19/20 | lr=3.00e-05 | train_loss=0.1488 | val_loss=0.1523 val_auc=0.8167
[full_100pct] Epoch 20/20 | lr=3.00e-05 | train_loss=0.1482 | val_loss=0.1524 val_auc=0.8166

Full model results:
  Train AUC: 0.8497
  Val AUC:   0.8167
  Test AUC:  0.8086
  Per-class Test AUC:
    Atelectasis: 0.7850
    Cardiomegaly: 0.8808
    Effusion: 0.8624
    Infiltration: 0.7107
    Mass: 0.7781
    Nodule: 0.6999
    Pneumonia: 0.7141
    Pneumothorax: 0.8748
    Consolidation: 0.7880
    Edema: 0.8919
    Emphysema: 0.8882
    Fibrosis: 0.7797
    Pleural_Thickening: 0.7832
    Hernia: 0.8844

============================================================
SECTION 4: SHAPLEY DATA VALUATION
============================================================
Extracting embeddings...
Computing Shapley values...
Optimising KNN k value...
  KNN k=   1  val_acc=0.926023
  KNN k=   3  val_acc=0.942167
  KNN k=   5  val_acc=0.945651
  KNN k=  10  val_acc=0.946690
  KNN k=  20  val_acc=0.948365
  KNN k=  50  val_acc=0.949334
  -> Best k=50 (val_acc=0.949334)
Shapley: approximate mode using top M*=5000 nearest train points per val.

Shapley values: min=-0.000029, max=0.000064, mean=0.000011, std=0.000007

Top 10 Shapley samples:
  1. 00026501_001.png: 0.000064
  2. 00026427_000.png: 0.000059
  3. 00024858_000.png: 0.000059
  4. 00009304_000.png: 0.000055
  5. 00020955_000.png: 0.000054
  6. 00018065_008.png: 0.000054
  7. 00015182_000.png: 0.000054
  8. 00013550_000.png: 0.000053
  9. 00023899_000.png: 0.000052
  10. 00013971_000.png: 0.000052

Bottom 10 Shapley samples:
  1. 00005722_019.png: -0.000029
  2. 00019395_016.png: -0.000024
  3. 00007167_000.png: -0.000020
  4. 00030561_006.png: -0.000013
  5. 00008694_004.png: -0.000013
  6. 00001301_042.png: -0.000012
  7. 00006031_001.png: -0.000012
  8. 00014895_000.png: -0.000012
  9. 00009925_036.png: -0.000011
  10. 00011831_015.png: -0.000011

============================================================
SECTION 5: SUBSET RETRAINING EXPERIMENTS
============================================================
Fractions: [90, 80, 70, 50, 30]%
Strategies: Top-N, Bottom-N, Random-N (x1 seeds)

--- Top-90% (80726 samples) ---
[top_90pct] Epoch 1/8 | lr=3.00e-04 | train_loss=0.1591 | val_loss=0.1744 val_auc=0.6643
[top_90pct] Unfreezing denseblock4 + norm5 at epoch 2
[top_90pct] Epoch 2/8 | lr=3.00e-05 | train_loss=0.1480 | val_loss=0.1655 val_auc=0.7309
[top_90pct] Epoch 3/8 | lr=3.00e-05 | train_loss=0.1441 | val_loss=0.1633 val_auc=0.7506
[top_90pct] Epoch 4/8 | lr=3.00e-05 | train_loss=0.1417 | val_loss=0.1626 val_auc=0.7588
[top_90pct] Epoch 5/8 | lr=3.00e-05 | train_loss=0.1400 | val_loss=0.1607 val_auc=0.7621
[top_90pct] Epoch 6/8 | lr=3.00e-05 | train_loss=0.1386 | val_loss=0.1603 val_auc=0.7731
[top_90pct] Epoch 7/8 | lr=3.00e-05 | train_loss=0.1375 | val_loss=0.1593 val_auc=0.7731
[top_90pct] Epoch 8/8 | lr=3.00e-05 | train_loss=0.1367 | val_loss=0.1589 val_auc=0.7768

--- Bottom-90% (80726 samples) ---
[bottom_90pct] Epoch 1/8 | lr=3.00e-04 | train_loss=0.1934 | val_loss=0.1726 val_auc=0.6898
[bottom_90pct] Unfreezing denseblock4 + norm5 at epoch 2
[bottom_90pct] Epoch 2/8 | lr=3.00e-05 | train_loss=0.1810 | val_loss=0.1623 val_auc=0.7608
[bottom_90pct] Epoch 3/8 | lr=3.00e-05 | train_loss=0.1761 | val_loss=0.1594 val_auc=0.7776
[bottom_90pct] Epoch 4/8 | lr=3.00e-05 | train_loss=0.1732 | val_loss=0.1578 val_auc=0.7872
[bottom_90pct] Epoch 5/8 | lr=3.00e-05 | train_loss=0.1712 | val_loss=0.1565 val_auc=0.7935
[bottom_90pct] Epoch 6/8 | lr=3.00e-05 | train_loss=0.1695 | val_loss=0.1559 val_auc=0.7965
[bottom_90pct] Epoch 7/8 | lr=3.00e-05 | train_loss=0.1681 | val_loss=0.1553 val_auc=0.8002
[bottom_90pct] Epoch 8/8 | lr=3.00e-05 | train_loss=0.1671 | val_loss=0.1547 val_auc=0.8011

--- Random-90% seed=43 (80726 samples) ---
[random_90pct_s43] Epoch 1/8 | lr=3.00e-04 | train_loss=0.1810 | val_loss=0.1710 val_auc=0.6885
[random_90pct_s43] Unfreezing denseblock4 + norm5 at epoch 2
[random_90pct_s43] Epoch 2/8 | lr=3.00e-05 | train_loss=0.1690 | val_loss=0.1625 val_auc=0.7611
[random_90pct_s43] Epoch 3/8 | lr=3.00e-05 | train_loss=0.1643 | val_loss=0.1595 val_auc=0.7785
[random_90pct_s43] Epoch 4/8 | lr=3.00e-05 | train_loss=0.1615 | val_loss=0.1578 val_auc=0.7878
[random_90pct_s43] Epoch 5/8 | lr=3.00e-05 | train_loss=0.1598 | val_loss=0.1569 val_auc=0.7926
[random_90pct_s43] Epoch 6/8 | lr=3.00e-05 | train_loss=0.1581 | val_loss=0.1560 val_auc=0.7974
[random_90pct_s43] Epoch 7/8 | lr=3.00e-05 | train_loss=0.1569 | val_loss=0.1555 val_auc=0.8001
[random_90pct_s43] Epoch 8/8 | lr=3.00e-05 | train_loss=0.1558 | val_loss=0.1549 val_auc=0.8025

--- Top-80% (71757 samples) ---
[top_80pct] Epoch 1/8 | lr=3.00e-04 | train_loss=0.1448 | val_loss=0.1761 val_auc=0.6458
[top_80pct] Unfreezing denseblock4 + norm5 at epoch 2
[top_80pct] Epoch 2/8 | lr=3.00e-05 | train_loss=0.1342 | val_loss=0.1694 val_auc=0.7216
[top_80pct] Epoch 3/8 | lr=3.00e-05 | train_loss=0.1305 | val_loss=0.1665 val_auc=0.7343
[top_80pct] Epoch 4/8 | lr=3.00e-05 | train_loss=0.1285 | val_loss=0.1658 val_auc=0.7415
[top_80pct] Epoch 5/8 | lr=3.00e-05 | train_loss=0.1270 | val_loss=0.1650 val_auc=0.7461
[top_80pct] Epoch 6/8 | lr=3.00e-05 | train_loss=0.1261 | val_loss=0.1634 val_auc=0.7479
[top_80pct] Epoch 7/8 | lr=3.00e-05 | train_loss=0.1251 | val_loss=0.1637 val_auc=0.7507
[top_80pct] Epoch 8/8 | lr=3.00e-05 | train_loss=0.1240 | val_loss=0.1633 val_auc=0.7594

--- Bottom-80% (71757 samples) ---
[bottom_80pct] Epoch 1/8 | lr=3.00e-04 | train_loss=0.2061 | val_loss=0.1727 val_auc=0.6786
[bottom_80pct] Unfreezing denseblock4 + norm5 at epoch 2
[bottom_80pct] Epoch 2/8 | lr=3.00e-05 | train_loss=0.1932 | val_loss=0.1625 val_auc=0.7566
[bottom_80pct] Epoch 3/8 | lr=3.00e-05 | train_loss=0.1879 | val_loss=0.1599 val_auc=0.7733
[bottom_80pct] Epoch 4/8 | lr=3.00e-05 | train_loss=0.1850 | val_loss=0.1579 val_auc=0.7834
[bottom_80pct] Epoch 5/8 | lr=3.00e-05 | train_loss=0.1825 | val_loss=0.1573 val_auc=0.7892
[bottom_80pct] Epoch 6/8 | lr=3.00e-05 | train_loss=0.1809 | val_loss=0.1560 val_auc=0.7950
[bottom_80pct] Epoch 7/8 | lr=3.00e-05 | train_loss=0.1793 | val_loss=0.1567 val_auc=0.7947
[bottom_80pct] Epoch 8/8 | lr=3.00e-05 | train_loss=0.1780 | val_loss=0.1549 val_auc=0.7994

--- Random-80% seed=43 (71757 samples) ---
[random_80pct_s43] Epoch 1/8 | lr=3.00e-04 | train_loss=0.1814 | val_loss=0.1719 val_auc=0.6834
[random_80pct_s43] Unfreezing denseblock4 + norm5 at epoch 2
[random_80pct_s43] Epoch 2/8 | lr=3.00e-05 | train_loss=0.1696 | val_loss=0.1628 val_auc=0.7564
[random_80pct_s43] Epoch 3/8 | lr=3.00e-05 | train_loss=0.1649 | val_loss=0.1601 val_auc=0.7725
[random_80pct_s43] Epoch 4/8 | lr=3.00e-05 | train_loss=0.1622 | val_loss=0.1584 val_auc=0.7853
[random_80pct_s43] Epoch 5/8 | lr=3.00e-05 | train_loss=0.1602 | val_loss=0.1572 val_auc=0.7913
[random_80pct_s43] Epoch 6/8 | lr=3.00e-05 | train_loss=0.1587 | val_loss=0.1561 val_auc=0.7959
[random_80pct_s43] Epoch 7/8 | lr=3.00e-05 | train_loss=0.1575 | val_loss=0.1558 val_auc=0.7985
[random_80pct_s43] Epoch 8/8 | lr=3.00e-05 | train_loss=0.1566 | val_loss=0.1553 val_auc=0.8014

--- Top-70% (62787 samples) ---
[top_70pct] Epoch 1/8 | lr=3.00e-04 | train_loss=0.1322 | val_loss=0.1790 val_auc=0.6322
[top_70pct] Unfreezing denseblock4 + norm5 at epoch 2
[top_70pct] Epoch 2/8 | lr=3.00e-05 | train_loss=0.1216 | val_loss=0.1729 val_auc=0.7056
[top_70pct] Epoch 3/8 | lr=3.00e-05 | train_loss=0.1185 | val_loss=0.1706 val_auc=0.7223
[top_70pct] Epoch 4/8 | lr=3.00e-05 | train_loss=0.1167 | val_loss=0.1704 val_auc=0.7332
[top_70pct] Epoch 5/8 | lr=3.00e-05 | train_loss=0.1152 | val_loss=0.1694 val_auc=0.7393
[top_70pct] Epoch 6/8 | lr=3.00e-05 | train_loss=0.1144 | val_loss=0.1687 val_auc=0.7416
[top_70pct] Epoch 7/8 | lr=3.00e-05 | train_loss=0.1135 | val_loss=0.1671 val_auc=0.7468
[top_70pct] Epoch 8/8 | lr=3.00e-05 | train_loss=0.1129 | val_loss=0.1674 val_auc=0.7488

--- Bottom-70% (62787 samples) ---
[bottom_70pct] Epoch 1/8 | lr=3.00e-04 | train_loss=0.2191 | val_loss=0.1738 val_auc=0.6759
[bottom_70pct] Unfreezing denseblock4 + norm5 at epoch 2
[bottom_70pct] Epoch 2/8 | lr=3.00e-05 | train_loss=0.2053 | val_loss=0.1638 val_auc=0.7550
[bottom_70pct] Epoch 3/8 | lr=3.00e-05 | train_loss=0.1993 | val_loss=0.1611 val_auc=0.7700
[bottom_70pct] Epoch 4/8 | lr=3.00e-05 | train_loss=0.1963 | val_loss=0.1594 val_auc=0.7778
[bottom_70pct] Epoch 5/8 | lr=3.00e-05 | train_loss=0.1938 | val_loss=0.1578 val_auc=0.7839
[bottom_70pct] Epoch 6/8 | lr=3.00e-05 | train_loss=0.1919 | val_loss=0.1576 val_auc=0.7872
[bottom_70pct] Epoch 7/8 | lr=3.00e-05 | train_loss=0.1905 | val_loss=0.1571 val_auc=0.7924
[bottom_70pct] Epoch 8/8 | lr=3.00e-05 | train_loss=0.1888 | val_loss=0.1564 val_auc=0.7940

--- Random-70% seed=43 (62787 samples) ---
[random_70pct_s43] Epoch 1/8 | lr=3.00e-04 | train_loss=0.1828 | val_loss=0.1726 val_auc=0.6762
[random_70pct_s43] Unfreezing denseblock4 + norm5 at epoch 2
[random_70pct_s43] Epoch 2/8 | lr=3.00e-05 | train_loss=0.1708 | val_loss=0.1642 val_auc=0.7487
[random_70pct_s43] Epoch 3/8 | lr=3.00e-05 | train_loss=0.1657 | val_loss=0.1611 val_auc=0.7666
[random_70pct_s43] Epoch 4/8 | lr=3.00e-05 | train_loss=0.1633 | val_loss=0.1595 val_auc=0.7784
[random_70pct_s43] Epoch 5/8 | lr=3.00e-05 | train_loss=0.1614 | val_loss=0.1587 val_auc=0.7847
[random_70pct_s43] Epoch 6/8 | lr=3.00e-05 | train_loss=0.1598 | val_loss=0.1575 val_auc=0.7911
[random_70pct_s43] Epoch 7/8 | lr=3.00e-05 | train_loss=0.1586 | val_loss=0.1565 val_auc=0.7940
[random_70pct_s43] Epoch 8/8 | lr=3.00e-05 | train_loss=0.1573 | val_loss=0.1567 val_auc=0.7973

--- Top-50% (44848 samples) ---
[top_50pct] Epoch 1/8 | lr=3.00e-04 | train_loss=0.1094 | val_loss=0.1883 val_auc=0.5923
[top_50pct] Unfreezing denseblock4 + norm5 at epoch 2
[top_50pct] Epoch 2/8 | lr=3.00e-05 | train_loss=0.0982 | val_loss=0.1831 val_auc=0.6814
[top_50pct] Epoch 3/8 | lr=3.00e-05 | train_loss=0.0958 | val_loss=0.1812 val_auc=0.6917
[top_50pct] Epoch 4/8 | lr=3.00e-05 | train_loss=0.0943 | val_loss=0.1804 val_auc=0.7019
[top_50pct] Epoch 5/8 | lr=3.00e-05 | train_loss=0.0934 | val_loss=0.1799 val_auc=0.7041
[top_50pct] Epoch 6/8 | lr=3.00e-05 | train_loss=0.0924 | val_loss=0.1804 val_auc=0.7044
[top_50pct] Epoch 7/8 | lr=3.00e-05 | train_loss=0.0920 | val_loss=0.1810 val_auc=0.7071
[top_50pct] Epoch 8/8 | lr=3.00e-05 | train_loss=0.0913 | val_loss=0.1796 val_auc=0.7080

--- Bottom-50% (44848 samples) ---
[bottom_50pct] Epoch 1/8 | lr=3.00e-04 | train_loss=0.2477 | val_loss=0.1791 val_auc=0.6602
[bottom_50pct] Unfreezing denseblock4 + norm5 at epoch 2
[bottom_50pct] Epoch 2/8 | lr=3.00e-05 | train_loss=0.2322 | val_loss=0.1675 val_auc=0.7396
[bottom_50pct] Epoch 3/8 | lr=3.00e-05 | train_loss=0.2257 | val_loss=0.1646 val_auc=0.7563
[bottom_50pct] Epoch 4/8 | lr=3.00e-05 | train_loss=0.2221 | val_loss=0.1630 val_auc=0.7683
[bottom_50pct] Epoch 5/8 | lr=3.00e-05 | train_loss=0.2190 | val_loss=0.1606 val_auc=0.7718
[bottom_50pct] Epoch 6/8 | lr=3.00e-05 | train_loss=0.2167 | val_loss=0.1602 val_auc=0.7781
[bottom_50pct] Epoch 7/8 | lr=3.00e-05 | train_loss=0.2147 | val_loss=0.1593 val_auc=0.7836
[bottom_50pct] Epoch 8/8 | lr=3.00e-05 | train_loss=0.2135 | val_loss=0.1596 val_auc=0.7855

--- Random-50% seed=43 (44848 samples) ---
[random_50pct_s43] Epoch 1/8 | lr=3.00e-04 | train_loss=0.1860 | val_loss=0.1741 val_auc=0.6555
[random_50pct_s43] Unfreezing denseblock4 + norm5 at epoch 2
[random_50pct_s43] Epoch 2/8 | lr=3.00e-05 | train_loss=0.1726 | val_loss=0.1656 val_auc=0.7376
[random_50pct_s43] Epoch 3/8 | lr=3.00e-05 | train_loss=0.1683 | val_loss=0.1627 val_auc=0.7574
[random_50pct_s43] Epoch 4/8 | lr=3.00e-05 | train_loss=0.1655 | val_loss=0.1612 val_auc=0.7681
[random_50pct_s43] Epoch 5/8 | lr=3.00e-05 | train_loss=0.1637 | val_loss=0.1601 val_auc=0.7755
[random_50pct_s43] Epoch 6/8 | lr=3.00e-05 | train_loss=0.1622 | val_loss=0.1587 val_auc=0.7808
[random_50pct_s43] Epoch 7/8 | lr=3.00e-05 | train_loss=0.1609 | val_loss=0.1582 val_auc=0.7833
[random_50pct_s43] Epoch 8/8 | lr=3.00e-05 | train_loss=0.1597 | val_loss=0.1577 val_auc=0.7868

--- Top-30% (26909 samples) ---
[top_30pct] Epoch 1/8 | lr=3.00e-04 | train_loss=0.0879 | val_loss=0.2042 val_auc=0.5508
[top_30pct] Unfreezing denseblock4 + norm5 at epoch 2
[top_30pct] Epoch 2/8 | lr=3.00e-05 | train_loss=0.0748 | val_loss=0.1967 val_auc=0.6609
[top_30pct] Epoch 3/8 | lr=3.00e-05 | train_loss=0.0727 | val_loss=0.1932 val_auc=0.6774
[top_30pct] Epoch 4/8 | lr=3.00e-05 | train_loss=0.0715 | val_loss=0.1978 val_auc=0.6806
[top_30pct] Epoch 5/8 | lr=3.00e-05 | train_loss=0.0708 | val_loss=0.1948 val_auc=0.6824
[top_30pct] Epoch 6/8 | lr=3.00e-05 | train_loss=0.0704 | val_loss=0.1947 val_auc=0.6843
[top_30pct] Epoch 7/8 | lr=3.00e-05 | train_loss=0.0698 | val_loss=0.1969 val_auc=0.6851
[top_30pct] Epoch 8/8 | lr=3.00e-05 | train_loss=0.0694 | val_loss=0.1967 val_auc=0.6860

--- Bottom-30% (26909 samples) ---
[bottom_30pct] Epoch 1/8 | lr=3.00e-04 | train_loss=0.2852 | val_loss=0.1908 val_auc=0.6346
[bottom_30pct] Unfreezing denseblock4 + norm5 at epoch 2
[bottom_30pct] Epoch 2/8 | lr=3.00e-05 | train_loss=0.2674 | val_loss=0.1757 val_auc=0.7083
[bottom_30pct] Epoch 3/8 | lr=3.00e-05 | train_loss=0.2600 | val_loss=0.1729 val_auc=0.7371
[bottom_30pct] Epoch 4/8 | lr=3.00e-05 | train_loss=0.2558 | val_loss=0.1712 val_auc=0.7462
[bottom_30pct] Epoch 5/8 | lr=3.00e-05 | train_loss=0.2521 | val_loss=0.1710 val_auc=0.7537
[bottom_30pct] Epoch 6/8 | lr=3.00e-05 | train_loss=0.2494 | val_loss=0.1689 val_auc=0.7594
[bottom_30pct] Epoch 7/8 | lr=3.00e-05 | train_loss=0.2470 | val_loss=0.1691 val_auc=0.7669
[bottom_30pct] Epoch 8/8 | lr=3.00e-05 | train_loss=0.2450 | val_loss=0.1696 val_auc=0.7683

--- Random-30% seed=43 (26909 samples) ---
[random_30pct_s43] Epoch 1/8 | lr=3.00e-04 | train_loss=0.1905 | val_loss=0.1770 val_auc=0.6221
[random_30pct_s43] Unfreezing denseblock4 + norm5 at epoch 2
[random_30pct_s43] Epoch 2/8 | lr=3.00e-05 | train_loss=0.1757 | val_loss=0.1679 val_auc=0.7121
[random_30pct_s43] Epoch 3/8 | lr=3.00e-05 | train_loss=0.1711 | val_loss=0.1651 val_auc=0.7405
[random_30pct_s43] Epoch 4/8 | lr=3.00e-05 | train_loss=0.1689 | val_loss=0.1634 val_auc=0.7526
[random_30pct_s43] Epoch 5/8 | lr=3.00e-05 | train_loss=0.1669 | val_loss=0.1624 val_auc=0.7595
[random_30pct_s43] Epoch 6/8 | lr=3.00e-05 | train_loss=0.1652 | val_loss=0.1612 val_auc=0.7683
[random_30pct_s43] Epoch 7/8 | lr=3.00e-05 | train_loss=0.1639 | val_loss=0.1605 val_auc=0.7713
[random_30pct_s43] Epoch 8/8 | lr=3.00e-05 | train_loss=0.1620 | val_loss=0.1599 val_auc=0.7761

Pipeline completed in 897.2 minutes.
Outputs saved to: /scratch/jsiu/OpenMedImgDataVal/src/outputs/xray/class/shap
Report: /scratch/jsiu/OpenMedImgDataVal/src/outputs/xray/class/shap/final_report.txt
=== Job finished at Sat Apr  4 12:36:04 PM PDT 2026 ===
