The following modules were not unloaded:
  (Use "module --force purge" to unload all):

  1) CCconfig        6)  ucx/1.14.1         11) flexiblas/3.3.1
  2) gentoo/2023     7)  libfabric/1.18.0   12) aocl-blas/5.1
  3) gcccore/.12.3   8)  pmix/4.2.4         13) aocl-lapack/5.1
  4) gcc/12.3        9)  ucc/1.2.0          14) StdEnv/2023
  5) hwloc/2.9.1     10) openmpi/4.1.5
Resolved 172 packages in 40ms
Checked 166 packages in 184ms
Traceback (most recent call last):
  File "/scratch/jsiu/OpenMedImgDataVal/src/main.py", line 103, in <module>
    main()
  File "/scratch/jsiu/OpenMedImgDataVal/src/main.py", line 57, in main
    _run_xray_classification(args)
  File "/scratch/jsiu/OpenMedImgDataVal/src/main.py", line 99, in _run_xray_classification
    run_pipeline(args, compute_shapley_values, "Shapley", _LazyMethodParams(args))
  File "/scratch/jsiu/OpenMedImgDataVal/src/xray_class/pipeline.py", line 220, in run_pipeline
    _run_pipeline_inner(args, compute_values_fn, method_name, method_lower, method_params_report)
  File "/scratch/jsiu/OpenMedImgDataVal/src/xray_class/pipeline.py", line 385, in _run_pipeline_inner
    v = compute_values_fn(train_feats, train_y, val_feats, val_y, args)
        ^^^^^^^^^^^^^^^^^^^^^^^^^^^^^^^^^^^^^^^^^^^^^^^^^^^^^^^^^^^^^^^
  File "/scratch/jsiu/OpenMedImgDataVal/src/dv/shap/knn_shapley.py", line 140, in compute_shapley_values
    best_k, k_results = optimize_knn_k(train_feats, train_y, val_feats, val_y, candidates, out_dir=args.out_dir)
                        ^^^^^^^^^^^^^^^^^^^^^^^^^^^^^^^^^^^^^^^^^^^^^^^^^^^^^^^^^^^^^^^^^^^^^^^^^^^^^^^^^^^^^^^^
  File "/scratch/jsiu/OpenMedImgDataVal/src/dv/shap/knn_shapley.py", line 47, in optimize_knn_k
    acc = knn_accuracy(train_feats, train_y, val_feats, val_y, k)
          ^^^^^^^^^^^^^^^^^^^^^^^^^^^^^^^^^^^^^^^^^^^^^^^^^^^^^^^
  File "/scratch/jsiu/OpenMedImgDataVal/.venv/lib/python3.11/site-packages/torch/utils/_contextlib.py", line 120, in decorate_context
    return func(*args, **kwargs)
           ^^^^^^^^^^^^^^^^^^^^^
  File "/scratch/jsiu/OpenMedImgDataVal/src/dv/shap/knn_shapley.py", line 35, in knn_accuracy
    topk_labels = train_labels[topk_idx]  # [n_val, k, n_classes]
                  ~~~~~~~~~~~~^^^^^^^^^^
RuntimeError: indices should be either on cpu or on the same device as the indexed tensor (cpu)
