=== Job 25297296 started on fc11007 at Mon Mar  2 09:46:55 AM PST 2026 ===
Python: Python 3.11.4
PyTorch: 2.9.1+cu128
CUDA available: True
GPU: NVIDIA H100 80GB HBM3 MIG 1g.10gb

============================================================
X-RAY SHAPLEY: DATA VALUATION PIPELINE (Python script)
============================================================
PyTorch version: 2.9.1+cu128
Device: cuda
Seed: 42

============================================================
SECTION 1: DATA DOWNLOAD AND PREPARATION
============================================================
Downloading NIH Chest X-rays dataset from Kaggle...
Downloaded to: /home/jsiu/.cache/kagglehub/datasets/nih-chest-xrays/data/versions/3
Linking files to outputs/data...
Dataset linked successfully
Linked 0 images into outputs/data/images
Dataset structure:
data/
  FAQ_CHESTXRAY.pdf
  train_val_list.txt
  README_CHESTXRAY.pdf
  Data_Entry_2017.csv
  LOG_CHESTXRAY.pdf
  ... and 3 more files
  images/
    00013140_003.png
    00012392_012.png
    00018558_000.png
    00017411_000.png
    00002381_001.png
    ... and 112115 more files
Loaded 112120 label rows

============================================================
SECTION 2: MODEL SETUP AND DATA PREPARATION
============================================================
Downloading: "https://download.pytorch.org/models/densenet121-a639ec97.pth" to /home/jsiu/.cache/torch/hub/checkpoints/densenet121-a639ec97.pth
Frozen conv layers (head-only training)
DenseNet121 loaded on cuda
Classifier head: Linear(1024, 1)
Trainable parameters: 1,025 / 6,954,881
Found 112120 images (No Finding: 60361, Has Finding: 51759)

Train: 89696, Test: 22424
Train class distribution: [48289 41407]
Test class distribution: [12072 10352]
Train: 71756 samples (32-batch, 2243 batches)
Val:   17940 samples
Test:  22424 samples

Train class dist: [38631 33125]
Val class dist:   [9658 8282]
Test class dist:  [12072 10352]
Samples plotted: 1000 (No Finding: 495, Has Finding: 505)
Saved: outputs/plots/pretrained_tsne.png

============================================================
SECTION 3: MODEL TRAINING
============================================================
Class balance — Negative: 38631, Positive: 33125, pos_weight: 1.17
Optimizer: Adam (lr=0.001, wd=1e-05)
Scheduler: ReduceLROnPlateau (patience=2)
Epochs: 10, Early stopping patience: 3
Epoch 1/10 — Loss: 0.6851 — Val AUC: 0.7139
Epoch 2/10 — Loss: 0.6769 — Val AUC: 0.7176
Epoch 3/10 — Loss: 0.6744 — Val AUC: 0.7171
Epoch 4/10 — Loss: 0.6752 — Val AUC: 0.7174
Epoch 5/10 — Loss: 0.6743 — Val AUC: 0.7192
Epoch 6/10 — Loss: 0.6737 — Val AUC: 0.7195
Epoch 7/10 — Loss: 0.6744 — Val AUC: 0.7192
Epoch 8/10 — Loss: 0.6724 — Val AUC: 0.7208
Epoch 9/10 — Loss: 0.6739 — Val AUC: 0.7188
Epoch 10/10 — Loss: 0.6726 — Val AUC: 0.7191

Best validation AUC: 0.7208
Saved: outputs/plots/saliency_maps.png
Model saved to outputs/models/densenet121_model.pt
File size: 28.4 MB
Extracting training embeddings...
Training embeddings: (89696, 1024)
Extracting test embeddings...
Test embeddings: (22424, 1024)
Extracting train-subset embeddings...
Train-subset embeddings: (71756, 1024)
Extracting val-subset embeddings...
Val-subset embeddings: (17940, 1024)

Embeddings cached to outputs/embeddings/
==================================================
VALIDATION SET METRICS
==================================================
Accuracy:  0.6744
Precision: 0.6508
Recall:    0.6357
F1-Score:  0.6432
ROC-AUC:   0.7208

==================================================
TEST SET METRICS (FINAL EVALUATION)
==================================================
Accuracy:  0.6745
Precision: 0.6511
Recall:    0.6356
F1-Score:  0.6433
ROC-AUC:   0.7255

==================================================
CLASSIFICATION REPORT (TEST SET)
==================================================
              precision    recall  f1-score   support

  NO FINDING       0.69      0.71      0.70     12072
 HAS FINDING       0.65      0.64      0.64     10352

    accuracy                           0.67     22424
   macro avg       0.67      0.67      0.67     22424
weighted avg       0.67      0.67      0.67     22424

Saved: outputs/plots/confusion_matrices.png

============================================================
SECTION 4: SHAP FEATURE-LEVEL ANALYSIS
============================================================
Initializing SHAP GradientExplainer on classifier head...
Background samples: 200
GradientExplainer initialized successfully
Computing SHAP values for test set...
SHAP values shape: (22424, 1024)
Sample SHAP values (first instance): [ 3.19280837e-06  2.17594044e-05  1.97990154e-05  1.50748954e-05
 -6.45749311e-03]
Expected prediction (base value): -0.1791
Saved: outputs/plots/shap_bar.png
Saved: outputs/plots/shap_beeswarm.png
Top 10 most important features (by SHAP):
 1. Feature 386: 0.0587
 2. Feature 162: 0.0570
 3. Feature 722: 0.0548
 4. Feature 842: 0.0538
 5. Feature 541: 0.0528
 6. Feature 779: 0.0514
 7. Feature 609: 0.0513
 8. Feature 232: 0.0504
 9. Feature 354: 0.0472
10. Feature 560: 0.0471
Saved: outputs/plots/shap_dependence.png
Waterfall plots for individual predictions:


--- Sample 0 ---
True label: 1 (HAS FINDING)
Predicted label: 1 (HAS FINDING)
Prediction probability: 0.5062
Saved: outputs/plots/shap_waterfall_0.png

--- Sample 50 ---
True label: 1 (HAS FINDING)
Predicted label: 0 (NO FINDING)
Prediction probability: 0.4373
Saved: outputs/plots/shap_waterfall_50.png

--- Sample 100 ---
True label: 1 (HAS FINDING)
Predicted label: 0 (NO FINDING)
Prediction probability: 0.3601
Saved: outputs/plots/shap_waterfall_100.png
SHAP values saved to outputs/results

============================================================
SECTION 5: DATA VALUATION WITH SHAPLEY VALUES
============================================================
Full training data shape: (89696, 1024)
Full training labels shape: (89696,)
Train subset shape: (71756, 1024)
Val subset shape: (17940, 1024)
Test data shape: (22424, 1024)
Computing KNN-Shapley approximation...
Fitting k-NN...
Finding k-nearest neighbours for validation samples...
Assigning Shapley values...

Data Shapley values computed
Min: -4.4000
Max: 8.1000
Mean: 0.0357
Median: 0.0000
Saved: outputs/plots/shapley_distribution.png
============================================================
TOP 20 MOST VALUABLE TRAINING SAMPLES
============================================================
 1. Sample 45908 (Label: HAS FINDING ) — Shapley:  8.1000
 2. Sample 21697 (Label: HAS FINDING ) — Shapley:  7.8000
 3. Sample 53684 (Label: NO FINDING  ) — Shapley:  6.3000
 4. Sample  7551 (Label: NO FINDING  ) — Shapley:  5.8000
 5. Sample 20406 (Label: HAS FINDING ) — Shapley:  5.2000
 6. Sample 71656 (Label: NO FINDING  ) — Shapley:  4.8000
 7. Sample 51566 (Label: NO FINDING  ) — Shapley:  4.2000
 8. Sample   802 (Label: NO FINDING  ) — Shapley:  3.8000
 9. Sample 13373 (Label: NO FINDING  ) — Shapley:  3.8000
10. Sample 19251 (Label: NO FINDING  ) — Shapley:  3.7000
11. Sample  5347 (Label: HAS FINDING ) — Shapley:  3.6000
12. Sample 47386 (Label: HAS FINDING ) — Shapley:  3.6000
13. Sample 23200 (Label: NO FINDING  ) — Shapley:  3.5000
14. Sample 29262 (Label: NO FINDING  ) — Shapley:  3.0000
15. Sample 49589 (Label: NO FINDING  ) — Shapley:  2.9000
16. Sample 14528 (Label: NO FINDING  ) — Shapley:  2.8000
17. Sample  5790 (Label: HAS FINDING ) — Shapley:  2.8000
18. Sample 56757 (Label: NO FINDING  ) — Shapley:  2.8000
19. Sample 50882 (Label: NO FINDING  ) — Shapley:  2.7000
20. Sample 37642 (Label: HAS FINDING ) — Shapley:  2.7000

============================================================
BOTTOM 20 LEAST VALUABLE TRAINING SAMPLES (Potentially Noisy)
============================================================
 1. Sample 37682 (Label: HAS FINDING ) — Shapley: -4.4000
 2. Sample 49546 (Label: NO FINDING  ) — Shapley: -2.8000
 3. Sample 30377 (Label: HAS FINDING ) — Shapley: -2.8000
 4. Sample 37555 (Label: NO FINDING  ) — Shapley: -2.7000
 5. Sample 60441 (Label: HAS FINDING ) — Shapley: -2.6000
 6. Sample 29826 (Label: NO FINDING  ) — Shapley: -2.6000
 7. Sample 54170 (Label: HAS FINDING ) — Shapley: -2.5000
 8. Sample 52898 (Label: NO FINDING  ) — Shapley: -2.5000
 9. Sample 68655 (Label: NO FINDING  ) — Shapley: -2.4000
10. Sample 39513 (Label: HAS FINDING ) — Shapley: -2.3000
11. Sample 69305 (Label: HAS FINDING ) — Shapley: -2.1000
12. Sample 62652 (Label: HAS FINDING ) — Shapley: -2.1000
13. Sample 69700 (Label: HAS FINDING ) — Shapley: -2.1000
14. Sample 17594 (Label: NO FINDING  ) — Shapley: -2.1000
15. Sample 41799 (Label: HAS FINDING ) — Shapley: -2.0000
16. Sample 35293 (Label: NO FINDING  ) — Shapley: -2.0000
17. Sample 52447 (Label: HAS FINDING ) — Shapley: -1.9000
18. Sample 48185 (Label: HAS FINDING ) — Shapley: -1.9000
19. Sample 34714 (Label: NO FINDING  ) — Shapley: -1.8000
20. Sample  5322 (Label: NO FINDING  ) — Shapley: -1.8000
Detecting data quality issues...

Data Quality Issues Detected:
   noisy_labels: 13829 samples (19.3%)
       outliers: 0 samples (0.0%)
      redundant: 36188 samples (50.4%)
     high_value: 6728 samples (9.4%)

Running data efficiency experiments...
(Using F1 score, pos_weight=1.17, nn.Linear head on 1024-dim embeddings)

