The following modules were not unloaded:
  (Use "module --force purge" to unload all):

  1) CCconfig        6)  ucx/1.14.1         11) flexiblas/3.3.1
  2) gentoo/2023     7)  libfabric/1.18.0   12) aocl-blas/5.1
  3) gcccore/.12.3   8)  pmix/4.2.4         13) aocl-lapack/5.1
  4) gcc/12.3        9)  ucc/1.2.0          14) StdEnv/2023
  5) hwloc/2.9.1     10) openmpi/4.1.5
Resolved 172 packages in 41ms
Checked 166 packages in 201ms
2026-03-23 23:08:05.362448: I tensorflow/core/util/port.cc:153] oneDNN custom operations are on. You may see slightly different numerical results due to floating-point round-off errors from different computation orders. To turn them off, set the environment variable `TF_ENABLE_ONEDNN_OPTS=0`.
2026-03-23 23:08:37.740753: I tensorflow/core/platform/cpu_feature_guard.cc:210] This TensorFlow binary is optimized to use available CPU instructions in performance-critical operations.
To enable the following instructions: AVX2 AVX512F AVX512_VNNI AVX512_BF16 FMA, in other operations, rebuild TensorFlow with the appropriate compiler flags.
2026-03-23 23:08:45.977694: I tensorflow/core/util/port.cc:153] oneDNN custom operations are on. You may see slightly different numerical results due to floating-point round-off errors from different computation orders. To turn them off, set the environment variable `TF_ENABLE_ONEDNN_OPTS=0`.
Traceback (most recent call last):
  File "/scratch/jsiu/OpenMedImgDataVal/src/main.py", line 103, in <module>
    main()
  File "/scratch/jsiu/OpenMedImgDataVal/src/main.py", line 57, in main
    _run_xray_classification(args)
  File "/scratch/jsiu/OpenMedImgDataVal/src/main.py", line 94, in _run_xray_classification
    run_pipeline(args, compute_ot_values, "OT", _LazyMethodParams(args))
  File "/scratch/jsiu/OpenMedImgDataVal/src/xray_class/pipeline.py", line 220, in run_pipeline
    _run_pipeline_inner(args, compute_values_fn, method_name, method_lower, method_params_report)
  File "/scratch/jsiu/OpenMedImgDataVal/src/xray_class/pipeline.py", line 298, in _run_pipeline_inner
    hpo_best_config, hpo_trials = _optimize_hyperparameters(train_loader, val_loader, args, device)
                                  ^^^^^^^^^^^^^^^^^^^^^^^^^^^^^^^^^^^^^^^^^^^^^^^^^^^^^^^^^^^^^^^^^
  File "/scratch/jsiu/OpenMedImgDataVal/src/xray_class/pipeline.py", line 178, in _optimize_hyperparameters
    _, _, _, _, val_auc = train_with_early_stop(
                          ^^^^^^^^^^^^^^^^^^^^^^
  File "/scratch/jsiu/OpenMedImgDataVal/src/xray_class/model.py", line 192, in train_with_early_stop
    torch.save(model.state_dict(), best_path)
  File "/scratch/jsiu/OpenMedImgDataVal/.venv/lib/python3.11/site-packages/torch/serialization.py", line 966, in save
    with _open_zipfile_writer(f) as opened_zipfile:
         ^^^^^^^^^^^^^^^^^^^^^^^
  File "/scratch/jsiu/OpenMedImgDataVal/.venv/lib/python3.11/site-packages/torch/serialization.py", line 828, in _open_zipfile_writer
    return container(name_or_buffer)  # type: ignore[arg-type]
           ^^^^^^^^^^^^^^^^^^^^^^^^^
  File "/scratch/jsiu/OpenMedImgDataVal/.venv/lib/python3.11/site-packages/torch/serialization.py", line 792, in __init__
    torch._C.PyTorchFileWriter(
RuntimeError: Parent directory /scratch/jsiu/OpenMedImgDataVal/src/outputs/xray/class/ot/hpo does not exist.
