=== Job 29174473 started on fc10514 at Mon Mar 23 06:29:49 PM PDT 2026 ===
Python: Python 3.11.5
PyTorch: 2.9.1+cu128
CUDA available: True
GPU: NVIDIA H100 80GB HBM3

============================================================
OpenMedImgDataVal Pipeline
============================================================
  Modality : xray
  Task     : class
  DV Method: shap
  Output   : /scratch/jsiu/OpenMedImgDataVal/src/outputs/xray/class/shap
============================================================
Device: cuda
Classification: Multi-label (14 classes)

============================================================
SECTION 1: DATA DOWNLOAD
============================================================
KAGGLE_CACHE_DIR = /scratch/jsiu/OpenMedImgDataVal/src/data
Downloading nih-chest-xrays/data via kagglehub...
Dataset path: /home/jsiu/.cache/kagglehub/datasets/nih-chest-xrays/data/versions/3
Indexed 112120 images
Loaded 112120 images (0 skipped — not found on disk)
Train: 89696, Val: 11212, Test: 11212
Classes: 14 (Atelectasis, Cardiomegaly, Effusion, Infiltration, Mass, Nodule, Pneumonia, Pneumothorax, Consolidation, Edema, Emphysema, Fibrosis, Pleural_Thickening, Hernia)

============================================================
SECTION 2: HYPERPARAMETER OPTIMISATION
============================================================

============================================================
Hyperparameter Optimisation (5 trials, 10 epochs each)
============================================================
[hpo_trial_0] Epoch 1/10 | lr=3.00e-04 | train_loss=0.1807 | val_loss=0.1709 val_auc=0.6929
[hpo_trial_0] Epoch 2/10 | lr=3.00e-04 | train_loss=0.1743 | val_loss=0.1697 val_auc=0.7187
[hpo_trial_0] Epoch 3/10 | lr=3.00e-04 | train_loss=0.1740 | val_loss=0.1703 val_auc=0.7252
[hpo_trial_0] Unfreezing denseblock4 + norm5 at epoch 4
[hpo_trial_0] Epoch 4/10 | lr=3.00e-05 | train_loss=0.1683 | val_loss=0.1613 val_auc=0.7728
[hpo_trial_0] Epoch 5/10 | lr=3.00e-05 | train_loss=0.1637 | val_loss=0.1586 val_auc=0.7863
[hpo_trial_0] Epoch 6/10 | lr=3.00e-05 | train_loss=0.1612 | val_loss=0.1578 val_auc=0.7918
[hpo_trial_0] Epoch 7/10 | lr=3.00e-05 | train_loss=0.1593 | val_loss=0.1563 val_auc=0.7972
[hpo_trial_0] Epoch 8/10 | lr=3.00e-05 | train_loss=0.1579 | val_loss=0.1554 val_auc=0.8017
[hpo_trial_0] Epoch 9/10 | lr=3.00e-05 | train_loss=0.1565 | val_loss=0.1553 val_auc=0.8043
[hpo_trial_0] Epoch 10/10 | lr=3.00e-05 | train_loss=0.1556 | val_loss=0.1542 val_auc=0.8077
  Trial 1/5 | val_auc=0.8077 *best* | head_lr=3.0e-04 finetune_lr=3.0e-05 dropout=0.4 wd_ft=3.0e-04 unfreeze_ep=4
[hpo_trial_1] Epoch 1/10 | lr=5.00e-04 | train_loss=0.1763 | val_loss=0.1707 val_auc=0.7150
[hpo_trial_1] Epoch 2/10 | lr=5.00e-04 | train_loss=0.1720 | val_loss=0.1692 val_auc=0.7260
[hpo_trial_1] Unfreezing denseblock4 + norm5 at epoch 3
[hpo_trial_1] Epoch 3/10 | lr=3.00e-05 | train_loss=0.1660 | val_loss=0.1607 val_auc=0.7728
[hpo_trial_1] Epoch 4/10 | lr=3.00e-05 | train_loss=0.1619 | val_loss=0.1584 val_auc=0.7852
[hpo_trial_1] Epoch 5/10 | lr=3.00e-05 | train_loss=0.1597 | val_loss=0.1573 val_auc=0.7909
[hpo_trial_1] Epoch 6/10 | lr=3.00e-05 | train_loss=0.1580 | val_loss=0.1564 val_auc=0.7971
[hpo_trial_1] Epoch 7/10 | lr=3.00e-05 | train_loss=0.1564 | val_loss=0.1553 val_auc=0.8011
[hpo_trial_1] Epoch 8/10 | lr=3.00e-05 | train_loss=0.1550 | val_loss=0.1552 val_auc=0.8034
[hpo_trial_1] Epoch 9/10 | lr=3.00e-05 | train_loss=0.1541 | val_loss=0.1546 val_auc=0.8057
[hpo_trial_1] Epoch 10/10 | lr=3.00e-05 | train_loss=0.1530 | val_loss=0.1547 val_auc=0.8072
  Trial 2/5 | val_auc=0.8072 | head_lr=5.0e-04 finetune_lr=3.0e-05 dropout=0.2 wd_ft=1.0e-03 unfreeze_ep=3
[hpo_trial_2] Epoch 1/10 | lr=3.00e-04 | train_loss=0.1792 | val_loss=0.1704 val_auc=0.7044
[hpo_trial_2] Epoch 2/10 | lr=3.00e-04 | train_loss=0.1730 | val_loss=0.1689 val_auc=0.7257
[hpo_trial_2] Epoch 3/10 | lr=3.00e-04 | train_loss=0.1724 | val_loss=0.1685 val_auc=0.7286
[hpo_trial_2] Epoch 4/10 | lr=3.00e-04 | train_loss=0.1720 | val_loss=0.1690 val_auc=0.7280
[hpo_trial_2] Epoch 5/10 | lr=3.00e-04 | train_loss=0.1721 | val_loss=0.1686 val_auc=0.7300
[hpo_trial_2] Epoch 6/10 | lr=3.00e-04 | train_loss=0.1720 | val_loss=0.1687 val_auc=0.7335
[hpo_trial_2] Epoch 7/10 | lr=3.00e-04 | train_loss=0.1720 | val_loss=0.1676 val_auc=0.7347
[hpo_trial_2] Unfreezing denseblock4 + norm5 at epoch 8
[hpo_trial_2] Epoch 8/10 | lr=3.00e-05 | train_loss=0.1669 | val_loss=0.1606 val_auc=0.7762
[hpo_trial_2] Epoch 9/10 | lr=3.00e-05 | train_loss=0.1625 | val_loss=0.1586 val_auc=0.7880
[hpo_trial_2] Epoch 10/10 | lr=3.00e-05 | train_loss=0.1603 | val_loss=0.1573 val_auc=0.7944
  Trial 3/5 | val_auc=0.7944 | head_lr=3.0e-04 finetune_lr=3.0e-05 dropout=0.3 wd_ft=3.0e-04 unfreeze_ep=8
[hpo_trial_3] Epoch 1/10 | lr=3.00e-03 | train_loss=0.1872 | val_loss=0.1859 val_auc=0.6932
[hpo_trial_3] Epoch 2/10 | lr=3.00e-03 | train_loss=0.1866 | val_loss=0.1778 val_auc=0.7019
[hpo_trial_3] Epoch 3/10 | lr=3.00e-03 | train_loss=0.1871 | val_loss=0.1767 val_auc=0.7032
[hpo_trial_3] Unfreezing denseblock4 + norm5 at epoch 4
[hpo_trial_3] Epoch 4/10 | lr=3.00e-05 | train_loss=0.1722 | val_loss=0.1629 val_auc=0.7632
[hpo_trial_3] Epoch 5/10 | lr=3.00e-05 | train_loss=0.1668 | val_loss=0.1603 val_auc=0.7830
[hpo_trial_3] Epoch 6/10 | lr=3.00e-05 | train_loss=0.1635 | val_loss=0.1583 val_auc=0.7904
[hpo_trial_3] Epoch 7/10 | lr=3.00e-05 | train_loss=0.1614 | val_loss=0.1576 val_auc=0.7956
[hpo_trial_3] Epoch 8/10 | lr=3.00e-05 | train_loss=0.1595 | val_loss=0.1564 val_auc=0.8012
[hpo_trial_3] Epoch 9/10 | lr=3.00e-05 | train_loss=0.1580 | val_loss=0.1556 val_auc=0.8019
[hpo_trial_3] Epoch 10/10 | lr=3.00e-05 | train_loss=0.1567 | val_loss=0.1552 val_auc=0.8054
  Trial 4/5 | val_auc=0.8054 | head_lr=3.0e-03 finetune_lr=3.0e-05 dropout=0.3 wd_ft=1.0e-03 unfreeze_ep=4
[hpo_trial_4] Epoch 1/10 | lr=2.00e-03 | train_loss=0.1801 | val_loss=0.1809 val_auc=0.7159
[hpo_trial_4] Epoch 2/10 | lr=2.00e-03 | train_loss=0.1792 | val_loss=0.1732 val_auc=0.7248
[hpo_trial_4] Epoch 3/10 | lr=2.00e-03 | train_loss=0.1793 | val_loss=0.1806 val_auc=0.7211
[hpo_trial_4] Epoch 4/10 | lr=2.00e-03 | train_loss=0.1789 | val_loss=0.1745 val_auc=0.7215
[hpo_trial_4] Epoch 5/10 | lr=1.00e-03 | train_loss=0.1786 | val_loss=0.1728 val_auc=0.7220
[hpo_trial_4] Unfreezing denseblock4 + norm5 at epoch 6
[hpo_trial_4] Epoch 6/10 | lr=1.00e-04 | train_loss=0.1661 | val_loss=0.1592 val_auc=0.7867
[hpo_trial_4] Epoch 7/10 | lr=1.00e-04 | train_loss=0.1600 | val_loss=0.1567 val_auc=0.7985
[hpo_trial_4] Epoch 8/10 | lr=1.00e-04 | train_loss=0.1571 | val_loss=0.1567 val_auc=0.8025
[hpo_trial_4] Epoch 9/10 | lr=1.00e-04 | train_loss=0.1549 | val_loss=0.1542 val_auc=0.8082
[hpo_trial_4] Epoch 10/10 | lr=1.00e-04 | train_loss=0.1529 | val_loss=0.1537 val_auc=0.8115
  Trial 5/5 | val_auc=0.8115 *best* | head_lr=2.0e-03 finetune_lr=1.0e-04 dropout=0.2 wd_ft=3.0e-04 unfreeze_ep=6

Best config (val_auc=0.8115): {'head_lr': 0.002, 'finetune_lr': 0.0001, 'dropout': 0.2, 'weight_decay_finetune': 0.0003, 'unfreeze_epoch': 6}
============================================================


============================================================
SECTION 3: MODEL TRAINING (100% data)
============================================================
[full_100pct] Epoch 1/30 | lr=2.00e-03 | train_loss=0.1802 | val_loss=0.1722 val_auc=0.7213
[full_100pct] Epoch 2/30 | lr=2.00e-03 | train_loss=0.1789 | val_loss=0.1737 val_auc=0.7213
[full_100pct] Epoch 3/30 | lr=2.00e-03 | train_loss=0.1789 | val_loss=0.1775 val_auc=0.7195
[full_100pct] Epoch 4/30 | lr=2.00e-03 | train_loss=0.1791 | val_loss=0.1735 val_auc=0.7253
[full_100pct] Epoch 5/30 | lr=2.00e-03 | train_loss=0.1787 | val_loss=0.1758 val_auc=0.7169
[full_100pct] Unfreezing denseblock4 + norm5 at epoch 6
[full_100pct] Epoch 6/30 | lr=1.00e-04 | train_loss=0.1661 | val_loss=0.1604 val_auc=0.7871
[full_100pct] Epoch 7/30 | lr=1.00e-04 | train_loss=0.1601 | val_loss=0.1567 val_auc=0.7970
[full_100pct] Epoch 8/30 | lr=1.00e-04 | train_loss=0.1570 | val_loss=0.1548 val_auc=0.8066
[full_100pct] Epoch 9/30 | lr=1.00e-04 | train_loss=0.1547 | val_loss=0.1545 val_auc=0.8099
[full_100pct] Epoch 10/30 | lr=1.00e-04 | train_loss=0.1529 | val_loss=0.1530 val_auc=0.8134
[full_100pct] Epoch 11/30 | lr=1.00e-04 | train_loss=0.1516 | val_loss=0.1529 val_auc=0.8158
[full_100pct] Epoch 12/30 | lr=1.00e-04 | train_loss=0.1500 | val_loss=0.1531 val_auc=0.8148
[full_100pct] Epoch 13/30 | lr=1.00e-04 | train_loss=0.1488 | val_loss=0.1520 val_auc=0.8189
[full_100pct] Epoch 14/30 | lr=1.00e-04 | train_loss=0.1476 | val_loss=0.1524 val_auc=0.8183
[full_100pct] Epoch 15/30 | lr=1.00e-04 | train_loss=0.1465 | val_loss=0.1520 val_auc=0.8183
[full_100pct] Epoch 16/30 | lr=5.00e-05 | train_loss=0.1456 | val_loss=0.1523 val_auc=0.8183
[full_100pct] Epoch 17/30 | lr=5.00e-05 | train_loss=0.1429 | val_loss=0.1523 val_auc=0.8209
[full_100pct] Epoch 18/30 | lr=5.00e-05 | train_loss=0.1419 | val_loss=0.1519 val_auc=0.8209
[full_100pct] Epoch 19/30 | lr=5.00e-05 | train_loss=0.1407 | val_loss=0.1517 val_auc=0.8200
[full_100pct] Epoch 20/30 | lr=5.00e-05 | train_loss=0.1402 | val_loss=0.1523 val_auc=0.8215
[full_100pct] Epoch 21/30 | lr=5.00e-05 | train_loss=0.1391 | val_loss=0.1533 val_auc=0.8171
[full_100pct] Epoch 22/30 | lr=5.00e-05 | train_loss=0.1386 | val_loss=0.1536 val_auc=0.8160
[full_100pct] Epoch 23/30 | lr=2.50e-05 | train_loss=0.1376 | val_loss=0.1533 val_auc=0.8171
[full_100pct] Epoch 24/30 | lr=2.50e-05 | train_loss=0.1361 | val_loss=0.1540 val_auc=0.8181
[full_100pct] Epoch 25/30 | lr=2.50e-05 | train_loss=0.1358 | val_loss=0.1539 val_auc=0.8180
[full_100pct] Early stopping at epoch 25.

Full model results:
  Train AUC: 0.8835
  Val AUC:   0.8215
  Test AUC:  0.8105
  Per-class Test AUC:
    Atelectasis: 0.7864
    Cardiomegaly: 0.8840
    Effusion: 0.8667
    Infiltration: 0.7052
    Mass: 0.7888
    Nodule: 0.7025
    Pneumonia: 0.6997
    Pneumothorax: 0.8871
    Consolidation: 0.7909
    Edema: 0.8919
    Emphysema: 0.8937
    Fibrosis: 0.7781
    Pleural_Thickening: 0.7789
    Hernia: 0.8935

============================================================
SECTION 4: SHAPLEY DATA VALUATION
============================================================
Extracting embeddings...
Computing Shapley values...
Optimising KNN k value...
