=== Job 29349079 started on fc10909 at Wed Mar 25 01:56:33 AM PDT 2026 ===
Python: Python 3.11.5
PyTorch: 2.9.1+cu128
CUDA available: True
GPU: NVIDIA H100 80GB HBM3 MIG 3g.40gb

============================================================
OpenMedImgDataVal Pipeline
============================================================
  Modality : xray
  Task     : class
  DV Method: ot
  Output   : /scratch/jsiu/OpenMedImgDataVal/src/outputs/xray/class/ot
============================================================
Device: cuda
Classification: Multi-label (14 classes)

============================================================
SECTION 1: DATA DOWNLOAD
============================================================
KAGGLE_CACHE_DIR = /scratch/jsiu/OpenMedImgDataVal/src/data
Downloading nih-chest-xrays/data via kagglehub...
Dataset path: /home/jsiu/.cache/kagglehub/datasets/nih-chest-xrays/data/versions/3
Indexed 112120 images
Loaded 112120 images (0 skipped — not found on disk)
Train: 89696, Val: 11212, Test: 11212
Classes: 14 (Atelectasis, Cardiomegaly, Effusion, Infiltration, Mass, Nodule, Pneumonia, Pneumothorax, Consolidation, Edema, Emphysema, Fibrosis, Pleural_Thickening, Hernia)

============================================================
SECTION 2: HYPERPARAMETER OPTIMISATION
============================================================

============================================================
Hyperparameter Optimisation (3 trials, 10 epochs each)
============================================================
[hpo_trial_0] Epoch 1/10 | lr=3.00e-04 | train_loss=0.1807 | val_loss=0.1709 val_auc=0.6929
[hpo_trial_0] Epoch 2/10 | lr=3.00e-04 | train_loss=0.1743 | val_loss=0.1697 val_auc=0.7187
[hpo_trial_0] Epoch 3/10 | lr=3.00e-04 | train_loss=0.1740 | val_loss=0.1703 val_auc=0.7252
[hpo_trial_0] Unfreezing denseblock4 + norm5 at epoch 4
[hpo_trial_0] Epoch 4/10 | lr=3.00e-05 | train_loss=0.1683 | val_loss=0.1613 val_auc=0.7726
[hpo_trial_0] Epoch 5/10 | lr=3.00e-05 | train_loss=0.1637 | val_loss=0.1586 val_auc=0.7863
[hpo_trial_0] Epoch 6/10 | lr=3.00e-05 | train_loss=0.1612 | val_loss=0.1578 val_auc=0.7920
[hpo_trial_0] Epoch 7/10 | lr=3.00e-05 | train_loss=0.1593 | val_loss=0.1563 val_auc=0.7971
[hpo_trial_0] Epoch 8/10 | lr=3.00e-05 | train_loss=0.1579 | val_loss=0.1554 val_auc=0.8018
[hpo_trial_0] Epoch 9/10 | lr=3.00e-05 | train_loss=0.1565 | val_loss=0.1553 val_auc=0.8044
[hpo_trial_0] Epoch 10/10 | lr=3.00e-05 | train_loss=0.1556 | val_loss=0.1543 val_auc=0.8076
  Trial 1/3 | val_auc=0.8076 *best* | head_lr=3.0e-04 finetune_lr=3.0e-05 dropout=0.4 wd_ft=3.0e-04 unfreeze_ep=4
[hpo_trial_1] Epoch 1/10 | lr=5.00e-04 | train_loss=0.1763 | val_loss=0.1707 val_auc=0.7150
[hpo_trial_1] Epoch 2/10 | lr=5.00e-04 | train_loss=0.1720 | val_loss=0.1692 val_auc=0.7260
[hpo_trial_1] Unfreezing denseblock4 + norm5 at epoch 3
[hpo_trial_1] Epoch 3/10 | lr=3.00e-05 | train_loss=0.1660 | val_loss=0.1608 val_auc=0.7729
[hpo_trial_1] Epoch 4/10 | lr=3.00e-05 | train_loss=0.1619 | val_loss=0.1584 val_auc=0.7853
[hpo_trial_1] Epoch 5/10 | lr=3.00e-05 | train_loss=0.1597 | val_loss=0.1573 val_auc=0.7909
[hpo_trial_1] Epoch 6/10 | lr=3.00e-05 | train_loss=0.1580 | val_loss=0.1565 val_auc=0.7971
[hpo_trial_1] Epoch 7/10 | lr=3.00e-05 | train_loss=0.1564 | val_loss=0.1554 val_auc=0.8009
[hpo_trial_1] Epoch 8/10 | lr=3.00e-05 | train_loss=0.1550 | val_loss=0.1553 val_auc=0.8033
[hpo_trial_1] Epoch 9/10 | lr=3.00e-05 | train_loss=0.1541 | val_loss=0.1546 val_auc=0.8054
[hpo_trial_1] Epoch 10/10 | lr=3.00e-05 | train_loss=0.1530 | val_loss=0.1548 val_auc=0.8066
  Trial 2/3 | val_auc=0.8066 | head_lr=5.0e-04 finetune_lr=3.0e-05 dropout=0.2 wd_ft=1.0e-03 unfreeze_ep=3
[hpo_trial_2] Epoch 1/10 | lr=3.00e-04 | train_loss=0.1792 | val_loss=0.1704 val_auc=0.7044
[hpo_trial_2] Epoch 2/10 | lr=3.00e-04 | train_loss=0.1730 | val_loss=0.1689 val_auc=0.7257
[hpo_trial_2] Epoch 3/10 | lr=3.00e-04 | train_loss=0.1724 | val_loss=0.1685 val_auc=0.7286
[hpo_trial_2] Epoch 4/10 | lr=3.00e-04 | train_loss=0.1720 | val_loss=0.1690 val_auc=0.7280
[hpo_trial_2] Epoch 5/10 | lr=3.00e-04 | train_loss=0.1721 | val_loss=0.1686 val_auc=0.7300
[hpo_trial_2] Epoch 6/10 | lr=3.00e-04 | train_loss=0.1720 | val_loss=0.1687 val_auc=0.7335
[hpo_trial_2] Epoch 7/10 | lr=3.00e-04 | train_loss=0.1720 | val_loss=0.1676 val_auc=0.7347
[hpo_trial_2] Unfreezing denseblock4 + norm5 at epoch 8
[hpo_trial_2] Epoch 8/10 | lr=3.00e-05 | train_loss=0.1669 | val_loss=0.1606 val_auc=0.7762
[hpo_trial_2] Epoch 9/10 | lr=3.00e-05 | train_loss=0.1625 | val_loss=0.1586 val_auc=0.7881
[hpo_trial_2] Epoch 10/10 | lr=3.00e-05 | train_loss=0.1603 | val_loss=0.1573 val_auc=0.7944
  Trial 3/3 | val_auc=0.7944 | head_lr=3.0e-04 finetune_lr=3.0e-05 dropout=0.3 wd_ft=3.0e-04 unfreeze_ep=8

Best config (val_auc=0.8076): {'head_lr': 0.0003, 'finetune_lr': 3e-05, 'dropout': 0.4, 'weight_decay_finetune': 0.0003, 'unfreeze_epoch': 4}
============================================================


============================================================
SECTION 3: MODEL TRAINING (100% data)
============================================================
[full_100pct] Epoch 1/20 | lr=3.00e-04 | train_loss=0.1807 | val_loss=0.1709 val_auc=0.6929
[full_100pct] Epoch 2/20 | lr=3.00e-04 | train_loss=0.1743 | val_loss=0.1697 val_auc=0.7187
[full_100pct] Epoch 3/20 | lr=3.00e-04 | train_loss=0.1740 | val_loss=0.1703 val_auc=0.7252
[full_100pct] Unfreezing denseblock4 + norm5 at epoch 4
[full_100pct] Epoch 4/20 | lr=3.00e-05 | train_loss=0.1683 | val_loss=0.1613 val_auc=0.7726
[full_100pct] Epoch 5/20 | lr=3.00e-05 | train_loss=0.1637 | val_loss=0.1586 val_auc=0.7863
[full_100pct] Epoch 6/20 | lr=3.00e-05 | train_loss=0.1612 | val_loss=0.1578 val_auc=0.7920
[full_100pct] Epoch 7/20 | lr=3.00e-05 | train_loss=0.1593 | val_loss=0.1563 val_auc=0.7971
[full_100pct] Epoch 8/20 | lr=3.00e-05 | train_loss=0.1579 | val_loss=0.1554 val_auc=0.8018
[full_100pct] Epoch 9/20 | lr=3.00e-05 | train_loss=0.1565 | val_loss=0.1553 val_auc=0.8044
[full_100pct] Epoch 10/20 | lr=3.00e-05 | train_loss=0.1556 | val_loss=0.1543 val_auc=0.8076
[full_100pct] Epoch 11/20 | lr=3.00e-05 | train_loss=0.1547 | val_loss=0.1543 val_auc=0.8087
[full_100pct] Epoch 12/20 | lr=3.00e-05 | train_loss=0.1537 | val_loss=0.1541 val_auc=0.8096
[full_100pct] Epoch 13/20 | lr=3.00e-05 | train_loss=0.1528 | val_loss=0.1533 val_auc=0.8127
[full_100pct] Epoch 14/20 | lr=3.00e-05 | train_loss=0.1521 | val_loss=0.1532 val_auc=0.8126
[full_100pct] Epoch 15/20 | lr=3.00e-05 | train_loss=0.1514 | val_loss=0.1529 val_auc=0.8136
[full_100pct] Epoch 16/20 | lr=3.00e-05 | train_loss=0.1506 | val_loss=0.1530 val_auc=0.8151
[full_100pct] Epoch 17/20 | lr=3.00e-05 | train_loss=0.1500 | val_loss=0.1529 val_auc=0.8158
[full_100pct] Epoch 18/20 | lr=3.00e-05 | train_loss=0.1493 | val_loss=0.1525 val_auc=0.8166
[full_100pct] Epoch 19/20 | lr=3.00e-05 | train_loss=0.1488 | val_loss=0.1523 val_auc=0.8167
[full_100pct] Epoch 20/20 | lr=3.00e-05 | train_loss=0.1482 | val_loss=0.1524 val_auc=0.8166

Full model results:
  Train AUC: 0.8497
  Val AUC:   0.8167
  Test AUC:  0.8086
  Per-class Test AUC:
    Atelectasis: 0.7850
    Cardiomegaly: 0.8808
    Effusion: 0.8624
    Infiltration: 0.7107
    Mass: 0.7781
    Nodule: 0.6999
    Pneumonia: 0.7141
    Pneumothorax: 0.8748
    Consolidation: 0.7880
    Edema: 0.8919
    Emphysema: 0.8882
    Fibrosis: 0.7797
    Pleural_Thickening: 0.7832
    Hernia: 0.8844

============================================================
SECTION 4: OT DATA VALUATION
============================================================
Extracting embeddings...
