Host: se234
Date: Tue Mar 31 15:54:14 PDT 2026
Python: /home/daggarwa/venvs/xray_gpu/bin/python
Python 3.11.6
Tue Mar 31 15:54:15 2026       
+-----------------------------------------------------------------------------------------+
| NVIDIA-SMI 570.211.01             Driver Version: 570.211.01     CUDA Version: 12.8     |
|-----------------------------------------+------------------------+----------------------+
| GPU  Name                 Persistence-M | Bus-Id          Disp.A | Volatile Uncorr. ECC |
| Fan  Temp   Perf          Pwr:Usage/Cap |           Memory-Usage | GPU-Util  Compute M. |
|                                         |                        |               MIG M. |
|=========================================+========================+======================|
|   0  Tesla V100-SXM2-32GB           On  |   00000000:18:00.0 Off |                    0 |
| N/A   55C    P0             85W /  300W |       0MiB /  32768MiB |      0%      Default |
|                                         |                        |                  N/A |
+-----------------------------------------+------------------------+----------------------+
                                                                                         
+-----------------------------------------------------------------------------------------+
| Processes:                                                                              |
|  GPU   GI   CI              PID   Type   Process name                        GPU Memory |
|        ID   ID                                                               Usage      |
|=========================================================================================|
|  No running processes found                                                             |
+-----------------------------------------------------------------------------------------+
RUN_DIR: /scratch/st-rohling-1/2025_capstone/xray_runs/shapley
DATA_ROOT: /arc/project/st-rohling-1/2025_capstone/archive
OUT_DIR: /scratch/st-rohling-1/2025_capstone/xray_runs/shapley/out_9786475
PRETRAINED_PATH: /scratch/st-rohling-1/2025_capstone/xray_runs/run_001/.torch_cache/hub/checkpoints/densenet121-a639ec97.pth
TORCH_HOME: /scratch/st-rohling-1/2025_capstone/xray_runs/shapley/.torch_cache
CPUS: 16
MEM: 32G
TIME: 12:00:00
TORCH_HOME set to: /scratch/st-rohling-1/2025_capstone/xray_runs/shapley/.torch_cache
Using device: cuda
Loaded pretrained weights from: /scratch/st-rohling-1/2025_capstone/xray_runs/run_001/.torch_cache/hub/checkpoints/densenet121-a639ec97.pth
[full_100pct] Epoch 1/30 | lr=1.00e-03 | train_loss=0.6480 train_acc=0.6303 | val_loss=0.6240 val_acc@0.5=0.6646 | val_auc=0.6977 best_thr=0.436 val_acc@thr=0.6575
[full_100pct] Epoch 2/30 | lr=1.00e-03 | train_loss=0.6402 train_acc=0.6405 | val_loss=0.6221 val_acc@0.5=0.6633 | val_auc=0.7005 best_thr=0.433 val_acc@thr=0.6630
[full_100pct] Epoch 3/30 | lr=1.00e-03 | train_loss=0.6411 train_acc=0.6411 | val_loss=0.6260 val_acc@0.5=0.6488 | val_auc=0.6995 best_thr=0.369 val_acc@thr=0.6509
[full_100pct] Epoch 4/30 | lr=1.00e-03 | train_loss=0.6431 train_acc=0.6377 | val_loss=0.6309 val_acc@0.5=0.6424 | val_auc=0.6989 best_thr=0.369 val_acc@thr=0.6663
[full_100pct] Epoch 5/30 | lr=1.00e-03 | train_loss=0.6387 train_acc=0.6432 | val_loss=0.6209 val_acc@0.5=0.6661 | val_auc=0.7022 best_thr=0.431 val_acc@thr=0.6634
[full_100pct] Unfreezing denseblock4 + norm5 at epoch 6
[full_100pct] Epoch 6/30 | lr=1.00e-04 | train_loss=0.6160 train_acc=0.6718 | val_loss=0.5994 val_acc@0.5=0.6837 | val_auc=0.7316 best_thr=0.401 val_acc@thr=0.6812
[full_100pct] Epoch 7/30 | lr=1.00e-04 | train_loss=0.6006 train_acc=0.6829 | val_loss=0.5946 val_acc@0.5=0.6850 | val_auc=0.7362 best_thr=0.362 val_acc@thr=0.6700
[full_100pct] Epoch 8/30 | lr=1.00e-04 | train_loss=0.5912 train_acc=0.6937 | val_loss=0.5960 val_acc@0.5=0.6898 | val_auc=0.7382 best_thr=0.355 val_acc@thr=0.6793
[full_100pct] Epoch 9/30 | lr=1.00e-04 | train_loss=0.5863 train_acc=0.6963 | val_loss=0.5937 val_acc@0.5=0.6922 | val_auc=0.7383 best_thr=0.393 val_acc@thr=0.6857
[full_100pct] Epoch 10/30 | lr=1.00e-04 | train_loss=0.5818 train_acc=0.7001 | val_loss=0.5950 val_acc@0.5=0.6917 | val_auc=0.7378 best_thr=0.508 val_acc@thr=0.6942
[full_100pct] Epoch 11/30 | lr=1.00e-04 | train_loss=0.5769 train_acc=0.7058 | val_loss=0.5990 val_acc@0.5=0.6941 | val_auc=0.7429 best_thr=0.330 val_acc@thr=0.6846
[full_100pct] Epoch 12/30 | lr=1.00e-04 | train_loss=0.5724 train_acc=0.7095 | val_loss=0.5927 val_acc@0.5=0.6938 | val_auc=0.7398 best_thr=0.403 val_acc@thr=0.6876
[full_100pct] Epoch 13/30 | lr=1.00e-04 | train_loss=0.5675 train_acc=0.7118 | val_loss=0.5918 val_acc@0.5=0.6953 | val_auc=0.7423 best_thr=0.406 val_acc@thr=0.6924
[full_100pct] Epoch 14/30 | lr=1.00e-04 | train_loss=0.5639 train_acc=0.7152 | val_loss=0.5950 val_acc@0.5=0.6974 | val_auc=0.7461 best_thr=0.338 val_acc@thr=0.6857
[full_100pct] Epoch 15/30 | lr=1.00e-04 | train_loss=0.5589 train_acc=0.7190 | val_loss=0.6058 val_acc@0.5=0.6956 | val_auc=0.7425 best_thr=0.469 val_acc@thr=0.6953
[full_100pct] Epoch 16/30 | lr=1.00e-04 | train_loss=0.5564 train_acc=0.7203 | val_loss=0.5957 val_acc@0.5=0.6954 | val_auc=0.7398 best_thr=0.421 val_acc@thr=0.6868
[full_100pct] Epoch 17/30 | lr=5.00e-05 | train_loss=0.5513 train_acc=0.7242 | val_loss=0.6034 val_acc@0.5=0.6914 | val_auc=0.7417 best_thr=0.340 val_acc@thr=0.6819
[full_100pct] Epoch 18/30 | lr=5.00e-05 | train_loss=0.5394 train_acc=0.7316 | val_loss=0.6058 val_acc@0.5=0.6937 | val_auc=0.7409 best_thr=0.433 val_acc@thr=0.6877
[full_100pct] Epoch 19/30 | lr=5.00e-05 | train_loss=0.5334 train_acc=0.7350 | val_loss=0.6129 val_acc@0.5=0.6880 | val_auc=0.7380 best_thr=0.471 val_acc@thr=0.6849
[full_100pct] Early stopping: val_auc did not improve for 5 epochs.
Shapley: approximate mode using top M*=2000 nearest train points per val.
Loaded pretrained weights from: /scratch/st-rohling-1/2025_capstone/xray_runs/run_001/.torch_cache/hub/checkpoints/densenet121-a639ec97.pth
[subset_top_95pct] Epoch 1/30 | lr=1.00e-03 | train_loss=0.6226 train_acc=0.6586 | val_loss=0.6330 val_acc@0.5=0.6454 | val_auc=0.6990 best_thr=0.332 val_acc@thr=0.6522
[subset_top_95pct] Epoch 2/30 | lr=1.00e-03 | train_loss=0.6133 train_acc=0.6707 | val_loss=0.6185 val_acc@0.5=0.6633 | val_auc=0.7038 best_thr=0.368 val_acc@thr=0.6468
[subset_top_95pct] Epoch 3/30 | lr=1.00e-03 | train_loss=0.6139 train_acc=0.6691 | val_loss=0.6248 val_acc@0.5=0.6535 | val_auc=0.7019 best_thr=0.331 val_acc@thr=0.6448
[subset_top_95pct] Epoch 4/30 | lr=1.00e-03 | train_loss=0.6130 train_acc=0.6703 | val_loss=0.6331 val_acc@0.5=0.6460 | val_auc=0.7012 best_thr=0.326 val_acc@thr=0.6526
[subset_top_95pct] Epoch 5/30 | lr=5.00e-04 | train_loss=0.6098 train_acc=0.6721 | val_loss=0.6191 val_acc@0.5=0.6690 | val_auc=0.7010 best_thr=0.446 val_acc@thr=0.6654
[subset_top_95pct] Unfreezing denseblock4 + norm5 at epoch 6
[subset_top_95pct] Epoch 6/30 | lr=1.00e-04 | train_loss=0.5731 train_acc=0.7072 | val_loss=0.6104 val_acc@0.5=0.6864 | val_auc=0.7342 best_thr=0.365 val_acc@thr=0.6734
[subset_top_95pct] Epoch 7/30 | lr=1.00e-04 | train_loss=0.5488 train_acc=0.7233 | val_loss=0.6189 val_acc@0.5=0.6883 | val_auc=0.7386 best_thr=0.349 val_acc@thr=0.6788
[subset_top_95pct] Epoch 8/30 | lr=1.00e-04 | train_loss=0.5395 train_acc=0.7305 | val_loss=0.6124 val_acc@0.5=0.6912 | val_auc=0.7412 best_thr=0.382 val_acc@thr=0.6890
[subset_top_95pct] Epoch 9/30 | lr=1.00e-04 | train_loss=0.5315 train_acc=0.7348 | val_loss=0.6053 val_acc@0.5=0.6966 | val_auc=0.7429 best_thr=0.408 val_acc@thr=0.6899
[subset_top_95pct] Epoch 10/30 | lr=1.00e-04 | train_loss=0.5240 train_acc=0.7392 | val_loss=0.6032 val_acc@0.5=0.6928 | val_auc=0.7418 best_thr=0.413 val_acc@thr=0.6867
[subset_top_95pct] Epoch 11/30 | lr=1.00e-04 | train_loss=0.5191 train_acc=0.7429 | val_loss=0.6024 val_acc@0.5=0.6946 | val_auc=0.7462 best_thr=0.378 val_acc@thr=0.6846
[subset_top_95pct] Epoch 12/30 | lr=1.00e-04 | train_loss=0.5155 train_acc=0.7460 | val_loss=0.6128 val_acc@0.5=0.6973 | val_auc=0.7459 best_thr=0.401 val_acc@thr=0.6905
[subset_top_95pct] Epoch 13/30 | lr=1.00e-04 | train_loss=0.5068 train_acc=0.7504 | val_loss=0.6382 val_acc@0.5=0.6935 | val_auc=0.7437 best_thr=0.381 val_acc@thr=0.6865
[subset_top_95pct] Epoch 14/30 | lr=1.00e-04 | train_loss=0.5026 train_acc=0.7546 | val_loss=0.6098 val_acc@0.5=0.6968 | val_auc=0.7476 best_thr=0.395 val_acc@thr=0.6897
[subset_top_95pct] Epoch 15/30 | lr=1.00e-04 | train_loss=0.5001 train_acc=0.7558 | val_loss=0.6081 val_acc@0.5=0.6986 | val_auc=0.7489 best_thr=0.346 val_acc@thr=0.6817
[subset_top_95pct] Epoch 16/30 | lr=1.00e-04 | train_loss=0.4930 train_acc=0.7587 | val_loss=0.6299 val_acc@0.5=0.6912 | val_auc=0.7441 best_thr=0.323 val_acc@thr=0.6798
[subset_top_95pct] Epoch 17/30 | lr=1.00e-04 | train_loss=0.4898 train_acc=0.7621 | val_loss=0.6352 val_acc@0.5=0.6913 | val_auc=0.7476 best_thr=0.411 val_acc@thr=0.6812
[subset_top_95pct] Epoch 18/30 | lr=5.00e-05 | train_loss=0.4855 train_acc=0.7631 | val_loss=0.6308 val_acc@0.5=0.6960 | val_auc=0.7478 best_thr=0.325 val_acc@thr=0.6805
[subset_top_95pct] Epoch 19/30 | lr=5.00e-05 | train_loss=0.4726 train_acc=0.7720 | val_loss=0.6349 val_acc@0.5=0.6952 | val_auc=0.7437 best_thr=0.404 val_acc@thr=0.6864
[subset_top_95pct] Epoch 20/30 | lr=5.00e-05 | train_loss=0.4646 train_acc=0.7756 | val_loss=0.6406 val_acc@0.5=0.6854 | val_auc=0.7401 best_thr=0.460 val_acc@thr=0.6884
[subset_top_95pct] Early stopping: val_auc did not improve for 5 epochs.
Loaded pretrained weights from: /scratch/st-rohling-1/2025_capstone/xray_runs/run_001/.torch_cache/hub/checkpoints/densenet121-a639ec97.pth
[subset_top_90pct] Epoch 1/30 | lr=1.00e-03 | train_loss=0.5921 train_acc=0.6878 | val_loss=0.6209 val_acc@0.5=0.6672 | val_auc=0.7011 best_thr=0.439 val_acc@thr=0.6691
[subset_top_90pct] Epoch 2/30 | lr=1.00e-03 | train_loss=0.5796 train_acc=0.6998 | val_loss=0.6428 val_acc@0.5=0.6436 | val_auc=0.7042 best_thr=0.560 val_acc@thr=0.6648
[subset_top_90pct] Epoch 3/30 | lr=1.00e-03 | train_loss=0.5810 train_acc=0.6983 | val_loss=0.6224 val_acc@0.5=0.6718 | val_auc=0.7026 best_thr=0.389 val_acc@thr=0.6616
[subset_top_90pct] Epoch 4/30 | lr=1.00e-03 | train_loss=0.5800 train_acc=0.6993 | val_loss=0.6259 val_acc@0.5=0.6623 | val_auc=0.7032 best_thr=0.375 val_acc@thr=0.6629
[subset_top_90pct] Epoch 5/30 | lr=5.00e-04 | train_loss=0.5781 train_acc=0.7016 | val_loss=0.6409 val_acc@0.5=0.6559 | val_auc=0.7005 best_thr=0.321 val_acc@thr=0.6585
[subset_top_90pct] Unfreezing denseblock4 + norm5 at epoch 6
[subset_top_90pct] Epoch 6/30 | lr=1.00e-04 | train_loss=0.5292 train_acc=0.7407 | val_loss=0.6435 val_acc@0.5=0.6868 | val_auc=0.7358 best_thr=0.526 val_acc@thr=0.6922
[subset_top_90pct] Epoch 7/30 | lr=1.00e-04 | train_loss=0.4997 train_acc=0.7582 | val_loss=0.6634 val_acc@0.5=0.6905 | val_auc=0.7374 best_thr=0.392 val_acc@thr=0.6890
[subset_top_90pct] Epoch 8/30 | lr=1.00e-04 | train_loss=0.4864 train_acc=0.7652 | val_loss=0.6770 val_acc@0.5=0.6930 | val_auc=0.7437 best_thr=0.303 val_acc@thr=0.6896
[subset_top_90pct] Epoch 9/30 | lr=1.00e-04 | train_loss=0.4758 train_acc=0.7704 | val_loss=0.6480 val_acc@0.5=0.6929 | val_auc=0.7453 best_thr=0.413 val_acc@thr=0.6913
[subset_top_90pct] Epoch 10/30 | lr=1.00e-04 | train_loss=0.4678 train_acc=0.7756 | val_loss=0.6547 val_acc@0.5=0.6950 | val_auc=0.7483 best_thr=0.261 val_acc@thr=0.6834
[subset_top_90pct] Epoch 11/30 | lr=1.00e-04 | train_loss=0.4615 train_acc=0.7799 | val_loss=0.6424 val_acc@0.5=0.6966 | val_auc=0.7511 best_thr=0.304 val_acc@thr=0.6923
[subset_top_90pct] Epoch 12/30 | lr=1.00e-04 | train_loss=0.4568 train_acc=0.7837 | val_loss=0.6472 val_acc@0.5=0.6995 | val_auc=0.7504 best_thr=0.388 val_acc@thr=0.6894
[subset_top_90pct] Epoch 13/30 | lr=1.00e-04 | train_loss=0.4505 train_acc=0.7867 | val_loss=0.6473 val_acc@0.5=0.7017 | val_auc=0.7504 best_thr=0.314 val_acc@thr=0.6915
[subset_top_90pct] Epoch 14/30 | lr=5.00e-05 | train_loss=0.4438 train_acc=0.7903 | val_loss=0.6491 val_acc@0.5=0.7033 | val_auc=0.7504 best_thr=0.405 val_acc@thr=0.6978
[subset_top_90pct] Epoch 15/30 | lr=5.00e-05 | train_loss=0.4315 train_acc=0.7970 | val_loss=0.6678 val_acc@0.5=0.7025 | val_auc=0.7535 best_thr=0.466 val_acc@thr=0.7018
[subset_top_90pct] Epoch 16/30 | lr=5.00e-05 | train_loss=0.4255 train_acc=0.7996 | val_loss=0.6963 val_acc@0.5=0.7016 | val_auc=0.7526 best_thr=0.292 val_acc@thr=0.6913
[subset_top_90pct] Epoch 17/30 | lr=5.00e-05 | train_loss=0.4200 train_acc=0.8029 | val_loss=0.6879 val_acc@0.5=0.7012 | val_auc=0.7526 best_thr=0.349 val_acc@thr=0.6982
[subset_top_90pct] Epoch 18/30 | lr=2.50e-05 | train_loss=0.4171 train_acc=0.8054 | val_loss=0.6990 val_acc@0.5=0.7012 | val_auc=0.7500 best_thr=0.411 val_acc@thr=0.6994
[subset_top_90pct] Epoch 19/30 | lr=2.50e-05 | train_loss=0.4090 train_acc=0.8073 | val_loss=0.6933 val_acc@0.5=0.6981 | val_auc=0.7517 best_thr=0.376 val_acc@thr=0.6954
[subset_top_90pct] Epoch 20/30 | lr=2.50e-05 | train_loss=0.4043 train_acc=0.8136 | val_loss=0.6875 val_acc@0.5=0.6988 | val_auc=0.7492 best_thr=0.316 val_acc@thr=0.6840
[subset_top_90pct] Early stopping: val_auc did not improve for 5 epochs.
Loaded pretrained weights from: /scratch/st-rohling-1/2025_capstone/xray_runs/run_001/.torch_cache/hub/checkpoints/densenet121-a639ec97.pth
[subset_top_85pct] Epoch 1/30 | lr=1.00e-03 | train_loss=0.5617 train_acc=0.7129 | val_loss=0.6260 val_acc@0.5=0.6709 | val_auc=0.6994 best_thr=0.427 val_acc@thr=0.6608
[subset_top_85pct] Epoch 2/30 | lr=1.00e-03 | train_loss=0.5493 train_acc=0.7247 | val_loss=0.6262 val_acc@0.5=0.6657 | val_auc=0.7012 best_thr=0.447 val_acc@thr=0.6580
[subset_top_85pct] Epoch 3/30 | lr=1.00e-03 | train_loss=0.5476 train_acc=0.7241 | val_loss=0.6407 val_acc@0.5=0.6623 | val_auc=0.7032 best_thr=0.312 val_acc@thr=0.6582
[subset_top_85pct] Epoch 4/30 | lr=1.00e-03 | train_loss=0.5463 train_acc=0.7285 | val_loss=0.6302 val_acc@0.5=0.6696 | val_auc=0.7001 best_thr=0.438 val_acc@thr=0.6682
[subset_top_85pct] Epoch 5/30 | lr=1.00e-03 | train_loss=0.5450 train_acc=0.7289 | val_loss=0.6432 val_acc@0.5=0.6616 | val_auc=0.7018 best_thr=0.383 val_acc@thr=0.6711
[subset_top_85pct] Unfreezing denseblock4 + norm5 at epoch 6
[subset_top_85pct] Epoch 6/30 | lr=1.00e-04 | train_loss=0.4802 train_acc=0.7725 | val_loss=0.6679 val_acc@0.5=0.6872 | val_auc=0.7345 best_thr=0.447 val_acc@thr=0.6850
[subset_top_85pct] Epoch 7/30 | lr=1.00e-04 | train_loss=0.4461 train_acc=0.7930 | val_loss=0.6902 val_acc@0.5=0.6950 | val_auc=0.7415 best_thr=0.335 val_acc@thr=0.6837
[subset_top_85pct] Epoch 8/30 | lr=1.00e-04 | train_loss=0.4333 train_acc=0.7996 | val_loss=0.6793 val_acc@0.5=0.6973 | val_auc=0.7456 best_thr=0.377 val_acc@thr=0.6964
[subset_top_85pct] Epoch 9/30 | lr=1.00e-04 | train_loss=0.4235 train_acc=0.8041 | val_loss=0.7412 val_acc@0.5=0.6956 | val_auc=0.7457 best_thr=0.221 val_acc@thr=0.6900
[subset_top_85pct] Epoch 10/30 | lr=1.00e-04 | train_loss=0.4162 train_acc=0.8092 | val_loss=0.7231 val_acc@0.5=0.6973 | val_auc=0.7472 best_thr=0.263 val_acc@thr=0.6906
[subset_top_85pct] Epoch 11/30 | lr=1.00e-04 | train_loss=0.4056 train_acc=0.8150 | val_loss=0.6735 val_acc@0.5=0.7028 | val_auc=0.7518 best_thr=0.376 val_acc@thr=0.6995
[subset_top_85pct] Epoch 12/30 | lr=1.00e-04 | train_loss=0.3970 train_acc=0.8194 | val_loss=0.6778 val_acc@0.5=0.7001 | val_auc=0.7502 best_thr=0.374 val_acc@thr=0.7033
[subset_top_85pct] Epoch 13/30 | lr=1.00e-04 | train_loss=0.3936 train_acc=0.8208 | val_loss=0.7356 val_acc@0.5=0.7003 | val_auc=0.7500 best_thr=0.284 val_acc@thr=0.6985
[subset_top_85pct] Epoch 14/30 | lr=1.00e-04 | train_loss=0.3869 train_acc=0.8229 | val_loss=0.7293 val_acc@0.5=0.6989 | val_auc=0.7536 best_thr=0.316 val_acc@thr=0.7062
[subset_top_85pct] Epoch 15/30 | lr=1.00e-04 | train_loss=0.3826 train_acc=0.8259 | val_loss=0.6840 val_acc@0.5=0.7060 | val_auc=0.7516 best_thr=0.319 val_acc@thr=0.6987
[subset_top_85pct] Epoch 16/30 | lr=1.00e-04 | train_loss=0.3759 train_acc=0.8281 | val_loss=0.7553 val_acc@0.5=0.7050 | val_auc=0.7542 best_thr=0.283 val_acc@thr=0.7015
[subset_top_85pct] Epoch 17/30 | lr=1.00e-04 | train_loss=0.3720 train_acc=0.8322 | val_loss=0.7234 val_acc@0.5=0.7043 | val_auc=0.7541 best_thr=0.352 val_acc@thr=0.6942
[subset_top_85pct] Epoch 18/30 | lr=1.00e-04 | train_loss=0.3664 train_acc=0.8326 | val_loss=0.7377 val_acc@0.5=0.7079 | val_auc=0.7533 best_thr=0.335 val_acc@thr=0.7039
[subset_top_85pct] Epoch 19/30 | lr=1.00e-04 | train_loss=0.3618 train_acc=0.8387 | val_loss=0.7681 val_acc@0.5=0.7052 | val_auc=0.7545 best_thr=0.247 val_acc@thr=0.6981
[subset_top_85pct] Epoch 20/30 | lr=1.00e-04 | train_loss=0.3515 train_acc=0.8406 | val_loss=0.7981 val_acc@0.5=0.7060 | val_auc=0.7544 best_thr=0.450 val_acc@thr=0.7043
[subset_top_85pct] Epoch 21/30 | lr=1.00e-04 | train_loss=0.3481 train_acc=0.8454 | val_loss=0.7750 val_acc@0.5=0.7046 | val_auc=0.7516 best_thr=0.395 val_acc@thr=0.6990
[subset_top_85pct] Epoch 22/30 | lr=5.00e-05 | train_loss=0.3454 train_acc=0.8445 | val_loss=0.7815 val_acc@0.5=0.7016 | val_auc=0.7524 best_thr=0.394 val_acc@thr=0.6980
[subset_top_85pct] Epoch 23/30 | lr=5.00e-05 | train_loss=0.3302 train_acc=0.8523 | val_loss=0.8246 val_acc@0.5=0.7094 | val_auc=0.7554 best_thr=0.317 val_acc@thr=0.7040
[subset_top_85pct] Epoch 24/30 | lr=5.00e-05 | train_loss=0.3253 train_acc=0.8541 | val_loss=0.7991 val_acc@0.5=0.7070 | val_auc=0.7554 best_thr=0.383 val_acc@thr=0.7047
[subset_top_85pct] Epoch 25/30 | lr=5.00e-05 | train_loss=0.3187 train_acc=0.8586 | val_loss=0.8629 val_acc@0.5=0.7069 | val_auc=0.7551 best_thr=0.262 val_acc@thr=0.7004
[subset_top_85pct] Epoch 26/30 | lr=5.00e-05 | train_loss=0.3140 train_acc=0.8619 | val_loss=0.8578 val_acc@0.5=0.7093 | val_auc=0.7562 best_thr=0.371 val_acc@thr=0.7089
[subset_top_85pct] Epoch 27/30 | lr=5.00e-05 | train_loss=0.3110 train_acc=0.8635 | val_loss=0.8404 val_acc@0.5=0.7052 | val_auc=0.7526 best_thr=0.363 val_acc@thr=0.6964
[subset_top_85pct] Epoch 28/30 | lr=5.00e-05 | train_loss=0.3035 train_acc=0.8669 | val_loss=0.8579 val_acc@0.5=0.7048 | val_auc=0.7529 best_thr=0.349 val_acc@thr=0.7052
[subset_top_85pct] Epoch 29/30 | lr=2.50e-05 | train_loss=0.3001 train_acc=0.8676 | val_loss=0.8691 val_acc@0.5=0.7075 | val_auc=0.7531 best_thr=0.338 val_acc@thr=0.6986
[subset_top_85pct] Epoch 30/30 | lr=2.50e-05 | train_loss=0.2919 train_acc=0.8724 | val_loss=0.8705 val_acc@0.5=0.7074 | val_auc=0.7534 best_thr=0.345 val_acc@thr=0.6978
Loaded pretrained weights from: /scratch/st-rohling-1/2025_capstone/xray_runs/run_001/.torch_cache/hub/checkpoints/densenet121-a639ec97.pth
[subset_top_80pct] Epoch 1/30 | lr=1.00e-03 | train_loss=0.5340 train_acc=0.7355 | val_loss=0.6375 val_acc@0.5=0.6676 | val_auc=0.7003 best_thr=0.362 val_acc@thr=0.6577
[subset_top_80pct] Epoch 2/30 | lr=1.00e-03 | train_loss=0.5155 train_acc=0.7501 | val_loss=0.6402 val_acc@0.5=0.6646 | val_auc=0.7011 best_thr=0.453 val_acc@thr=0.6590
[subset_top_80pct] Epoch 3/30 | lr=1.00e-03 | train_loss=0.5148 train_acc=0.7487 | val_loss=0.6702 val_acc@0.5=0.6556 | val_auc=0.6987 best_thr=0.337 val_acc@thr=0.6690
[subset_top_80pct] Epoch 4/30 | lr=1.00e-03 | train_loss=0.5120 train_acc=0.7501 | val_loss=0.6393 val_acc@0.5=0.6730 | val_auc=0.6999 best_thr=0.440 val_acc@thr=0.6641
[subset_top_80pct] Epoch 5/30 | lr=1.00e-03 | train_loss=0.5168 train_acc=0.7480 | val_loss=0.6370 val_acc@0.5=0.6687 | val_auc=0.7029 best_thr=0.392 val_acc@thr=0.6661
[subset_top_80pct] Unfreezing denseblock4 + norm5 at epoch 6
[subset_top_80pct] Epoch 6/30 | lr=1.00e-04 | train_loss=0.4305 train_acc=0.8033 | val_loss=0.7611 val_acc@0.5=0.6905 | val_auc=0.7352 best_thr=0.246 val_acc@thr=0.6753
[subset_top_80pct] Epoch 7/30 | lr=1.00e-04 | train_loss=0.3961 train_acc=0.8237 | val_loss=0.7376 val_acc@0.5=0.6958 | val_auc=0.7419 best_thr=0.289 val_acc@thr=0.6857
[subset_top_80pct] Epoch 8/30 | lr=1.00e-04 | train_loss=0.3759 train_acc=0.8330 | val_loss=0.7495 val_acc@0.5=0.7013 | val_auc=0.7451 best_thr=0.303 val_acc@thr=0.6872
[subset_top_80pct] Epoch 9/30 | lr=1.00e-04 | train_loss=0.3654 train_acc=0.8385 | val_loss=0.7253 val_acc@0.5=0.7012 | val_auc=0.7492 best_thr=0.420 val_acc@thr=0.7035
[subset_top_80pct] Epoch 10/30 | lr=1.00e-04 | train_loss=0.3560 train_acc=0.8441 | val_loss=0.7248 val_acc@0.5=0.7018 | val_auc=0.7502 best_thr=0.383 val_acc@thr=0.7008
[subset_top_80pct] Epoch 11/30 | lr=1.00e-04 | train_loss=0.3483 train_acc=0.8477 | val_loss=0.8208 val_acc@0.5=0.7008 | val_auc=0.7463 best_thr=0.291 val_acc@thr=0.6939
[subset_top_80pct] Epoch 12/30 | lr=1.00e-04 | train_loss=0.3391 train_acc=0.8511 | val_loss=0.7582 val_acc@0.5=0.7063 | val_auc=0.7527 best_thr=0.315 val_acc@thr=0.6966
[subset_top_80pct] Epoch 13/30 | lr=1.00e-04 | train_loss=0.3349 train_acc=0.8518 | val_loss=0.7937 val_acc@0.5=0.7094 | val_auc=0.7549 best_thr=0.289 val_acc@thr=0.7034
[subset_top_80pct] Epoch 14/30 | lr=1.00e-04 | train_loss=0.3262 train_acc=0.8578 | val_loss=0.7652 val_acc@0.5=0.7091 | val_auc=0.7567 best_thr=0.311 val_acc@thr=0.7035
[subset_top_80pct] Epoch 15/30 | lr=1.00e-04 | train_loss=0.3226 train_acc=0.8594 | val_loss=0.7932 val_acc@0.5=0.7068 | val_auc=0.7579 best_thr=0.235 val_acc@thr=0.7053
[subset_top_80pct] Epoch 16/30 | lr=1.00e-04 | train_loss=0.3175 train_acc=0.8609 | val_loss=0.7646 val_acc@0.5=0.7067 | val_auc=0.7568 best_thr=0.444 val_acc@thr=0.7064
[subset_top_80pct] Epoch 17/30 | lr=1.00e-04 | train_loss=0.3135 train_acc=0.8649 | val_loss=0.8073 val_acc@0.5=0.7122 | val_auc=0.7590 best_thr=0.300 val_acc@thr=0.7062
[subset_top_80pct] Epoch 18/30 | lr=1.00e-04 | train_loss=0.3045 train_acc=0.8681 | val_loss=0.8429 val_acc@0.5=0.7109 | val_auc=0.7586 best_thr=0.387 val_acc@thr=0.7093
[subset_top_80pct] Epoch 19/30 | lr=1.00e-04 | train_loss=0.3011 train_acc=0.8702 | val_loss=0.8090 val_acc@0.5=0.7120 | val_auc=0.7600 best_thr=0.345 val_acc@thr=0.7080
[subset_top_80pct] Epoch 20/30 | lr=1.00e-04 | train_loss=0.2968 train_acc=0.8712 | val_loss=0.8346 val_acc@0.5=0.7122 | val_auc=0.7598 best_thr=0.295 val_acc@thr=0.7034
[subset_top_80pct] Epoch 21/30 | lr=1.00e-04 | train_loss=0.2931 train_acc=0.8721 | val_loss=0.8682 val_acc@0.5=0.7090 | val_auc=0.7579 best_thr=0.388 val_acc@thr=0.7070
[subset_top_80pct] Epoch 22/30 | lr=1.00e-04 | train_loss=0.2866 train_acc=0.8760 | val_loss=0.8443 val_acc@0.5=0.7117 | val_auc=0.7608 best_thr=0.353 val_acc@thr=0.7070
[subset_top_80pct] Epoch 23/30 | lr=1.00e-04 | train_loss=0.2806 train_acc=0.8793 | val_loss=0.9203 val_acc@0.5=0.7130 | val_auc=0.7607 best_thr=0.393 val_acc@thr=0.7122
[subset_top_80pct] Epoch 24/30 | lr=1.00e-04 | train_loss=0.2755 train_acc=0.8809 | val_loss=0.8480 val_acc@0.5=0.7114 | val_auc=0.7586 best_thr=0.322 val_acc@thr=0.7056
[subset_top_80pct] Epoch 25/30 | lr=1.00e-04 | train_loss=0.2711 train_acc=0.8815 | val_loss=0.9304 val_acc@0.5=0.7187 | val_auc=0.7626 best_thr=0.339 val_acc@thr=0.7141
[subset_top_80pct] Epoch 26/30 | lr=1.00e-04 | train_loss=0.2668 train_acc=0.8850 | val_loss=0.9380 val_acc@0.5=0.7129 | val_auc=0.7587 best_thr=0.289 val_acc@thr=0.7109
[subset_top_80pct] Epoch 27/30 | lr=1.00e-04 | train_loss=0.2625 train_acc=0.8873 | val_loss=0.9097 val_acc@0.5=0.7142 | val_auc=0.7600 best_thr=0.310 val_acc@thr=0.7041
[subset_top_80pct] Epoch 28/30 | lr=5.00e-05 | train_loss=0.2582 train_acc=0.8897 | val_loss=0.8989 val_acc@0.5=0.7084 | val_auc=0.7566 best_thr=0.327 val_acc@thr=0.7065
[subset_top_80pct] Epoch 29/30 | lr=5.00e-05 | train_loss=0.2427 train_acc=0.8963 | val_loss=1.0285 val_acc@0.5=0.7156 | val_auc=0.7613 best_thr=0.320 val_acc@thr=0.7143
[subset_top_80pct] Epoch 30/30 | lr=5.00e-05 | train_loss=0.2354 train_acc=0.8989 | val_loss=0.9951 val_acc@0.5=0.7105 | val_auc=0.7581 best_thr=0.212 val_acc@thr=0.7000
[subset_top_80pct] Early stopping: val_auc did not improve for 5 epochs.
Loaded pretrained weights from: /scratch/st-rohling-1/2025_capstone/xray_runs/run_001/.torch_cache/hub/checkpoints/densenet121-a639ec97.pth
[subset_top_75pct] Epoch 1/30 | lr=1.00e-03 | train_loss=0.5072 train_acc=0.7523 | val_loss=0.6420 val_acc@0.5=0.6681 | val_auc=0.6993 best_thr=0.448 val_acc@thr=0.6635
[subset_top_75pct] Epoch 2/30 | lr=1.00e-03 | train_loss=0.4895 train_acc=0.7666 | val_loss=0.6442 val_acc@0.5=0.6631 | val_auc=0.7011 best_thr=0.451 val_acc@thr=0.6581
[subset_top_75pct] Epoch 3/30 | lr=1.00e-03 | train_loss=0.4869 train_acc=0.7684 | val_loss=0.6529 val_acc@0.5=0.6726 | val_auc=0.7019 best_thr=0.343 val_acc@thr=0.6590
[subset_top_75pct] Epoch 4/30 | lr=1.00e-03 | train_loss=0.4866 train_acc=0.7681 | val_loss=0.6627 val_acc@0.5=0.6692 | val_auc=0.7020 best_thr=0.375 val_acc@thr=0.6674
[subset_top_75pct] Epoch 5/30 | lr=1.00e-03 | train_loss=0.4876 train_acc=0.7703 | val_loss=0.6512 val_acc@0.5=0.6711 | val_auc=0.7020 best_thr=0.460 val_acc@thr=0.6737
[subset_top_75pct] Unfreezing denseblock4 + norm5 at epoch 6
[subset_top_75pct] Epoch 6/30 | lr=1.00e-04 | train_loss=0.3974 train_acc=0.8271 | val_loss=0.8038 val_acc@0.5=0.6928 | val_auc=0.7355 best_thr=0.310 val_acc@thr=0.6897
[subset_top_75pct] Epoch 7/30 | lr=1.00e-04 | train_loss=0.3537 train_acc=0.8462 | val_loss=0.8689 val_acc@0.5=0.6951 | val_auc=0.7427 best_thr=0.213 val_acc@thr=0.6927
[subset_top_75pct] Epoch 8/30 | lr=1.00e-04 | train_loss=0.3381 train_acc=0.8544 | val_loss=0.7935 val_acc@0.5=0.6993 | val_auc=0.7467 best_thr=0.288 val_acc@thr=0.6885
[subset_top_75pct] Epoch 9/30 | lr=1.00e-04 | train_loss=0.3229 train_acc=0.8605 | val_loss=0.8621 val_acc@0.5=0.7028 | val_auc=0.7492 best_thr=0.232 val_acc@thr=0.7000
[subset_top_75pct] Epoch 10/30 | lr=1.00e-04 | train_loss=0.3152 train_acc=0.8662 | val_loss=0.9041 val_acc@0.5=0.7018 | val_auc=0.7471 best_thr=0.233 val_acc@thr=0.6989
[subset_top_75pct] Epoch 11/30 | lr=1.00e-04 | train_loss=0.3056 train_acc=0.8703 | val_loss=0.8147 val_acc@0.5=0.7043 | val_auc=0.7516 best_thr=0.293 val_acc@thr=0.7041
[subset_top_75pct] Epoch 12/30 | lr=1.00e-04 | train_loss=0.2984 train_acc=0.8736 | val_loss=0.9048 val_acc@0.5=0.7060 | val_auc=0.7538 best_thr=0.225 val_acc@thr=0.6987
[subset_top_75pct] Epoch 13/30 | lr=1.00e-04 | train_loss=0.2922 train_acc=0.8768 | val_loss=0.7966 val_acc@0.5=0.7057 | val_auc=0.7546 best_thr=0.283 val_acc@thr=0.6995
[subset_top_75pct] Epoch 14/30 | lr=1.00e-04 | train_loss=0.2868 train_acc=0.8779 | val_loss=0.7880 val_acc@0.5=0.7057 | val_auc=0.7570 best_thr=0.293 val_acc@thr=0.7042
[subset_top_75pct] Epoch 15/30 | lr=1.00e-04 | train_loss=0.2812 train_acc=0.8814 | val_loss=0.8738 val_acc@0.5=0.7072 | val_auc=0.7551 best_thr=0.238 val_acc@thr=0.7002
[subset_top_75pct] Epoch 16/30 | lr=1.00e-04 | train_loss=0.2768 train_acc=0.8838 | val_loss=0.8732 val_acc@0.5=0.7116 | val_auc=0.7570 best_thr=0.318 val_acc@thr=0.7050
[subset_top_75pct] Epoch 17/30 | lr=5.00e-05 | train_loss=0.2709 train_acc=0.8851 | val_loss=0.9211 val_acc@0.5=0.7079 | val_auc=0.7543 best_thr=0.248 val_acc@thr=0.7015
[subset_top_75pct] Epoch 18/30 | lr=5.00e-05 | train_loss=0.2539 train_acc=0.8923 | val_loss=0.9208 val_acc@0.5=0.7078 | val_auc=0.7571 best_thr=0.269 val_acc@thr=0.7087
[subset_top_75pct] Epoch 19/30 | lr=5.00e-05 | train_loss=0.2520 train_acc=0.8933 | val_loss=0.9071 val_acc@0.5=0.7106 | val_auc=0.7596 best_thr=0.269 val_acc@thr=0.7046
[subset_top_75pct] Epoch 20/30 | lr=5.00e-05 | train_loss=0.2463 train_acc=0.8950 | val_loss=0.9591 val_acc@0.5=0.7139 | val_auc=0.7606 best_thr=0.259 val_acc@thr=0.7054
[subset_top_75pct] Epoch 21/30 | lr=5.00e-05 | train_loss=0.2407 train_acc=0.8974 | val_loss=0.9224 val_acc@0.5=0.7121 | val_auc=0.7613 best_thr=0.309 val_acc@thr=0.7050
[subset_top_75pct] Epoch 22/30 | lr=5.00e-05 | train_loss=0.2397 train_acc=0.9003 | val_loss=1.0402 val_acc@0.5=0.7112 | val_auc=0.7591 best_thr=0.229 val_acc@thr=0.7069
[subset_top_75pct] Epoch 23/30 | lr=5.00e-05 | train_loss=0.2342 train_acc=0.9023 | val_loss=1.0145 val_acc@0.5=0.7110 | val_auc=0.7619 best_thr=0.238 val_acc@thr=0.7122
[subset_top_75pct] Epoch 24/30 | lr=5.00e-05 | train_loss=0.2305 train_acc=0.9023 | val_loss=1.0379 val_acc@0.5=0.7115 | val_auc=0.7613 best_thr=0.237 val_acc@thr=0.7110
[subset_top_75pct] Epoch 25/30 | lr=5.00e-05 | train_loss=0.2289 train_acc=0.9035 | val_loss=1.0427 val_acc@0.5=0.7135 | val_auc=0.7599 best_thr=0.195 val_acc@thr=0.7086
[subset_top_75pct] Epoch 26/30 | lr=2.50e-05 | train_loss=0.2226 train_acc=0.9067 | val_loss=1.0438 val_acc@0.5=0.7144 | val_auc=0.7614 best_thr=0.229 val_acc@thr=0.7117
[subset_top_75pct] Epoch 27/30 | lr=2.50e-05 | train_loss=0.2143 train_acc=0.9110 | val_loss=1.0350 val_acc@0.5=0.7183 | val_auc=0.7639 best_thr=0.276 val_acc@thr=0.7123
[subset_top_75pct] Epoch 28/30 | lr=2.50e-05 | train_loss=0.2124 train_acc=0.9110 | val_loss=1.0589 val_acc@0.5=0.7163 | val_auc=0.7633 best_thr=0.348 val_acc@thr=0.7181
[subset_top_75pct] Epoch 29/30 | lr=2.50e-05 | train_loss=0.2100 train_acc=0.9123 | val_loss=1.0917 val_acc@0.5=0.7158 | val_auc=0.7630 best_thr=0.313 val_acc@thr=0.7139
[subset_top_75pct] Epoch 30/30 | lr=1.25e-05 | train_loss=0.2060 train_acc=0.9144 | val_loss=1.0710 val_acc@0.5=0.7161 | val_auc=0.7631 best_thr=0.280 val_acc@thr=0.7157

=== DONE ===
Saved outputs to: /scratch/st-rohling-1/2025_capstone/xray_runs/shapley/out_9786475
Report: /scratch/st-rohling-1/2025_capstone/xray_runs/shapley/out_9786475/final_report.txt
Finished at: Tue Mar 31 21:49:25 PDT 2026
